<html>
<body>
<pre>
<h1>µVision Build Log</h1>
<h2>Tool Versions:</h2>
IDE-Version: ¦ÌVision V5.36.0.0
Copyright (C) 2021 ARM Ltd and ARM Germany GmbH. All rights reserved.
License Information: sad df, asd, LIC=SDA0P-MDAG8-NNQAF-6LRXR-J0CQK-UUNBR
 
Tool Versions:
Toolchain:       MDK-ARM Plus  Version: 5.36.0.0
Toolchain Path:  D:\SoftWare\Keil\ARM\ARMCC\Bin
C Compiler:      Armcc.exe V5.06 update 7 (build 960)
Assembler:       Armasm.exe V5.06 update 7 (build 960)
Linker/Locator:  ArmLink.exe V5.06 update 7 (build 960)
Library Manager: ArmAr.exe V5.06 update 7 (build 960)
Hex Converter:   FromElf.exe V5.06 update 7 (build 960)
CPU DLL:         SARMCM3.DLL V5.36.0.0
Dialog DLL:      DARMCM1.DLL V1.19.4.0
Target DLL:      STLink\ST-LINKIII-KEIL_SWO.dll V3.0.9.0
Dialog DLL:      TARMCM1.DLL V1.14.4.0
 
<h2>Project:</h2>
D:\STM32_CODE\slk-freertos\MDK-ARM\SLK-FreeRTOS.uvprojx
Project File Date:  01/23/2024

<h2>Output:</h2>
*** Using Compiler 'V5.06 update 7 (build 960)', folder: 'D:\SoftWare\Keil\ARM\ARMCC\Bin'
Build target 'SLK-FreeRTOS'
compiling Screen.c...
../Hardware/Inc/Screen.h(64): warning:  #1-D: last line of file ends without a newline
  #endif // ç»“æŸ #ifndef å?
../Hardware/Inc/Screen.h(64): warning:  #1-D: last line of file ends without a newline
  #endif // ç»“æŸ #ifndef å?
..\Hardware\Src\Screen.c(38): warning:  #177-D: variable "control_type"  was declared but never referenced
  	uint8_t control_type = msg->control_type; // æŒ‡ä»¤ç±»åž‹
..\Hardware\Src\Screen.c(237): warning:  #175-D: subscript out of range
  	SendBuff[12] = 0xFF;
..\Hardware\Src\Screen.c(264): warning:  #175-D: subscript out of range
  	SendBuff[12] = 0xFF;
..\Hardware\Src\Screen.c(265): warning:  #175-D: subscript out of range
  	SendBuff[13] = 0xFF;
..\Hardware\Src\Screen.c: 6 warnings, 0 errors
linking...
Program Size: Code=32984 RO-data=692 RW-data=260 ZI-data=9060  
FromELF: creating hex file...
"SLK-FreeRTOS\SLK-FreeRTOS.axf" - 0 Error(s), 6 Warning(s).

<h2>Software Packages used:</h2>

Package Vendor: ARM
                http://www.keil.com/pack/ARM.CMSIS.5.8.0.pack
                ARM.CMSIS.5.8.0
                CMSIS (Common Microcontroller Software Interface Standard)
   * Component: CORE Version: 5.5.0

Package Vendor: Keil
                http://www.keil.com/pack/Keil.STM32G0xx_DFP.1.4.0.pack
                Keil.STM32G0xx_DFP.1.4.0
                STMicroelectronics STM32G0 Series Device Support

<h2>Collection of Component include folders:</h2>
  .\RTE\_SLK-FreeRTOS
  D:\SoftWare\Keil\Packs\ARM\CMSIS\5.8.0\CMSIS\Core\Include
  D:\SoftWare\Keil\Packs\Keil\STM32G0xx_DFP\1.4.0\Drivers\CMSIS\Device\ST\STM32G0xx\Include

<h2>Collection of Component Files used:</h2>

   * Component: ARM::CMSIS:CORE:5.5.0
      Include file:  CMSIS\Core\Include\tz_context.h
Build Time Elapsed:  00:00:01
</pre>
</body>
</html>
