Component: ARM Compiler 5.06 update 7 (build 960) Tool: armlink [4d3601]

==============================================================================

Section Cross References

    startup_stm32g070xx.o(RESET) refers to startup_stm32g070xx.o(STACK) for __initial_sp
    startup_stm32g070xx.o(RESET) refers to startup_stm32g070xx.o(.text) for Reset_Handler
    startup_stm32g070xx.o(RESET) refers to stm32g0xx_it.o(i.NMI_Handler) for NMI_Handler
    startup_stm32g070xx.o(RESET) refers to stm32g0xx_it.o(i.HardFault_Handler) for HardFault_Handler
    startup_stm32g070xx.o(RESET) refers to port.o(i.SVC_Handler) for SVC_Handler
    startup_stm32g070xx.o(RESET) refers to port.o(.emb_text) for PendSV_Handler
    startup_stm32g070xx.o(RESET) refers to cmsis_os2.o(i.SysTick_Handler) for SysTick_Handler
    startup_stm32g070xx.o(RESET) refers to stm32g0xx_it.o(i.EXTI2_3_IRQHandler) for EXTI2_3_IRQHandler
    startup_stm32g070xx.o(RESET) refers to stm32g0xx_it.o(i.DMA1_Channel2_3_IRQHandler) for DMA1_Channel2_3_IRQHandler
    startup_stm32g070xx.o(RESET) refers to stm32g0xx_it.o(i.DMA1_Ch4_7_DMAMUX1_OVR_IRQHandler) for DMA1_Ch4_7_DMAMUX1_OVR_IRQHandler
    startup_stm32g070xx.o(RESET) refers to stm32g0xx_it.o(i.ADC1_IRQHandler) for ADC1_IRQHandler
    startup_stm32g070xx.o(RESET) refers to stm32g0xx_it.o(i.TIM6_IRQHandler) for TIM6_IRQHandler
    startup_stm32g070xx.o(RESET) refers to stm32g0xx_it.o(i.I2C1_IRQHandler) for I2C1_IRQHandler
    startup_stm32g070xx.o(RESET) refers to stm32g0xx_it.o(i.I2C2_IRQHandler) for I2C2_IRQHandler
    startup_stm32g070xx.o(RESET) refers to stm32g0xx_it.o(i.USART1_IRQHandler) for USART1_IRQHandler
    startup_stm32g070xx.o(.text) refers to system_stm32g0xx.o(i.SystemInit) for SystemInit
    startup_stm32g070xx.o(.text) refers to entry.o(.ARM.Collect$$$$00000000) for __main
    main.o(i.HAL_TIM_PeriodElapsedCallback) refers to stm32g0xx_hal.o(i.HAL_IncTick) for HAL_IncTick
    main.o(i.SystemClock_Config) refers to memseta.o(.text) for __aeabi_memclr4
    main.o(i.SystemClock_Config) refers to stm32g0xx_hal_pwr_ex.o(i.HAL_PWREx_ControlVoltageScaling) for HAL_PWREx_ControlVoltageScaling
    main.o(i.SystemClock_Config) refers to stm32g0xx_hal_rcc.o(i.HAL_RCC_OscConfig) for HAL_RCC_OscConfig
    main.o(i.SystemClock_Config) refers to stm32g0xx_hal_rcc.o(i.HAL_RCC_ClockConfig) for HAL_RCC_ClockConfig
    main.o(i.main) refers to stm32g0xx_hal.o(i.HAL_Init) for HAL_Init
    main.o(i.main) refers to main.o(i.SystemClock_Config) for SystemClock_Config
    main.o(i.main) refers to gpio.o(i.MX_GPIO_Init) for MX_GPIO_Init
    main.o(i.main) refers to dma.o(i.MX_DMA_Init) for MX_DMA_Init
    main.o(i.main) refers to adc.o(i.MX_ADC1_Init) for MX_ADC1_Init
    main.o(i.main) refers to i2c.o(i.MX_I2C1_Init) for MX_I2C1_Init
    main.o(i.main) refers to i2c.o(i.MX_I2C2_Init) for MX_I2C2_Init
    main.o(i.main) refers to spi.o(i.MX_SPI1_Init) for MX_SPI1_Init
    main.o(i.main) refers to usart.o(i.MX_USART1_UART_Init) for MX_USART1_UART_Init
    main.o(i.main) refers to tim.o(i.MX_TIM14_Init) for MX_TIM14_Init
    main.o(i.main) refers to tim.o(i.MX_TIM16_Init) for MX_TIM16_Init
    main.o(i.main) refers to cmsis_os2.o(i.osKernelInitialize) for osKernelInitialize
    main.o(i.main) refers to app_freertos.o(i.MX_FREERTOS_Init) for MX_FREERTOS_Init
    main.o(i.main) refers to cmsis_os2.o(i.osKernelStart) for osKernelStart
    gpio.o(i.MX_GPIO_Init) refers to memseta.o(.text) for __aeabi_memclr4
    gpio.o(i.MX_GPIO_Init) refers to stm32g0xx_hal_gpio.o(i.HAL_GPIO_WritePin) for HAL_GPIO_WritePin
    gpio.o(i.MX_GPIO_Init) refers to stm32g0xx_hal_gpio.o(i.HAL_GPIO_Init) for HAL_GPIO_Init
    gpio.o(i.MX_GPIO_Init) refers to stm32g0xx_hal_cortex.o(i.HAL_NVIC_SetPriority) for HAL_NVIC_SetPriority
    gpio.o(i.MX_GPIO_Init) refers to stm32g0xx_hal_cortex.o(i.HAL_NVIC_EnableIRQ) for HAL_NVIC_EnableIRQ
    app_freertos.o(i.APP_HeatTask) refers to event_groups.o(i.xEventGroupWaitBits) for xEventGroupWaitBits
    app_freertos.o(i.APP_HeatTask) refers to tasks.o(i.vTaskDelay) for vTaskDelay
    app_freertos.o(i.APP_HeatTask) refers to stm32g0xx_hal_gpio.o(i.HAL_GPIO_TogglePin) for HAL_GPIO_TogglePin
    app_freertos.o(i.APP_HeatTask) refers to tmp114.o(i.TMP114_Read) for TMP114_Read
    app_freertos.o(i.APP_HeatTask) refers to tmp114.o(i.TmpRaw2Ture) for TmpRaw2Ture
    app_freertos.o(i.APP_HeatTask) refers to pid.o(i.PID_realize) for PID_realize
    app_freertos.o(i.APP_HeatTask) refers to app_freertos.o(.data) for .data
    app_freertos.o(i.APP_HeatTask) refers to tmp114.o(.data) for EyeTmp
    app_freertos.o(i.APP_HeatTask) refers to pid.o(.data) for HeatPWMVal
    app_freertos.o(i.APP_HeatTask) refers to tmp114.o(.data) for EyeTmpRaw
    app_freertos.o(i.APP_HeatTask) refers to pid.o(.bss) for HeatPID
    app_freertos.o(i.APP_HeatTask) refers to tim.o(.bss) for htim14
    app_freertos.o(i.AppMotor_Task) refers to tmc5130.o(i.TMC5130_Init) for TMC5130_Init
[...]
    prvSampleTimeNow                         0x08005719   Thumb Code    36  timers.o(i.prvSampleTimeNow)
    i.prvSwitchTimerLists                    0x08005740   Section        0  timers.o(i.prvSwitchTimerLists)
    prvSwitchTimerLists                      0x08005741   Thumb Code    94  timers.o(i.prvSwitchTimerLists)
    i.prvTaskExitError                       0x080057a4   Section        0  port.o(i.prvTaskExitError)
    prvTaskExitError                         0x080057a5   Thumb Code    14  port.o(i.prvTaskExitError)
    i.prvTestWaitCondition                   0x080057b8   Section        0  event_groups.o(i.prvTestWaitCondition)
    prvTestWaitCondition                     0x080057b9   Thumb Code    22  event_groups.o(i.prvTestWaitCondition)
    i.prvTimerTask                           0x080057d0   Section        0  timers.o(i.prvTimerTask)
    prvTimerTask                             0x080057d1   Thumb Code    32  timers.o(i.prvTimerTask)
    i.prvUnlockQueue                         0x080057f4   Section        0  queue.o(i.prvUnlockQueue)
    prvUnlockQueue                           0x080057f5   Thumb Code   112  queue.o(i.prvUnlockQueue)
    i.pvPortMalloc                           0x08005864   Section        0  heap_4.o(i.pvPortMalloc)
    i.pxPortInitialiseStack                  0x0800591c   Section        0  port.o(i.pxPortInitialiseStack)
    i.sendColor                              0x0800593c   Section        0  ucs1903.o(i.sendColor)
    i.uxListRemove                           0x0800597c   Section        0  list.o(i.uxListRemove)
    i.uxTaskResetEventItemValue              0x080059a4   Section        0  tasks.o(i.uxTaskResetEventItemValue)
    i.vApplicationGetIdleTaskMemory          0x080059bc   Section        0  cmsis_os2.o(i.vApplicationGetIdleTaskMemory)
    i.vApplicationGetTimerTaskMemory         0x080059d0   Section        0  cmsis_os2.o(i.vApplicationGetTimerTaskMemory)
    i.vListInitialise                        0x080059e8   Section        0  list.o(i.vListInitialise)
    i.vListInitialiseItem                    0x080059fe   Section        0  list.o(i.vListInitialiseItem)
    i.vListInsert                            0x08005a04   Section        0  list.o(i.vListInsert)
    i.vListInsertEnd                         0x08005a34   Section        0  list.o(i.vListInsertEnd)
    i.vPortEnterCritical                     0x08005a4c   Section        0  port.o(i.vPortEnterCritical)
    i.vPortExitCritical                      0x08005a64   Section        0  port.o(i.vPortExitCritical)
    i.vPortFree                              0x08005a80   Section        0  heap_4.o(i.vPortFree)
    i.vPortSetupTimerInterrupt               0x08005ac8   Section        0  port.o(i.vPortSetupTimerInterrupt)
    i.vPortYield                             0x08005af0   Section        0  port.o(i.vPortYield)
    i.vQueueAddToRegistry                    0x08005b08   Section        0  queue.o(i.vQueueAddToRegistry)
    i.vQueueWaitForMessageRestricted         0x08005b2c   Section        0  queue.o(i.vQueueWaitForMessageRestricted)
    i.vTaskDelay                             0x08005b70   Section        0  tasks.o(i.vTaskDelay)
    i.vTaskInternalSetTimeOutState           0x08005ba0   Section        0  tasks.o(i.vTaskInternalSetTimeOutState)
    i.vTaskMissedYield                       0x08005bb0   Section        0  tasks.o(i.vTaskMissedYield)
    i.vTaskPlaceOnEventList                  0x08005bbc   Section        0  tasks.o(i.vTaskPlaceOnEventList)
    i.vTaskPlaceOnEventListRestricted        0x08005be0   Section        0  tasks.o(i.vTaskPlaceOnEventListRestricted)
    i.vTaskPlaceOnUnorderedEventList         0x08005c10   Section        0  tasks.o(i.vTaskPlaceOnUnorderedEventList)
    i.vTaskRemoveFromUnorderedEventList      0x08005c4c   Section        0  tasks.o(i.vTaskRemoveFromUnorderedEventList)
    i.vTaskStartScheduler                    0x08005ca8   Section        0  tasks.o(i.vTaskStartScheduler)
    i.vTaskSuspendAll                        0x08005d10   Section        0  tasks.o(i.vTaskSuspendAll)
    i.vTaskSwitchContext                     0x08005d20   Section        0  tasks.o(i.vTaskSwitchContext)
    i.xEventGroupClearBits                   0x08005d78   Section        0  event_groups.o(i.xEventGroupClearBits)
    i.xEventGroupCreate                      0x08005da0   Section        0  event_groups.o(i.xEventGroupCreate)
    i.xEventGroupCreateStatic                0x08005dbc   Section        0  event_groups.o(i.xEventGroupCreateStatic)
    i.xEventGroupSetBits                     0x08005dde   Section        0  event_groups.o(i.xEventGroupSetBits)
    i.xEventGroupWaitBits                    0x08005e52   Section        0  event_groups.o(i.xEventGroupWaitBits)
    i.xPortStartScheduler                    0x08005f20   Section        0  port.o(i.xPortStartScheduler)
    i.xPortSysTickHandler                    0x08005f50   Section        0  port.o(i.xPortSysTickHandler)
    i.xQueueGenericCreate                    0x08005f74   Section        0  queue.o(i.xQueueGenericCreate)
    i.xQueueGenericCreateStatic              0x08005fa8   Section        0  queue.o(i.xQueueGenericCreateStatic)
    i.xQueueGenericReset                     0x08005fe8   Section        0  queue.o(i.xQueueGenericReset)
    i.xQueueGenericSend                      0x08006054   Section        0  queue.o(i.xQueueGenericSend)
    i.xQueueGenericSendFromISR               0x0800616c   Section        0  queue.o(i.xQueueGenericSendFromISR)
    i.xQueueReceive                          0x080061fa   Section        0  queue.o(i.xQueueReceive)
    i.xTaskCheckForTimeOut                   0x080062fc   Section        0  tasks.o(i.xTaskCheckForTimeOut)
    i.xTaskCreate                            0x08006358   Section        0  tasks.o(i.xTaskCreate)
    i.xTaskCreateStatic                      0x080063aa   Section        0  tasks.o(i.xTaskCreateStatic)
    i.xTaskGetSchedulerState                 0x080063f0   Section        0  tasks.o(i.xTaskGetSchedulerState)
    i.xTaskGetTickCount                      0x08006410   Section        0  tasks.o(i.xTaskGetTickCount)
    i.xTaskIncrementTick                     0x0800641c   Section        0  tasks.o(i.xTaskIncrementTick)
    i.xTaskPriorityDisinherit                0x080064d8   Section        0  tasks.o(i.xTaskPriorityDisinherit)
    i.xTaskRemoveFromEventList               0x08006540   Section        0  tasks.o(i.xTaskRemoveFromEventList)
    i.xTaskResumeAll                         0x080065a4   Section        0  tasks.o(i.xTaskResumeAll)
    i.xTimerCreateTimerTask                  0x08006654   Section        0  timers.o(i.xTimerCreateTimerTask)
    i.xTimerGenericCommand                   0x080066ac   Section        0  timers.o(i.xTimerGenericCommand)
    .constdata                               0x08006700   Section      148  app_freertos.o(.constdata)
    .constdata                               0x08006794   Section       24  stm32g0xx_hal_uart.o(.constdata)
    .constdata                               0x080067ac   Section       16  stm32g0xx_hal_uart_ex.o(.constdata)
    numerator                                0x080067ac   Data           8  stm32g0xx_hal_uart_ex.o(.constdata)
    denominator                              0x080067b4   Data           8  stm32g0xx_hal_uart_ex.o(.constdata)
    .constdata                               0x080067bc   Section       64  system_stm32g0xx.o(.constdata)
    .constdata                               0x080067fc   Section       32  system_stm32g0xx.o(.constdata)
    .conststring                             0x0800681c   Section       62  app_freertos.o(.conststring)
    .data                                    0x20000000   Section       20  app_freertos.o(.data)
    .data                                    0x20000014   Section        1  stm32g0xx_it.o(.data)
    .data                                    0x20000018   Section       12  stm32g0xx_hal.o(.data)
    .data                                    0x20000024   Section        4  system_stm32g0xx.o(.data)
    .data                                    0x20000028   Section       60  tasks.o(.data)
    uxDeletedTasksWaitingCleanUp             0x2000002c   Data           4  tasks.o(.data)
    uxCurrentNumberOfTasks                   0x20000030   Data           4  tasks.o(.data)
    xTickCount                               0x20000034   Data           4  tasks.o(.data)
    uxTopReadyPriority                       0x20000038   Data           4  tasks.o(.data)
    xSchedulerRunning                        0x2000003c   Data           4  tasks.o(.data)
    xPendedTicks                             0x20000040   Data           4  tasks.o(.data)
    xYieldPending                            0x20000044   Data           4  tasks.o(.data)
    xNumOfOverflows                          0x20000048   Data           4  tasks.o(.data)
    uxTaskNumber                             0x2000004c   Data           4  tasks.o(.data)
    xNextTaskUnblockTime                     0x20000050   Data           4  tasks.o(.data)
    xIdleTaskHandle                          0x20000054   Data           4  tasks.o(.data)
    uxSchedulerSuspended                     0x20000058   Data           4  tasks.o(.data)
    pxDelayedTaskList                        0x2000005c   Data           4  tasks.o(.data)
    pxOverflowDelayedTaskList                0x20000060   Data           4  tasks.o(.data)
    .data                                    0x20000064   Section       20  timers.o(.data)
    xTimerQueue                              0x20000064   Data           4  timers.o(.data)
    xTimerTaskHandle                         0x20000068   Data           4  timers.o(.data)
    xLastTime                                0x2000006c   Data           4  timers.o(.data)
    pxCurrentTimerList                       0x20000070   Data           4  timers.o(.data)
    pxOverflowTimerList                      0x20000074   Data           4  timers.o(.data)
    .data                                    0x20000078   Section        4  cmsis_os2.o(.data)
    KernelState                              0x20000078   Data           4  cmsis_os2.o(.data)
    .data                                    0x2000007c   Section       32  heap_4.o(.data)
    pxEnd                                    0x2000007c   Data           4  heap_4.o(.data)
    xFreeBytesRemaining                      0x20000080   Data           4  heap_4.o(.data)
    xMinimumEverFreeBytesRemaining           0x20000084   Data           4  heap_4.o(.data)
    xNumberOfSuccessfulAllocations           0x20000088   Data           4  heap_4.o(.data)
    xNumberOfSuccessfulFrees                 0x2000008c   Data           4  heap_4.o(.data)
    xBlockAllocatedBit                       0x20000090   Data           4  heap_4.o(.data)
    xStart                                   0x20000094   Data           8  heap_4.o(.data)
    .data                                    0x2000009c   Section        4  port.o(.data)
    uxCriticalNesting                        0x2000009c   Data           4  port.o(.data)
    .data                                    0x200000a0   Section        4  tmc5130.o(.data)
    .data                                    0x200000a4   Section        1  pid.o(.data)
    .data                                    0x200000a5   Section        2  tmp114.o(.data)
    .data                                    0x200000a8   Section        4  tmp114.o(.data)
    .bss                                     0x200000ac   Section       52  app_freertos.o(.bss)
    .bss                                     0x200000e0   Section      192  adc.o(.bss)
    .bss                                     0x200001a0   Section      352  i2c.o(.bss)
    .bss                                     0x20000300   Section      100  spi.o(.bss)
    .bss                                     0x20000364   Section      244  tim.o(.bss)
    .bss                                     0x20000458   Section      240  usart.o(.bss)
    .bss                                     0x20000548   Section       52  stm32g0xx_it.o(.bss)
    .bss                                     0x2000057c   Section       76  stm32g0xx_hal_timebase_tim.o(.bss)
    .bss                                     0x200005c8   Section       64  queue.o(.bss)
    .bss                                     0x20000608   Section     1220  tasks.o(.bss)
    pxReadyTasksLists                        0x20000608   Data        1120  tasks.o(.bss)
    xDelayedTaskList1                        0x20000a68   Data          20  tasks.o(.bss)
    xDelayedTaskList2                        0x20000a7c   Data          20  tasks.o(.bss)
    xPendingReadyList                        0x20000a90   Data          20  tasks.o(.bss)
    xTasksWaitingTermination                 0x20000aa4   Data          20  tasks.o(.bss)
    xSuspendedTaskList                       0x20000ab8   Data          20  tasks.o(.bss)
    .bss                                     0x20000acc   Section      280  timers.o(.bss)
    xStaticTimerQueue                        0x20000acc   Data          80  timers.o(.bss)
    ucStaticTimerQueueStorage                0x20000b1c   Data         160  timers.o(.bss)
    xActiveTimerList1                        0x20000bbc   Data          20  timers.o(.bss)
    xActiveTimerList2                        0x20000bd0   Data          20  timers.o(.bss)
    .bss                                     0x20000be4   Section     1720  cmsis_os2.o(.bss)
    Idle_TCB                                 0x20000be4   Data          92  cmsis_os2.o(.bss)
    Idle_Stack                               0x20000c40   Data         512  cmsis_os2.o(.bss)
    Timer_TCB                                0x20000e40   Data          92  cmsis_os2.o(.bss)
    Timer_Stack                              0x20000e9c   Data        1024  cmsis_os2.o(.bss)
    .bss                                     0x2000129c   Section     3072  heap_4.o(.bss)
    ucHeap                                   0x2000129c   Data        3072  heap_4.o(.bss)
    .bss                                     0x20001e9c   Section       40  pid.o(.bss)
    .bss                                     0x20001ec4   Section      576  ucs1903.o(.bss)
    STACK                                    0x20002108   Section     1024  startup_stm32g070xx.o(STACK)

    Global Symbols

    Symbol Name                              Value     Ov Type        Size  Object(Section)

    BuildAttributes$$THM_ISAv3M$S$PE$A:L22$X:L11$S22$IEEE1$IW$USESV6$~STKCKD$USESV7$~SHL$OTIME$ROPI$EBA8$MICROLIB$REQ8$PRES8$EABIv2 0x00000000   Number         0  anon$$obj.o ABSOLUTE
    __ARM_use_no_argv                        0x00000000   Number         0  main.o ABSOLUTE
    __arm_fini_                               - Undefined Weak Reference
    __cpp_initialize__aeabi_                  - Undefined Weak Reference
    __cxa_finalize                            - Undefined Weak Reference
    __decompress                              - Undefined Weak Reference
    _clock_init                               - Undefined Weak Reference
    _microlib_exit                            - Undefined Weak Reference
    __Vectors_Size                           0x000000b8   Number         0  startup_stm32g070xx.o ABSOLUTE
    __Vectors                                0x08000000   Data           4  startup_stm32g070xx.o(RESET)
    __Vectors_End                            0x080000b8   Data           0  startup_stm32g070xx.o(RESET)
    __main                                   0x080000b9   Thumb Code     0  entry.o(.ARM.Collect$$$$00000000)
    _main_stk                                0x080000b9   Thumb Code     0  entry2.o(.ARM.Collect$$$$00000001)
    _main_scatterload                        0x080000bd   Thumb Code     0  entry5.o(.ARM.Collect$$$$00000004)
    __main_after_scatterload                 0x080000c1   Thumb Code     0  entry5.o(.ARM.Collect$$$$00000004)
    _main_clock                              0x080000c1   Thumb Code     0  entry7b.o(.ARM.Collect$$$$00000008)
    _main_cpp_init                           0x080000c1   Thumb Code     0  entry8b.o(.ARM.Collect$$$$0000000A)
    _main_init                               0x080000c1   Thumb Code     0  entry9a.o(.ARM.Collect$$$$0000000B)
    __rt_lib_shutdown_fini                   0x080000c9   Thumb Code     0  entry12b.o(.ARM.Collect$$$$0000000E)
    __rt_final_cpp                           0x080000cd   Thumb Code     0  entry10a.o(.ARM.Collect$$$$0000000F)
    __rt_final_exit                          0x080000cd   Thumb Code     0  entry11a.o(.ARM.Collect$$$$00000011)
    __asm___6_port_c_39a90d8d__prvPortStartFirstTask 0x080000d1   Thumb Code    36  port.o(.emb_text)
    ulSetInterruptMaskFromISR                0x080000f9   Thumb Code     8  port.o(.emb_text)
    vClearInterruptMaskFromISR               0x08000101   Thumb Code     6  port.o(.emb_text)
    PendSV_Handler                           0x08000107   Thumb Code    62  port.o(.emb_text)
    Reset_Handler                            0x08000149   Thumb Code     8  startup_stm32g070xx.o(.text)
    DMA1_Channel1_IRQHandler                 0x0800015b   Thumb Code     0  startup_stm32g070xx.o(.text)
    EXTI0_1_IRQHandler                       0x0800015b   Thumb Code     0  startup_stm32g070xx.o(.text)
    EXTI4_15_IRQHandler                      0x0800015b   Thumb Code     0  startup_stm32g070xx.o(.text)
    FLASH_IRQHandler                         0x0800015b   Thumb Code     0  startup_stm32g070xx.o(.text)
    RCC_IRQHandler                           0x0800015b   Thumb Code     0  startup_stm32g070xx.o(.text)
    RTC_TAMP_IRQHandler                      0x0800015b   Thumb Code     0  startup_stm32g070xx.o(.text)
    SPI1_IRQHandler                          0x0800015b   Thumb Code     0  startup_stm32g070xx.o(.text)
    SPI2_IRQHandler                          0x0800015b   Thumb Code     0  startup_stm32g070xx.o(.text)
    TIM14_IRQHandler                         0x0800015b   Thumb Code     0  startup_stm32g070xx.o(.text)
    TIM15_IRQHandler                         0x0800015b   Thumb Code     0  startup_stm32g070xx.o(.text)
    TIM16_IRQHandler                         0x0800015b   Thumb Code     0  startup_stm32g070xx.o(.text)
    TIM17_IRQHandler                         0x0800015b   Thumb Code     0  startup_stm32g070xx.o(.text)
    TIM1_BRK_UP_TRG_COM_IRQHandler           0x0800015b   Thumb Code     0  startup_stm32g070xx.o(.text)
    TIM1_CC_IRQHandler                       0x0800015b   Thumb Code     0  startup_stm32g070xx.o(.text)
    TIM3_IRQHandler                          0x0800015b   Thumb Code     0  startup_stm32g070xx.o(.text)
    TIM7_IRQHandler                          0x0800015b   Thumb Code     0  startup_stm32g070xx.o(.text)
    USART2_IRQHandler                        0x0800015b   Thumb Code     0  startup_stm32g070xx.o(.text)
    USART3_4_IRQHandler                      0x0800015b   Thumb Code     0  startup_stm32g070xx.o(.text)
    WWDG_IRQHandler                          0x0800015b   Thumb Code     0  startup_stm32g070xx.o(.text)
    __aeabi_uidiv                            0x08000165   Thumb Code     0  uidiv.o(.text)
    __aeabi_uidivmod                         0x08000165   Thumb Code    44  uidiv.o(.text)
    __aeabi_memcpy                           0x08000191   Thumb Code    36  memcpya.o(.text)
    __aeabi_memcpy4                          0x08000191   Thumb Code     0  memcpya.o(.text)
    __aeabi_memcpy8                          0x08000191   Thumb Code     0  memcpya.o(.text)
    __aeabi_memset                           0x080001b5   Thumb Code    14  memseta.o(.text)
    __aeabi_memset4                          0x080001b5   Thumb Code     0  memseta.o(.text)
    __aeabi_memset8                          0x080001b5   Thumb Code     0  memseta.o(.text)
    __aeabi_memclr                           0x080001c3   Thumb Code     4  memseta.o(.text)
    __aeabi_memclr4                          0x080001c3   Thumb Code     0  memseta.o(.text)
    __aeabi_memclr8                          0x080001c3   Thumb Code     0  memseta.o(.text)
    memset                                   0x080001c7   Thumb Code    18  memseta.o(.text)
    __aeabi_fadd                             0x080001d9   Thumb Code   162  fadd.o(.text)
    __aeabi_fsub                             0x0800027b   Thumb Code     8  fadd.o(.text)
    __aeabi_frsub                            0x08000283   Thumb Code     8  fadd.o(.text)
    __aeabi_fmul                             0x0800028b   Thumb Code   122  fmul.o(.text)
    __ARM_scalbn                             0x08000305   Thumb Code    44  dscalb.o(.text)
    scalbn                                   0x08000305   Thumb Code     0  dscalb.o(.text)
    __aeabi_i2d                              0x08000331   Thumb Code    34  dflti.o(.text)
    __aeabi_f2uiz                            0x08000359   Thumb Code    40  ffixui.o(.text)
    __aeabi_d2f                              0x08000381   Thumb Code    56  d2f.o(.text)
    __aeabi_cfrcmple                         0x080003b9   Thumb Code    20  cfrcmple.o(.text)
    __I$use$fp                               0x080003cd   Thumb Code     0  iusefp.o(.text)
    _float_round                             0x080003cd   Thumb Code    16  fepilogue.o(.text)
    _float_epilogue                          0x080003dd   Thumb Code   114  fepilogue.o(.text)
    _double_round                            0x0800044f   Thumb Code    26  depilogue.o(.text)
    _double_epilogue                         0x08000469   Thumb Code   164  depilogue.o(.text)
    __scatterload                            0x0800050d   Thumb Code    28  init.o(.text)
    __scatterload_rt2                        0x0800050d   Thumb Code     0  init.o(.text)
    __aeabi_llsl                             0x08000531   Thumb Code    32  llshl.o(.text)
    _ll_shift_l                              0x08000531   Thumb Code     0  llshl.o(.text)
    __aeabi_llsr                             0x08000551   Thumb Code    34  llushr.o(.text)
    _ll_ushift_r                             0x08000551   Thumb Code     0  llushr.o(.text)
    ADC1_IRQHandler                          0x08000575   Thumb Code    10  stm32g0xx_it.o(i.ADC1_IRQHandler)
    APP_HeatTask                             0x08000585   Thumb Code    78  app_freertos.o(i.APP_HeatTask)
    AppMotor_Task                            0x080005f1   Thumb Code    58  app_freertos.o(i.AppMotor_Task)
    App_Uart_ProcessTask                     0x08000631   Thumb Code    78  app_freertos.o(i.App_Uart_ProcessTask)
    DMA1_Ch4_7_DMAMUX1_OVR_IRQHandler        0x08000699   Thumb Code    28  stm32g0xx_it.o(i.DMA1_Ch4_7_DMAMUX1_OVR_IRQHandler)
    DMA1_Channel2_3_IRQHandler               0x080006c5   Thumb Code    10  stm32g0xx_it.o(i.DMA1_Channel2_3_IRQHandler)
    EXTI2_3_IRQHandler                       0x08000775   Thumb Code    10  stm32g0xx_it.o(i.EXTI2_3_IRQHandler)
    Error_Handler                            0x0800077f   Thumb Code     4  main.o(i.Error_Handler)
    HAL_ADCEx_ChannelConfigReadyCallback     0x08000783   Thumb Code     2  stm32g0xx_hal_adc_ex.o(i.HAL_ADCEx_ChannelConfigReadyCallback)
    HAL_ADCEx_EndOfSamplingCallback          0x08000785   Thumb Code     2  stm32g0xx_hal_adc_ex.o(i.HAL_ADCEx_EndOfSamplingCallback)
    HAL_ADCEx_LevelOutOfWindow2Callback      0x08000787   Thumb Code     2  stm32g0xx_hal_adc_ex.o(i.HAL_ADCEx_LevelOutOfWindow2Callback)
    HAL_ADCEx_LevelOutOfWindow3Callback      0x08000789   Thumb Code     2  stm32g0xx_hal_adc_ex.o(i.HAL_ADCEx_LevelOutOfWindow3Callback)
    HAL_ADC_ConfigChannel                    0x0800078d   Thumb Code   522  stm32g0xx_hal_adc.o(i.HAL_ADC_ConfigChannel)
    HAL_ADC_ConvCpltCallback                 0x080009b1   Thumb Code     2  stm32g0xx_hal_adc.o(i.HAL_ADC_ConvCpltCallback)
    HAL_ADC_ErrorCallback                    0x080009b3   Thumb Code     2  stm32g0xx_hal_adc.o(i.HAL_ADC_ErrorCallback)
    HAL_ADC_IRQHandler                       0x080009b5   Thumb Code   330  stm32g0xx_hal_adc.o(i.HAL_ADC_IRQHandler)
    HAL_ADC_Init                             0x08000b05   Thumb Code   514  stm32g0xx_hal_adc.o(i.HAL_ADC_Init)
    HAL_ADC_LevelOutOfWindowCallback         0x08000d25   Thumb Code     2  stm32g0xx_hal_adc.o(i.HAL_ADC_LevelOutOfWindowCallback)
    HAL_ADC_MspInit                          0x08000d29   Thumb Code   180  adc.o(i.HAL_ADC_MspInit)
    HAL_DMA_Abort                            0x08000ded   Thumb Code   112  stm32g0xx_hal_dma.o(i.HAL_DMA_Abort)
    HAL_DMA_Abort_IT                         0x08000e61   Thumb Code   118  stm32g0xx_hal_dma.o(i.HAL_DMA_Abort_IT)
    HAL_DMA_GetState                         0x08000edd   Thumb Code     6  stm32g0xx_hal_dma.o(i.HAL_DMA_GetState)
    HAL_DMA_IRQHandler                       0x08000ee5   Thumb Code   180  stm32g0xx_hal_dma.o(i.HAL_DMA_IRQHandler)
    HAL_DMA_Init                             0x08000f9d   Thumb Code   156  stm32g0xx_hal_dma.o(i.HAL_DMA_Init)
    HAL_DMA_Start_IT                         0x08001041   Thumb Code   136  stm32g0xx_hal_dma.o(i.HAL_DMA_Start_IT)
    HAL_GPIO_EXTI_Falling_Callback           0x080010cd   Thumb Code     2  stm32g0xx_hal_gpio.o(i.HAL_GPIO_EXTI_Falling_Callback)
    HAL_GPIO_EXTI_IRQHandler                 0x080010d1   Thumb Code    36  stm32g0xx_hal_gpio.o(i.HAL_GPIO_EXTI_IRQHandler)
    HAL_GPIO_EXTI_Rising_Callback            0x080010f9   Thumb Code     2  stm32g0xx_hal_gpio.o(i.HAL_GPIO_EXTI_Rising_Callback)
    HAL_GPIO_Init                            0x080010fd   Thumb Code   330  stm32g0xx_hal_gpio.o(i.HAL_GPIO_Init)
    HAL_GPIO_TogglePin                       0x08001259   Thumb Code    16  stm32g0xx_hal_gpio.o(i.HAL_GPIO_TogglePin)
    HAL_GPIO_WritePin                        0x08001269   Thumb Code    12  stm32g0xx_hal_gpio.o(i.HAL_GPIO_WritePin)
    HAL_GetTick                              0x08001275   Thumb Code     6  stm32g0xx_hal.o(i.HAL_GetTick)
    HAL_I2CEx_ConfigAnalogFilter             0x08001281   Thumb Code    74  stm32g0xx_hal_i2c_ex.o(i.HAL_I2CEx_ConfigAnalogFilter)
    HAL_I2CEx_ConfigDigitalFilter            0x080012cb   Thumb Code    72  stm32g0xx_hal_i2c_ex.o(i.HAL_I2CEx_ConfigDigitalFilter)
    HAL_I2C_AbortCpltCallback                0x08001313   Thumb Code     2  stm32g0xx_hal_i2c.o(i.HAL_I2C_AbortCpltCallback)
    HAL_I2C_AddrCallback                     0x08001315   Thumb Code     2  stm32g0xx_hal_i2c.o(i.HAL_I2C_AddrCallback)
    HAL_I2C_ER_IRQHandler                    0x08001317   Thumb Code    94  stm32g0xx_hal_i2c.o(i.HAL_I2C_ER_IRQHandler)
    HAL_I2C_EV_IRQHandler                    0x08001375   Thumb Code    16  stm32g0xx_hal_i2c.o(i.HAL_I2C_EV_IRQHandler)
    HAL_I2C_ErrorCallback                    0x08001385   Thumb Code     2  stm32g0xx_hal_i2c.o(i.HAL_I2C_ErrorCallback)
    HAL_I2C_Init                             0x08001389   Thumb Code   176  stm32g0xx_hal_i2c.o(i.HAL_I2C_Init)
    HAL_I2C_ListenCpltCallback               0x0800143d   Thumb Code     2  stm32g0xx_hal_i2c.o(i.HAL_I2C_ListenCpltCallback)
    HAL_I2C_MasterRxCpltCallback             0x0800143f   Thumb Code     2  stm32g0xx_hal_i2c.o(i.HAL_I2C_MasterRxCpltCallback)
    HAL_I2C_MasterTxCpltCallback             0x08001441   Thumb Code     2  stm32g0xx_hal_i2c.o(i.HAL_I2C_MasterTxCpltCallback)
    HAL_I2C_MemRxCpltCallback                0x08001443   Thumb Code     2  stm32g0xx_hal_i2c.o(i.HAL_I2C_MemRxCpltCallback)
    HAL_I2C_MemTxCpltCallback                0x08001445   Thumb Code     2  stm32g0xx_hal_i2c.o(i.HAL_I2C_MemTxCpltCallback)
    HAL_I2C_Mem_Read_DMA                     0x08001449   Thumb Code   230  stm32g0xx_hal_i2c.o(i.HAL_I2C_Mem_Read_DMA)
    HAL_I2C_MspInit                          0x08001545   Thumb Code   296  i2c.o(i.HAL_I2C_MspInit)
    HAL_I2C_SlaveRxCpltCallback              0x08001685   Thumb Code     2  stm32g0xx_hal_i2c.o(i.HAL_I2C_SlaveRxCpltCallback)
    HAL_I2C_SlaveTxCpltCallback              0x08001687   Thumb Code     2  stm32g0xx_hal_i2c.o(i.HAL_I2C_SlaveTxCpltCallback)
    HAL_IncTick                              0x08001689   Thumb Code    12  stm32g0xx_hal.o(i.HAL_IncTick)
    HAL_Init                                 0x08001699   Thumb Code    36  stm32g0xx_hal.o(i.HAL_Init)
    HAL_InitTick                             0x080016c1   Thumb Code   130  stm32g0xx_hal_timebase_tim.o(i.HAL_InitTick)
    HAL_MspInit                              0x0800175d   Thumb Code    56  stm32g0xx_hal_msp.o(i.HAL_MspInit)
    HAL_NVIC_EnableIRQ                       0x08001799   Thumb Code    18  stm32g0xx_hal_cortex.o(i.HAL_NVIC_EnableIRQ)
    HAL_NVIC_SetPriority                     0x080017b1   Thumb Code     8  stm32g0xx_hal_cortex.o(i.HAL_NVIC_SetPriority)
    HAL_PWREx_ControlVoltageScaling          0x080017b9   Thumb Code    62  stm32g0xx_hal_pwr_ex.o(i.HAL_PWREx_ControlVoltageScaling)
    HAL_RCCEx_PeriphCLKConfig                0x08001805   Thumb Code   338  stm32g0xx_hal_rcc_ex.o(i.HAL_RCCEx_PeriphCLKConfig)
    HAL_RCC_ClockConfig                      0x08001965   Thumb Code   318  stm32g0xx_hal_rcc.o(i.HAL_RCC_ClockConfig)
    HAL_RCC_GetClockConfig                   0x08001abd   Thumb Code    48  stm32g0xx_hal_rcc.o(i.HAL_RCC_GetClockConfig)
    HAL_RCC_GetPCLK1Freq                     0x08001af5   Thumb Code    26  stm32g0xx_hal_rcc.o(i.HAL_RCC_GetPCLK1Freq)
    HAL_RCC_GetSysClockFreq                  0x08001b1d   Thumb Code   116  stm32g0xx_hal_rcc.o(i.HAL_RCC_GetSysClockFreq)
    HAL_RCC_OscConfig                        0x08001b99   Thumb Code   946  stm32g0xx_hal_rcc.o(i.HAL_RCC_OscConfig)
    HAL_SPI_Init                             0x08001f71   Thumb Code   238  stm32g0xx_hal_spi.o(i.HAL_SPI_Init)
    HAL_SPI_MspInit                          0x08002061   Thumb Code   120  spi.o(i.HAL_SPI_MspInit)
    HAL_SPI_Transmit                         0x080020e5   Thumb Code   352  stm32g0xx_hal_spi.o(i.HAL_SPI_Transmit)
    HAL_SYSCFG_StrobeDBattpinsConfig         0x08002245   Thumb Code    16  stm32g0xx_hal.o(i.HAL_SYSCFG_StrobeDBattpinsConfig)
    HAL_TIMEx_Break2Callback                 0x08002259   Thumb Code     2  stm32g0xx_hal_tim_ex.o(i.HAL_TIMEx_Break2Callback)
    HAL_TIMEx_BreakCallback                  0x0800225b   Thumb Code     2  stm32g0xx_hal_tim_ex.o(i.HAL_TIMEx_BreakCallback)
    HAL_TIMEx_CommutCallback                 0x0800225d   Thumb Code     2  stm32g0xx_hal_tim_ex.o(i.HAL_TIMEx_CommutCallback)
    HAL_TIMEx_ConfigBreakDeadTime            0x08002261   Thumb Code   168  stm32g0xx_hal_tim_ex.o(i.HAL_TIMEx_ConfigBreakDeadTime)
    HAL_TIM_Base_Init                        0x0800230d   Thumb Code    76  stm32g0xx_hal_tim.o(i.HAL_TIM_Base_Init)
    HAL_TIM_Base_MspInit                     0x08002359   Thumb Code   110  tim.o(i.HAL_TIM_Base_MspInit)
    HAL_TIM_Base_Start_IT                    0x080023dd   Thumb Code    74  stm32g0xx_hal_tim.o(i.HAL_TIM_Base_Start_IT)
    HAL_TIM_ErrorCallback                    0x08002439   Thumb Code     2  stm32g0xx_hal_tim.o(i.HAL_TIM_ErrorCallback)
    HAL_TIM_IC_CaptureCallback               0x0800243b   Thumb Code     2  stm32g0xx_hal_tim.o(i.HAL_TIM_IC_CaptureCallback)
    HAL_TIM_IRQHandler                       0x0800243d   Thumb Code   382  stm32g0xx_hal_tim.o(i.HAL_TIM_IRQHandler)
    HAL_TIM_MspPostInit                      0x080025c1   Thumb Code   104  tim.o(i.HAL_TIM_MspPostInit)
    HAL_TIM_OC_DelayElapsedCallback          0x08002639   Thumb Code     2  stm32g0xx_hal_tim.o(i.HAL_TIM_OC_DelayElapsedCallback)
    HAL_TIM_PWM_ConfigChannel                0x0800263b   Thumb Code   296  stm32g0xx_hal_tim.o(i.HAL_TIM_PWM_ConfigChannel)
    HAL_TIM_PWM_Init                         0x08002763   Thumb Code    76  stm32g0xx_hal_tim.o(i.HAL_TIM_PWM_Init)
    HAL_TIM_PWM_MspInit                      0x080027af   Thumb Code     2  stm32g0xx_hal_tim.o(i.HAL_TIM_PWM_MspInit)
    HAL_TIM_PWM_PulseFinishedCallback        0x080027b1   Thumb Code     2  stm32g0xx_hal_tim.o(i.HAL_TIM_PWM_PulseFinishedCallback)
    HAL_TIM_PWM_PulseFinishedHalfCpltCallback 0x080027b3   Thumb Code     2  stm32g0xx_hal_tim.o(i.HAL_TIM_PWM_PulseFinishedHalfCpltCallback)
    HAL_TIM_PWM_Start                        0x080027b5   Thumb Code   182  stm32g0xx_hal_tim.o(i.HAL_TIM_PWM_Start)
    HAL_TIM_PWM_Start_DMA                    0x08002885   Thumb Code   426  stm32g0xx_hal_tim.o(i.HAL_TIM_PWM_Start_DMA)
    HAL_TIM_PeriodElapsedCallback            0x08002a55   Thumb Code    16  main.o(i.HAL_TIM_PeriodElapsedCallback)
    HAL_TIM_TriggerCallback                  0x08002a69   Thumb Code     2  stm32g0xx_hal_tim.o(i.HAL_TIM_TriggerCallback)
    HAL_UARTEx_DisableFifoMode               0x08002a6b   Thumb Code    60  stm32g0xx_hal_uart_ex.o(i.HAL_UARTEx_DisableFifoMode)
    HAL_UARTEx_RxEventCallback               0x08002aa7   Thumb Code     2  stm32g0xx_hal_uart.o(i.HAL_UARTEx_RxEventCallback)
    HAL_UARTEx_RxFifoFullCallback            0x08002aa9   Thumb Code     2  stm32g0xx_hal_uart_ex.o(i.HAL_UARTEx_RxFifoFullCallback)
    HAL_UARTEx_SetRxFifoThreshold            0x08002aab   Thumb Code    72  stm32g0xx_hal_uart_ex.o(i.HAL_UARTEx_SetRxFifoThreshold)
    HAL_UARTEx_SetTxFifoThreshold            0x08002af3   Thumb Code    70  stm32g0xx_hal_uart_ex.o(i.HAL_UARTEx_SetTxFifoThreshold)
    HAL_UARTEx_TxFifoEmptyCallback           0x08002b39   Thumb Code     2  stm32g0xx_hal_uart_ex.o(i.HAL_UARTEx_TxFifoEmptyCallback)
    HAL_UARTEx_WakeupCallback                0x08002b3b   Thumb Code     2  stm32g0xx_hal_uart_ex.o(i.HAL_UARTEx_WakeupCallback)
    HAL_UART_ErrorCallback                   0x08002b3d   Thumb Code     2  stm32g0xx_hal_uart.o(i.HAL_UART_ErrorCallback)
    HAL_UART_IRQHandler                      0x08002b41   Thumb Code   734  stm32g0xx_hal_uart.o(i.HAL_UART_IRQHandler)
    HAL_UART_Init                            0x08002e31   Thumb Code   108  stm32g0xx_hal_uart.o(i.HAL_UART_Init)
    HAL_UART_MspInit                         0x08002e9d   Thumb Code   172  usart.o(i.HAL_UART_MspInit)
    HAL_UART_Transmit                        0x08002f5d   Thumb Code   202  stm32g0xx_hal_uart.o(i.HAL_UART_Transmit)
    HAL_UART_TxCpltCallback                  0x08003027   Thumb Code     2  stm32g0xx_hal_uart.o(i.HAL_UART_TxCpltCallback)
    HardFault_Handler                        0x08003029   Thumb Code     2  stm32g0xx_it.o(i.HardFault_Handler)
    HeatPIDInit                              0x0800302d   Thumb Code    38  pid.o(i.HeatPIDInit)
    I2C1_IRQHandler                          0x08003069   Thumb Code    28  stm32g0xx_it.o(i.I2C1_IRQHandler)
    I2C2_IRQHandler                          0x08003089   Thumb Code    28  stm32g0xx_it.o(i.I2C2_IRQHandler)
    MX_ADC1_Init                             0x08003b9d   Thumb Code   158  adc.o(i.MX_ADC1_Init)
    MX_DMA_Init                              0x08003c4d   Thumb Code    52  dma.o(i.MX_DMA_Init)
    MX_FREERTOS_Init                         0x08003c85   Thumb Code    70  app_freertos.o(i.MX_FREERTOS_Init)
    MX_GPIO_Init                             0x08003ce1   Thumb Code   408  gpio.o(i.MX_GPIO_Init)
    MX_I2C1_Init                             0x08003e91   Thumb Code    76  i2c.o(i.MX_I2C1_Init)
    MX_I2C2_Init                             0x08003ee9   Thumb Code    76  i2c.o(i.MX_I2C2_Init)
    MX_SPI1_Init                             0x08003f41   Thumb Code    68  spi.o(i.MX_SPI1_Init)
    MX_TIM14_Init                            0x08003f8d   Thumb Code    98  tim.o(i.MX_TIM14_Init)
    MX_TIM16_Init                            0x08003ff9   Thumb Code   148  tim.o(i.MX_TIM16_Init)
    MX_USART1_UART_Init                      0x08004095   Thumb Code   118  usart.o(i.MX_USART1_UART_Init)
    NMI_Handler                              0x08004115   Thumb Code     2  stm32g0xx_it.o(i.NMI_Handler)
    PID_realize                              0x08004117   Thumb Code   162  pid.o(i.PID_realize)
    SVC_Handler                              0x08004395   Thumb Code     2  port.o(i.SVC_Handler)
    SysTick_Handler                          0x08004399   Thumb Code    20  cmsis_os2.o(i.SysTick_Handler)
    SystemClock_Config                       0x080043b1   Thumb Code   104  main.o(i.SystemClock_Config)
    SystemInit                               0x08004419   Thumb Code     2  system_stm32g0xx.o(i.SystemInit)
    TIM6_IRQHandler                          0x0800441d   Thumb Code    10  stm32g0xx_it.o(i.TIM6_IRQHandler)
    TIM_Base_SetConfig                       0x0800442d   Thumb Code   112  stm32g0xx_hal_tim.o(i.TIM_Base_SetConfig)
    TIM_CCxChannelCmd                        0x080044b5   Thumb Code    26  stm32g0xx_hal_tim.o(i.TIM_CCxChannelCmd)
    TIM_DMADelayPulseHalfCplt                0x08004535   Thumb Code    56  stm32g0xx_hal_tim.o(i.TIM_DMADelayPulseHalfCplt)
    TIM_DMAError                             0x0800456d   Thumb Code    84  stm32g0xx_hal_tim.o(i.TIM_DMAError)
    TIM_OC2_SetConfig                        0x0800464d   Thumb Code   112  stm32g0xx_hal_tim.o(i.TIM_OC2_SetConfig)
    TMC5130_Init                             0x0800489d   Thumb Code   158  tmc5130.o(i.TMC5130_Init)
    TMC5130_Write                            0x08004955   Thumb Code    62  tmc5130.o(i.TMC5130_Write)
    TMP114_Init                              0x08004999   Thumb Code     2  tmp114.o(i.TMP114_Init)
    TMP114_Read                              0x0800499d   Thumb Code    22  tmp114.o(i.TMP114_Read)
    TmpRaw2Ture                              0x080049b9   Thumb Code    32  tmp114.o(i.TmpRaw2Ture)
    UART_AdvFeatureConfig                    0x08004a1d   Thumb Code   202  stm32g0xx_hal_uart.o(i.UART_AdvFeatureConfig)
    UART_CheckIdleState                      0x08004ae9   Thumb Code    96  stm32g0xx_hal_uart.o(i.UART_CheckIdleState)
    UART_SetConfig                           0x08004bc5   Thumb Code   360  stm32g0xx_hal_uart.o(i.UART_SetConfig)
    UART_WaitOnFlagUntilTimeout              0x08004d55   Thumb Code   210  stm32g0xx_hal_uart.o(i.UART_WaitOnFlagUntilTimeout)
    UCS1903Show                              0x08004e29   Thumb Code    16  ucs1903.o(i.UCS1903Show)
    USART1_IRQHandler                        0x08004e41   Thumb Code    66  stm32g0xx_it.o(i.USART1_IRQHandler)
    __ARM_clz                                0x08004e95   Thumb Code    46  depilogue.o(i.__ARM_clz)
    __ARM_common_switch8                     0x08004ec3   Thumb Code    26  stm32g0xx_hal_dma.o(i.__ARM_common_switch8)
    __scatterload_copy                       0x08004f21   Thumb Code    14  handlers.o(i.__scatterload_copy)
    __scatterload_null                       0x08004f2f   Thumb Code     2  handlers.o(i.__scatterload_null)
    __scatterload_zeroinit                   0x08004f31   Thumb Code    14  handlers.o(i.__scatterload_zeroinit)
    main                                     0x08004f3f   Thumb Code    58  main.o(i.main)
    osEventFlagsNew                          0x08004f79   Thumb Code    50  cmsis_os2.o(i.osEventFlagsNew)
    osKernelInitialize                       0x08004fad   Thumb Code    36  cmsis_os2.o(i.osKernelInitialize)
    osKernelStart                            0x08004fd5   Thumb Code    52  cmsis_os2.o(i.osKernelStart)
    osMessageQueueNew                        0x08005011   Thumb Code   106  cmsis_os2.o(i.osMessageQueueNew)
    osThreadNew                              0x0800507b   Thumb Code   150  cmsis_os2.o(i.osThreadNew)
    processData                              0x08005111   Thumb Code    54  screen.o(i.processData)
    pvPortMalloc                             0x08005865   Thumb Code   178  heap_4.o(i.pvPortMalloc)
    pxPortInitialiseStack                    0x0800591d   Thumb Code    28  port.o(i.pxPortInitialiseStack)
    sendColor                                0x0800593d   Thumb Code    58  ucs1903.o(i.sendColor)
    uxListRemove                             0x0800597d   Thumb Code    38  list.o(i.uxListRemove)
    uxTaskResetEventItemValue                0x080059a5   Thumb Code    20  tasks.o(i.uxTaskResetEventItemValue)
    vApplicationGetIdleTaskMemory            0x080059bd   Thumb Code    16  cmsis_os2.o(i.vApplicationGetIdleTaskMemory)
    vApplicationGetTimerTaskMemory           0x080059d1   Thumb Code    18  cmsis_os2.o(i.vApplicationGetTimerTaskMemory)
    vListInitialise                          0x080059e9   Thumb Code    22  list.o(i.vListInitialise)
    vListInitialiseItem                      0x080059ff   Thumb Code     6  list.o(i.vListInitialiseItem)
    vListInsert                              0x08005a05   Thumb Code    48  list.o(i.vListInsert)
    vListInsertEnd                           0x08005a35   Thumb Code    24  list.o(i.vListInsertEnd)
    vPortEnterCritical                       0x08005a4d   Thumb Code    20  port.o(i.vPortEnterCritical)
    vPortExitCritical                        0x08005a65   Thumb Code    22  port.o(i.vPortExitCritical)
    vPortFree                                0x08005a81   Thumb Code    68  heap_4.o(i.vPortFree)
    vPortSetupTimerInterrupt                 0x08005ac9   Thumb Code    32  port.o(i.vPortSetupTimerInterrupt)
    vPortYield                               0x08005af1   Thumb Code    18  port.o(i.vPortYield)
    vQueueAddToRegistry                      0x08005b09   Thumb Code    32  queue.o(i.vQueueAddToRegistry)
    vQueueWaitForMessageRestricted           0x08005b2d   Thumb Code    68  queue.o(i.vQueueWaitForMessageRestricted)
    vTaskDelay                               0x08005b71   Thumb Code    44  tasks.o(i.vTaskDelay)
    vTaskInternalSetTimeOutState             0x08005ba1   Thumb Code    12  tasks.o(i.vTaskInternalSetTimeOutState)
    vTaskMissedYield                         0x08005bb1   Thumb Code     8  tasks.o(i.vTaskMissedYield)
    vTaskPlaceOnEventList                    0x08005bbd   Thumb Code    32  tasks.o(i.vTaskPlaceOnEventList)
    vTaskPlaceOnEventListRestricted          0x08005be1   Thumb Code    42  tasks.o(i.vTaskPlaceOnEventListRestricted)
    vTaskPlaceOnUnorderedEventList           0x08005c11   Thumb Code    54  tasks.o(i.vTaskPlaceOnUnorderedEventList)
    vTaskRemoveFromUnorderedEventList        0x08005c4d   Thumb Code    82  tasks.o(i.vTaskRemoveFromUnorderedEventList)
    vTaskStartScheduler                      0x08005ca9   Thumb Code    88  tasks.o(i.vTaskStartScheduler)
    vTaskSuspendAll                          0x08005d11   Thumb Code    10  tasks.o(i.vTaskSuspendAll)
    vTaskSwitchContext                       0x08005d21   Thumb Code    78  tasks.o(i.vTaskSwitchContext)
    xEventGroupClearBits                     0x08005d79   Thumb Code    40  event_groups.o(i.xEventGroupClearBits)
    xEventGroupCreate                        0x08005da1   Thumb Code    28  event_groups.o(i.xEventGroupCreate)
    xEventGroupCreateStatic                  0x08005dbd   Thumb Code    34  event_groups.o(i.xEventGroupCreateStatic)
    xEventGroupSetBits                       0x08005ddf   Thumb Code   116  event_groups.o(i.xEventGroupSetBits)
    xEventGroupWaitBits                      0x08005e53   Thumb Code   204  event_groups.o(i.xEventGroupWaitBits)
    xPortStartScheduler                      0x08005f21   Thumb Code    40  port.o(i.xPortStartScheduler)
    xPortSysTickHandler                      0x08005f51   Thumb Code    32  port.o(i.xPortSysTickHandler)
    xQueueGenericCreate                      0x08005f75   Thumb Code    52  queue.o(i.xQueueGenericCreate)
    xQueueGenericCreateStatic                0x08005fa9   Thumb Code    64  queue.o(i.xQueueGenericCreateStatic)
    xQueueGenericReset                       0x08005fe9   Thumb Code   108  queue.o(i.xQueueGenericReset)
    xQueueGenericSend                        0x08006055   Thumb Code   280  queue.o(i.xQueueGenericSend)
    xQueueGenericSendFromISR                 0x0800616d   Thumb Code   142  queue.o(i.xQueueGenericSendFromISR)
    xQueueReceive                            0x080061fb   Thumb Code   258  queue.o(i.xQueueReceive)
    xTaskCheckForTimeOut                     0x080062fd   Thumb Code    86  tasks.o(i.xTaskCheckForTimeOut)
    xTaskCreate                              0x08006359   Thumb Code    82  tasks.o(i.xTaskCreate)
    xTaskCreateStatic                        0x080063ab   Thumb Code    68  tasks.o(i.xTaskCreateStatic)
    xTaskGetSchedulerState                   0x080063f1   Thumb Code    26  tasks.o(i.xTaskGetSchedulerState)
    xTaskGetTickCount                        0x08006411   Thumb Code     6  tasks.o(i.xTaskGetTickCount)
    xTaskIncrementTick                       0x0800641d   Thumb Code   180  tasks.o(i.xTaskIncrementTick)
    xTaskPriorityDisinherit                  0x080064d9   Thumb Code    96  tasks.o(i.xTaskPriorityDisinherit)
    xTaskRemoveFromEventList                 0x08006541   Thumb Code    88  tasks.o(i.xTaskRemoveFromEventList)
    xTaskResumeAll                           0x080065a5   Thumb Code   162  tasks.o(i.xTaskResumeAll)
    xTimerCreateTimerTask                    0x08006655   Thumb Code    72  timers.o(i.xTimerCreateTimerTask)
    xTimerGenericCommand                     0x080066ad   Thumb Code    80  timers.o(i.xTimerGenericCommand)
    Motor_Task_attributes                    0x08006700   Data          36  app_freertos.o(.constdata)
    HeatTask_attributes                      0x08006724   Data          36  app_freertos.o(.constdata)
    Uart_ProcessTas_attributes               0x08006748   Data          36  app_freertos.o(.constdata)
    dataQueue_attributes                     0x0800676c   Data          24  app_freertos.o(.constdata)
    All_Event_attributes                     0x08006784   Data          16  app_freertos.o(.constdata)
    UARTPrescTable                           0x08006794   Data          24  stm32g0xx_hal_uart.o(.constdata)
    AHBPrescTable                            0x080067bc   Data          64  system_stm32g0xx.o(.constdata)
    APBPrescTable                            0x080067fc   Data          32  system_stm32g0xx.o(.constdata)
    Region$$Table$$Base                      0x0800685c   Number         0  anon$$obj.o(Region$$Table)
    Region$$Table$$Limit                     0x0800687c   Number         0  anon$$obj.o(Region$$Table)
    Motor_TaskHandle                         0x20000000   Data           4  app_freertos.o(.data)
    HeatTaskHandle                           0x20000004   Data           4  app_freertos.o(.data)
    Uart_ProcessTasHandle                    0x20000008   Data           4  app_freertos.o(.data)
    dataQueueHandle                          0x2000000c   Data           4  app_freertos.o(.data)
    All_EventHandle                          0x20000010   Data           4  app_freertos.o(.data)
    rx_index                                 0x20000014   Data           1  stm32g0xx_it.o(.data)
    uwTickFreq                               0x20000018   Data           1  stm32g0xx_hal.o(.data)
    uwTickPrio                               0x2000001c   Data           4  stm32g0xx_hal.o(.data)
    uwTick                                   0x20000020   Data           4  stm32g0xx_hal.o(.data)
    SystemCoreClock                          0x20000024   Data           4  system_stm32g0xx.o(.data)
    pxCurrentTCB                             0x20000028   Data           4  tasks.o(.data)
    MotorSpeed                               0x200000a0   Data           4  tmc5130.o(.data)
    HeatPWMVal                               0x200000a4   Data           1  pid.o(.data)
    EyeTmpRaw                                0x200000a5   Data           2  tmp114.o(.data)
    EyeTmp                                   0x200000a8   Data           4  tmp114.o(.data)
    uart_rx_data                             0x200000ac   Data          52  app_freertos.o(.bss)
    hadc1                                    0x200000e0   Data         100  adc.o(.bss)
    hdma_adc1                                0x20000144   Data          92  adc.o(.bss)
    hi2c1                                    0x200001a0   Data          84  i2c.o(.bss)
    hi2c2                                    0x200001f4   Data          84  i2c.o(.bss)
    hdma_i2c2_rx                             0x20000248   Data          92  i2c.o(.bss)
    hdma_i2c2_tx                             0x200002a4   Data          92  i2c.o(.bss)
    hspi1                                    0x20000300   Data         100  spi.o(.bss)
    htim14                                   0x20000364   Data          76  tim.o(.bss)
    htim16                                   0x200003b0   Data          76  tim.o(.bss)
    hdma_tim16_ch1                           0x200003fc   Data          92  tim.o(.bss)
    huart1                                   0x20000458   Data         148  usart.o(.bss)
    hdma_usart1_tx                           0x200004ec   Data          92  usart.o(.bss)
    uart_RX_data                             0x20000548   Data          52  stm32g0xx_it.o(.bss)
    htim6                                    0x2000057c   Data          76  stm32g0xx_hal_timebase_tim.o(.bss)
    xQueueRegistry                           0x200005c8   Data          64  queue.o(.bss)
    HeatPID                                  0x20001e9c   Data          40  pid.o(.bss)
    Single_LED_Buffer                        0x20001ec4   Data         576  ucs1903.o(.bss)
    __initial_sp                             0x20002508   Data           0  startup_stm32g070xx.o(STACK)



==============================================================================

Memory Map of the image

  Image Entry point : 0x080000b9

  Load Region LR_IROM1 (Base: 0x08000000, Size: 0x00006928, Max: 0x00020000, ABSOLUTE)

    Execution Region ER_IROM1 (Exec base: 0x08000000, Load base: 0x08000000, Size: 0x0000687c, Max: 0x00020000, ABSOLUTE)

    Exec Addr    Load Addr    Size         Type   Attr      Idx    E Section Name        Object

    0x08000000   0x08000000   0x000000b8   Data   RO            3    RESET               startup_stm32g070xx.o
    0x080000b8   0x080000b8   0x00000000   Code   RO         6657  * .ARM.Collect$$$$00000000  mc_p.l(entry.o)
    0x080000b8   0x080000b8   0x00000004   Code   RO         6684    .ARM.Collect$$$$00000001  mc_p.l(entry2.o)
    0x080000bc   0x080000bc   0x00000004   Code   RO         6687    .ARM.Collect$$$$00000004  mc_p.l(entry5.o)
    0x080000c0   0x080000c0   0x00000000   Code   RO         6689    .ARM.Collect$$$$00000008  mc_p.l(entry7b.o)
    0x080000c0   0x080000c0   0x00000000   Code   RO         6691    .ARM.Collect$$$$0000000A  mc_p.l(entry8b.o)
    0x080000c0   0x080000c0   0x00000008   Code   RO         6692    .ARM.Collect$$$$0000000B  mc_p.l(entry9a.o)
    0x080000c8   0x080000c8   0x00000004   Code   RO         6699    .ARM.Collect$$$$0000000E  mc_p.l(entry12b.o)
    0x080000cc   0x080000cc   0x00000000   Code   RO         6694    .ARM.Collect$$$$0000000F  mc_p.l(entry10a.o)
    0x080000cc   0x080000cc   0x00000000   Code   RO         6696    .ARM.Collect$$$$00000011  mc_p.l(entry11a.o)
    0x080000cc   0x080000cc   0x00000004   Code   RO         6685    .ARM.Collect$$$$00002712  mc_p.l(entry2.o)
    0x080000d0   0x080000d0   0x00000078   Code   RO         6353    .emb_text           port.o
    0x08000148   0x08000148   0x0000001c   Code   RO            4    .text               startup_stm32g070xx.o
    0x08000164   0x08000164   0x0000002c   Code   RO         6660    .text               mc_p.l(uidiv.o)
    0x08000190   0x08000190   0x00000024   Code   RO         6662    .text               mc_p.l(memcpya.o)
    0x080001b4   0x080001b4   0x00000024   Code   RO         6666    .text               mc_p.l(memseta.o)
    0x080001d8   0x080001d8   0x000000b2   Code   RO         6670    .text               mf_p.l(fadd.o)
    0x0800028a   0x0800028a   0x0000007a   Code   RO         6672    .text               mf_p.l(fmul.o)
    0x08000304   0x08000304   0x0000002c   Code   RO         6674    .text               mf_p.l(dscalb.o)
    0x08000330   0x08000330   0x00000028   Code   RO         6676    .text               mf_p.l(dflti.o)
    0x08000358   0x08000358   0x00000028   Code   RO         6678    .text               mf_p.l(ffixui.o)
    0x08000380   0x08000380   0x00000038   Code   RO         6680    .text               mf_p.l(d2f.o)
    0x080003b8   0x080003b8   0x00000014   Code   RO         6682    .text               mf_p.l(cfrcmple.o)
    0x080003cc   0x080003cc   0x00000000   Code   RO         6700    .text               mc_p.l(iusefp.o)
    0x080003cc   0x080003cc   0x00000082   Code   RO         6701    .text               mf_p.l(fepilogue.o)
    0x0800044e   0x0800044e   0x000000be   Code   RO         6703    .text               mf_p.l(depilogue.o)
    0x0800050c   0x0800050c   0x00000024   Code   RO         6707    .text               mc_p.l(init.o)
    0x08000530   0x08000530   0x00000020   Code   RO         6709    .text               mc_p.l(llshl.o)
    0x08000550   0x08000550   0x00000022   Code   RO         6711    .text               mc_p.l(llushr.o)
    0x08000572   0x08000572   0x00000002   PAD
    0x08000574   0x08000574   0x00000010   Code   RO          575    i.ADC1_IRQHandler   stm32g0xx_it.o
    0x08000584   0x08000584   0x0000006c   Code   RO          285    i.APP_HeatTask      app_freertos.o
    0x080005f0   0x080005f0   0x00000040   Code   RO          286    i.AppMotor_Task     app_freertos.o
    0x08000630   0x08000630   0x00000068   Code   RO          287    i.App_Uart_ProcessTask  app_freertos.o
    0x08000698   0x08000698   0x0000002c   Code   RO          576    i.DMA1_Ch4_7_DMAMUX1_OVR_IRQHandler  stm32g0xx_it.o
    0x080006c4   0x080006c4   0x00000010   Code   RO          577    i.DMA1_Channel2_3_IRQHandler  stm32g0xx_it.o
    0x080006d4   0x080006d4   0x00000030   Code   RO         1533    i.DMA_CalcDMAMUXChannelBaseAndMask  stm32g0xx_hal_dma.o
    0x08000704   0x08000704   0x00000028   Code   RO         1534    i.DMA_CalcDMAMUXRequestGenBaseAndMask  stm32g0xx_hal_dma.o
    0x0800072c   0x0800072c   0x00000048   Code   RO         1535    i.DMA_SetConfig     stm32g0xx_hal_dma.o
    0x08000774   0x08000774   0x0000000a   Code   RO          578    i.EXTI2_3_IRQHandler  stm32g0xx_it.o
    0x0800077e   0x0800077e   0x00000004   Code   RO           12    i.Error_Handler     main.o
    0x08000782   0x08000782   0x00000002   Code   RO         1048    i.HAL_ADCEx_ChannelConfigReadyCallback  stm32g0xx_hal_adc_ex.o
    0x08000784   0x08000784   0x00000002   Code   RO         1050    i.HAL_ADCEx_EndOfSamplingCallback  stm32g0xx_hal_adc_ex.o
    0x08000786   0x08000786   0x00000002   Code   RO         1051    i.HAL_ADCEx_LevelOutOfWindow2Callback  stm32g0xx_hal_adc_ex.o
    0x08000788   0x08000788   0x00000002   Code   RO         1052    i.HAL_ADCEx_LevelOutOfWindow3Callback  stm32g0xx_hal_adc_ex.o
    0x0800078a   0x0800078a   0x00000002   PAD
    0x0800078c   0x0800078c   0x00000224   Code   RO          840    i.HAL_ADC_ConfigChannel  stm32g0xx_hal_adc.o
    0x080009b0   0x080009b0   0x00000002   Code   RO          841    i.HAL_ADC_ConvCpltCallback  stm32g0xx_hal_adc.o
    0x080009b2   0x080009b2   0x00000002   Code   RO          844    i.HAL_ADC_ErrorCallback  stm32g0xx_hal_adc.o
    0x080009b4   0x080009b4   0x00000150   Code   RO          848    i.HAL_ADC_IRQHandler  stm32g0xx_hal_adc.o
    0x08000b04   0x08000b04   0x00000220   Code   RO          849    i.HAL_ADC_Init      stm32g0xx_hal_adc.o
    0x08000d24   0x08000d24   0x00000002   Code   RO          850    i.HAL_ADC_LevelOutOfWindowCallback  stm32g0xx_hal_adc.o
    0x08000d26   0x08000d26   0x00000002   PAD
    0x08000d28   0x08000d28   0x000000c4   Code   RO          342    i.HAL_ADC_MspInit   adc.o
    0x08000dec   0x08000dec   0x00000074   Code   RO         1536    i.HAL_DMA_Abort     stm32g0xx_hal_dma.o
    0x08000e60   0x08000e60   0x0000007c   Code   RO         1537    i.HAL_DMA_Abort_IT  stm32g0xx_hal_dma.o
    0x08000edc   0x08000edc   0x00000006   Code   RO         1540    i.HAL_DMA_GetState  stm32g0xx_hal_dma.o
    0x08000ee2   0x08000ee2   0x00000002   PAD
    0x08000ee4   0x08000ee4   0x000000b8   Code   RO         1541    i.HAL_DMA_IRQHandler  stm32g0xx_hal_dma.o
    0x08000f9c   0x08000f9c   0x000000a4   Code   RO         1542    i.HAL_DMA_Init      stm32g0xx_hal_dma.o
    0x08001040   0x08001040   0x0000008c   Code   RO         1546    i.HAL_DMA_Start_IT  stm32g0xx_hal_dma.o
    0x080010cc   0x080010cc   0x00000002   Code   RO         1466    i.HAL_GPIO_EXTI_Falling_Callback  stm32g0xx_hal_gpio.o
    0x080010ce   0x080010ce   0x00000002   PAD
    0x080010d0   0x080010d0   0x00000028   Code   RO         1467    i.HAL_GPIO_EXTI_IRQHandler  stm32g0xx_hal_gpio.o
    0x080010f8   0x080010f8   0x00000002   Code   RO         1468    i.HAL_GPIO_EXTI_Rising_Callback  stm32g0xx_hal_gpio.o
    0x080010fa   0x080010fa   0x00000002   PAD
    0x080010fc   0x080010fc   0x0000015c   Code   RO         1469    i.HAL_GPIO_Init     stm32g0xx_hal_gpio.o
    0x08001258   0x08001258   0x00000010   Code   RO         1472    i.HAL_GPIO_TogglePin  stm32g0xx_hal_gpio.o
    0x08001268   0x08001268   0x0000000c   Code   RO         1473    i.HAL_GPIO_WritePin  stm32g0xx_hal_gpio.o
    0x08001274   0x08001274   0x0000000c   Code   RO         2000    i.HAL_GetTick       stm32g0xx_hal.o
    0x08001280   0x08001280   0x0000004a   Code   RO         2715    i.HAL_I2CEx_ConfigAnalogFilter  stm32g0xx_hal_i2c_ex.o
    0x080012ca   0x080012ca   0x00000048   Code   RO         2716    i.HAL_I2CEx_ConfigDigitalFilter  stm32g0xx_hal_i2c_ex.o
    0x08001312   0x08001312   0x00000002   Code   RO         2247    i.HAL_I2C_AbortCpltCallback  stm32g0xx_hal_i2c.o
    0x08001314   0x08001314   0x00000002   Code   RO         2248    i.HAL_I2C_AddrCallback  stm32g0xx_hal_i2c.o
    0x08001316   0x08001316   0x0000005e   Code   RO         2251    i.HAL_I2C_ER_IRQHandler  stm32g0xx_hal_i2c.o
    0x08001374   0x08001374   0x00000010   Code   RO         2252    i.HAL_I2C_EV_IRQHandler  stm32g0xx_hal_i2c.o
    0x08001384   0x08001384   0x00000002   Code   RO         2254    i.HAL_I2C_ErrorCallback  stm32g0xx_hal_i2c.o
    0x08001386   0x08001386   0x00000002   PAD
    0x08001388   0x08001388   0x000000b4   Code   RO         2258    i.HAL_I2C_Init      stm32g0xx_hal_i2c.o
    0x0800143c   0x0800143c   0x00000002   Code   RO         2260    i.HAL_I2C_ListenCpltCallback  stm32g0xx_hal_i2c.o
    0x0800143e   0x0800143e   0x00000002   Code   RO         2261    i.HAL_I2C_MasterRxCpltCallback  stm32g0xx_hal_i2c.o
    0x08001440   0x08001440   0x00000002   Code   RO         2262    i.HAL_I2C_MasterTxCpltCallback  stm32g0xx_hal_i2c.o
    0x08001442   0x08001442   0x00000002   Code   RO         2274    i.HAL_I2C_MemRxCpltCallback  stm32g0xx_hal_i2c.o
    0x08001444   0x08001444   0x00000002   Code   RO         2275    i.HAL_I2C_MemTxCpltCallback  stm32g0xx_hal_i2c.o
    0x08001446   0x08001446   0x00000002   PAD
    0x08001448   0x08001448   0x000000fc   Code   RO         2277    i.HAL_I2C_Mem_Read_DMA  stm32g0xx_hal_i2c.o
    0x08001544   0x08001544   0x00000140   Code   RO          400    i.HAL_I2C_MspInit   i2c.o
    0x08001684   0x08001684   0x00000002   Code   RO         2284    i.HAL_I2C_SlaveRxCpltCallback  stm32g0xx_hal_i2c.o
    0x08001686   0x08001686   0x00000002   Code   RO         2285    i.HAL_I2C_SlaveTxCpltCallback  stm32g0xx_hal_i2c.o
    0x08001688   0x08001688   0x00000010   Code   RO         2006    i.HAL_IncTick       stm32g0xx_hal.o
    0x08001698   0x08001698   0x00000028   Code   RO         2007    i.HAL_Init          stm32g0xx_hal.o
    0x080016c0   0x080016c0   0x0000009c   Code   RO          680    i.HAL_InitTick      stm32g0xx_hal_timebase_tim.o
    0x0800175c   0x0800175c   0x0000003c   Code   RO          660    i.HAL_MspInit       stm32g0xx_hal_msp.o
    0x08001798   0x08001798   0x00000018   Code   RO         1884    i.HAL_NVIC_EnableIRQ  stm32g0xx_hal_cortex.o
    0x080017b0   0x080017b0   0x00000008   Code   RO         1888    i.HAL_NVIC_SetPriority  stm32g0xx_hal_cortex.o
    0x080017b8   0x080017b8   0x0000004c   Code   RO         1769    i.HAL_PWREx_ControlVoltageScaling  stm32g0xx_hal_pwr_ex.o
    0x08001804   0x08001804   0x00000160   Code   RO         1235    i.HAL_RCCEx_PeriphCLKConfig  stm32g0xx_hal_rcc_ex.o
    0x08001964   0x08001964   0x00000158   Code   RO         1119    i.HAL_RCC_ClockConfig  stm32g0xx_hal_rcc.o
    0x08001abc   0x08001abc   0x00000038   Code   RO         1124    i.HAL_RCC_GetClockConfig  stm32g0xx_hal_rcc.o
    0x08001af4   0x08001af4   0x00000028   Code   RO         1127    i.HAL_RCC_GetPCLK1Freq  stm32g0xx_hal_rcc.o
    0x08001b1c   0x08001b1c   0x0000007c   Code   RO         1129    i.HAL_RCC_GetSysClockFreq  stm32g0xx_hal_rcc.o
    0x08001b98   0x08001b98   0x000003d8   Code   RO         1133    i.HAL_RCC_OscConfig  stm32g0xx_hal_rcc.o
    0x08001f70   0x08001f70   0x000000ee   Code   RO         2776    i.HAL_SPI_Init      stm32g0xx_hal_spi.o
    0x0800205e   0x0800205e   0x00000002   PAD
    0x08002060   0x08002060   0x00000084   Code   RO          444    i.HAL_SPI_MspInit   spi.o
    0x080020e4   0x080020e4   0x00000160   Code   RO         2784    i.HAL_SPI_Transmit  stm32g0xx_hal_spi.o
    0x08002244   0x08002244   0x00000014   Code   RO         2016    i.HAL_SYSCFG_StrobeDBattpinsConfig  stm32g0xx_hal.o
    0x08002258   0x08002258   0x00000002   Code   RO         3820    i.HAL_TIMEx_Break2Callback  stm32g0xx_hal_tim_ex.o
    0x0800225a   0x0800225a   0x00000002   Code   RO         3821    i.HAL_TIMEx_BreakCallback  stm32g0xx_hal_tim_ex.o
    0x0800225c   0x0800225c   0x00000002   Code   RO         3822    i.HAL_TIMEx_CommutCallback  stm32g0xx_hal_tim_ex.o
    0x0800225e   0x0800225e   0x00000002   PAD
    0x08002260   0x08002260   0x000000ac   Code   RO         3824    i.HAL_TIMEx_ConfigBreakDeadTime  stm32g0xx_hal_tim_ex.o
    0x0800230c   0x0800230c   0x0000004c   Code   RO         3110    i.HAL_TIM_Base_Init  stm32g0xx_hal_tim.o
    0x08002358   0x08002358   0x00000084   Code   RO          482    i.HAL_TIM_Base_MspInit  tim.o
    0x080023dc   0x080023dc   0x0000005c   Code   RO         3115    i.HAL_TIM_Base_Start_IT  stm32g0xx_hal_tim.o
    0x08002438   0x08002438   0x00000002   Code   RO         3140    i.HAL_TIM_ErrorCallback  stm32g0xx_hal_tim.o
    0x0800243a   0x0800243a   0x00000002   Code   RO         3144    i.HAL_TIM_IC_CaptureCallback  stm32g0xx_hal_tim.o
    0x0800243c   0x0800243c   0x00000184   Code   RO         3158    i.HAL_TIM_IRQHandler  stm32g0xx_hal_tim.o
    0x080025c0   0x080025c0   0x00000078   Code   RO          483    i.HAL_TIM_MspPostInit  tim.o
    0x08002638   0x08002638   0x00000002   Code   RO         3161    i.HAL_TIM_OC_DelayElapsedCallback  stm32g0xx_hal_tim.o
    0x0800263a   0x0800263a   0x00000128   Code   RO         3182    i.HAL_TIM_PWM_ConfigChannel  stm32g0xx_hal_tim.o
    0x08002762   0x08002762   0x0000004c   Code   RO         3185    i.HAL_TIM_PWM_Init  stm32g0xx_hal_tim.o
    0x080027ae   0x080027ae   0x00000002   Code   RO         3187    i.HAL_TIM_PWM_MspInit  stm32g0xx_hal_tim.o
    0x080027b0   0x080027b0   0x00000002   Code   RO         3188    i.HAL_TIM_PWM_PulseFinishedCallback  stm32g0xx_hal_tim.o
    0x080027b2   0x080027b2   0x00000002   Code   RO         3189    i.HAL_TIM_PWM_PulseFinishedHalfCpltCallback  stm32g0xx_hal_tim.o
    0x080027b4   0x080027b4   0x000000d0   Code   RO         3190    i.HAL_TIM_PWM_Start  stm32g0xx_hal_tim.o
    0x08002884   0x08002884   0x000001d0   Code   RO         3191    i.HAL_TIM_PWM_Start_DMA  stm32g0xx_hal_tim.o
    0x08002a54   0x08002a54   0x00000014   Code   RO           13    i.HAL_TIM_PeriodElapsedCallback  main.o
    0x08002a68   0x08002a68   0x00000002   Code   RO         3201    i.HAL_TIM_TriggerCallback  stm32g0xx_hal_tim.o
    0x08002a6a   0x08002a6a   0x0000003c   Code   RO         4535    i.HAL_UARTEx_DisableFifoMode  stm32g0xx_hal_uart_ex.o
    0x08002aa6   0x08002aa6   0x00000002   Code   RO         4128    i.HAL_UARTEx_RxEventCallback  stm32g0xx_hal_uart.o
    0x08002aa8   0x08002aa8   0x00000002   Code   RO         4543    i.HAL_UARTEx_RxFifoFullCallback  stm32g0xx_hal_uart_ex.o
    0x08002aaa   0x08002aaa   0x00000048   Code   RO         4544    i.HAL_UARTEx_SetRxFifoThreshold  stm32g0xx_hal_uart_ex.o
    0x08002af2   0x08002af2   0x00000046   Code   RO         4545    i.HAL_UARTEx_SetTxFifoThreshold  stm32g0xx_hal_uart_ex.o
    0x08002b38   0x08002b38   0x00000002   Code   RO         4547    i.HAL_UARTEx_TxFifoEmptyCallback  stm32g0xx_hal_uart_ex.o
    0x08002b3a   0x08002b3a   0x00000002   Code   RO         4548    i.HAL_UARTEx_WakeupCallback  stm32g0xx_hal_uart_ex.o
    0x08002b3c   0x08002b3c   0x00000002   Code   RO         4144    i.HAL_UART_ErrorCallback  stm32g0xx_hal_uart.o
    0x08002b3e   0x08002b3e   0x00000002   PAD
    0x08002b40   0x08002b40   0x000002f0   Code   RO         4147    i.HAL_UART_IRQHandler  stm32g0xx_hal_uart.o
    0x08002e30   0x08002e30   0x0000006c   Code   RO         4148    i.HAL_UART_Init     stm32g0xx_hal_uart.o
    0x08002e9c   0x08002e9c   0x000000c0   Code   RO          532    i.HAL_UART_MspInit  usart.o
    0x08002f5c   0x08002f5c   0x000000ca   Code   RO         4157    i.HAL_UART_Transmit  stm32g0xx_hal_uart.o
    0x08003026   0x08003026   0x00000002   Code   RO         4160    i.HAL_UART_TxCpltCallback  stm32g0xx_hal_uart.o
    0x08003028   0x08003028   0x00000002   Code   RO          579    i.HardFault_Handler  stm32g0xx_it.o
    0x0800302a   0x0800302a   0x00000002   PAD
    0x0800302c   0x0800302c   0x0000003c   Code   RO         6534    i.HeatPIDInit       pid.o
    0x08003068   0x08003068   0x00000020   Code   RO          580    i.I2C1_IRQHandler   stm32g0xx_it.o
    0x08003088   0x08003088   0x00000020   Code   RO          581    i.I2C2_IRQHandler   stm32g0xx_it.o
    0x080030a8   0x080030a8   0x0000001c   Code   RO         2297    i.I2C_DMAAbort      stm32g0xx_hal_i2c.o
    0x080030c4   0x080030c4   0x00000018   Code   RO         2298    i.I2C_DMAError      stm32g0xx_hal_i2c.o
    0x080030dc   0x080030dc   0x00000054   Code   RO         2299    i.I2C_DMAMasterReceiveCplt  stm32g0xx_hal_i2c.o
    0x08003130   0x08003130   0x00000052   Code   RO         2303    i.I2C_Disable_IRQ   stm32g0xx_hal_i2c.o
    0x08003182   0x08003182   0x00000002   PAD
    0x08003184   0x08003184   0x00000064   Code   RO         2304    i.I2C_Enable_IRQ    stm32g0xx_hal_i2c.o
    0x080031e8   0x080031e8   0x00000022   Code   RO         2305    i.I2C_Flush_TXDR    stm32g0xx_hal_i2c.o
    0x0800320a   0x0800320a   0x0000007c   Code   RO         2306    i.I2C_ITAddrCplt    stm32g0xx_hal_i2c.o
    0x08003286   0x08003286   0x00000002   PAD
    0x08003288   0x08003288   0x000000ec   Code   RO         2307    i.I2C_ITError       stm32g0xx_hal_i2c.o
    0x08003374   0x08003374   0x00000068   Code   RO         2308    i.I2C_ITListenCplt  stm32g0xx_hal_i2c.o
    0x080033dc   0x080033dc   0x000000d8   Code   RO         2309    i.I2C_ITMasterCplt  stm32g0xx_hal_i2c.o
    0x080034b4   0x080034b4   0x00000046   Code   RO         2310    i.I2C_ITMasterSeqCplt  stm32g0xx_hal_i2c.o
    0x080034fa   0x080034fa   0x00000002   PAD
    0x080034fc   0x080034fc   0x0000013c   Code   RO         2311    i.I2C_ITSlaveCplt   stm32g0xx_hal_i2c.o
    0x08003638   0x08003638   0x0000006a   Code   RO         2312    i.I2C_ITSlaveSeqCplt  stm32g0xx_hal_i2c.o
    0x080036a2   0x080036a2   0x00000002   PAD
    0x080036a4   0x080036a4   0x0000010c   Code   RO         2314    i.I2C_Master_ISR_DMA  stm32g0xx_hal_i2c.o
    0x080037b0   0x080037b0   0x00000110   Code   RO         2316    i.I2C_Mem_ISR_DMA   stm32g0xx_hal_i2c.o
    0x080038c0   0x080038c0   0x00000112   Code   RO         2320    i.I2C_Slave_ISR_DMA  stm32g0xx_hal_i2c.o
    0x080039d2   0x080039d2   0x00000002   PAD
    0x080039d4   0x080039d4   0x00000130   Code   RO         2321    i.I2C_Slave_ISR_IT  stm32g0xx_hal_i2c.o
    0x08003b04   0x08003b04   0x0000002c   Code   RO         2322    i.I2C_TransferConfig  stm32g0xx_hal_i2c.o
    0x08003b30   0x08003b30   0x00000026   Code   RO         2323    i.I2C_TreatErrorCallback  stm32g0xx_hal_i2c.o
    0x08003b56   0x08003b56   0x00000008   Code   RO          861    i.LL_ADC_IsEnabled  stm32g0xx_hal_adc.o
    0x08003b5e   0x08003b5e   0x00000008   Code   RO          862    i.LL_ADC_REG_IsConversionOngoing  stm32g0xx_hal_adc.o
    0x08003b66   0x08003b66   0x00000010   Code   RO          863    i.LL_ADC_REG_IsTriggerSourceSWStart  stm32g0xx_hal_adc.o
    0x08003b76   0x08003b76   0x0000000e   Code   RO          865    i.LL_ADC_SetCommonPathInternalCh  stm32g0xx_hal_adc.o
    0x08003b84   0x08003b84   0x00000016   Code   RO          866    i.LL_ADC_SetSamplingTimeCommonChannels  stm32g0xx_hal_adc.o
    0x08003b9a   0x08003b9a   0x00000002   PAD
    0x08003b9c   0x08003b9c   0x000000b0   Code   RO          343    i.MX_ADC1_Init      adc.o
    0x08003c4c   0x08003c4c   0x00000038   Code   RO          379    i.MX_DMA_Init       dma.o
    0x08003c84   0x08003c84   0x0000005c   Code   RO          288    i.MX_FREERTOS_Init  app_freertos.o
    0x08003ce0   0x08003ce0   0x000001b0   Code   RO          265    i.MX_GPIO_Init      gpio.o
    0x08003e90   0x08003e90   0x00000058   Code   RO          401    i.MX_I2C1_Init      i2c.o
    0x08003ee8   0x08003ee8   0x00000058   Code   RO          402    i.MX_I2C2_Init      i2c.o
    0x08003f40   0x08003f40   0x0000004c   Code   RO          445    i.MX_SPI1_Init      spi.o
    0x08003f8c   0x08003f8c   0x0000006c   Code   RO          484    i.MX_TIM14_Init     tim.o
    0x08003ff8   0x08003ff8   0x0000009c   Code   RO          485    i.MX_TIM16_Init     tim.o
    0x08004094   0x08004094   0x00000080   Code   RO          533    i.MX_USART1_UART_Init  usart.o
    0x08004114   0x08004114   0x00000002   Code   RO          582    i.NMI_Handler       stm32g0xx_it.o
    0x08004116   0x08004116   0x000000a2   Code   RO         6535    i.PID_realize       pid.o
    0x080041b8   0x080041b8   0x0000004c   Code   RO         2814    i.SPI_EndRxTxTransaction  stm32g0xx_hal_spi.o
    0x08004204   0x08004204   0x000000d8   Code   RO         2819    i.SPI_WaitFifoStateUntilTimeout  stm32g0xx_hal_spi.o
    0x080042dc   0x080042dc   0x000000b8   Code   RO         2820    i.SPI_WaitFlagStateUntilTimeout  stm32g0xx_hal_spi.o
    0x08004394   0x08004394   0x00000002   Code   RO         6354    i.SVC_Handler       port.o
    0x08004396   0x08004396   0x00000002   PAD
    0x08004398   0x08004398   0x00000018   Code   RO         5797    i.SysTick_Handler   cmsis_os2.o
    0x080043b0   0x080043b0   0x00000068   Code   RO           14    i.SystemClock_Config  main.o
    0x08004418   0x08004418   0x00000002   Code   RO         4650    i.SystemInit        system_stm32g0xx.o
    0x0800441a   0x0800441a   0x00000002   PAD
    0x0800441c   0x0800441c   0x00000010   Code   RO          583    i.TIM6_IRQHandler   stm32g0xx_it.o
    0x0800442c   0x0800442c   0x00000088   Code   RO         3203    i.TIM_Base_SetConfig  stm32g0xx_hal_tim.o
    0x080044b4   0x080044b4   0x0000001a   Code   RO         3204    i.TIM_CCxChannelCmd  stm32g0xx_hal_tim.o
    0x080044ce   0x080044ce   0x00000066   Code   RO         3207    i.TIM_DMADelayPulseCplt  stm32g0xx_hal_tim.o
    0x08004534   0x08004534   0x00000038   Code   RO         3208    i.TIM_DMADelayPulseHalfCplt  stm32g0xx_hal_tim.o
    0x0800456c   0x0800456c   0x00000054   Code   RO         3209    i.TIM_DMAError      stm32g0xx_hal_tim.o
    0x080045c0   0x080045c0   0x0000008c   Code   RO         3216    i.TIM_OC1_SetConfig  stm32g0xx_hal_tim.o
    0x0800464c   0x0800464c   0x00000084   Code   RO         3217    i.TIM_OC2_SetConfig  stm32g0xx_hal_tim.o
    0x080046d0   0x080046d0   0x00000088   Code   RO         3218    i.TIM_OC3_SetConfig  stm32g0xx_hal_tim.o
    0x08004758   0x08004758   0x00000074   Code   RO         3219    i.TIM_OC4_SetConfig  stm32g0xx_hal_tim.o
    0x080047cc   0x080047cc   0x00000064   Code   RO         3220    i.TIM_OC5_SetConfig  stm32g0xx_hal_tim.o
    0x08004830   0x08004830   0x0000006c   Code   RO         3221    i.TIM_OC6_SetConfig  stm32g0xx_hal_tim.o
    0x0800489c   0x0800489c   0x000000b8   Code   RO         6464    i.TMC5130_Init      tmc5130.o
    0x08004954   0x08004954   0x00000044   Code   RO         6466    i.TMC5130_Write     tmc5130.o
    0x08004998   0x08004998   0x00000002   Code   RO         6567    i.TMP114_Init       tmp114.o
    0x0800499a   0x0800499a   0x00000002   PAD
    0x0800499c   0x0800499c   0x0000001c   Code   RO         6569    i.TMP114_Read       tmp114.o
    0x080049b8   0x080049b8   0x00000020   Code   RO         6572    i.TmpRaw2Ture       tmp114.o
    0x080049d8   0x080049d8   0x00000044   Code   RO         4549    i.UARTEx_SetNbDataToProcess  stm32g0xx_hal_uart_ex.o
    0x08004a1c   0x08004a1c   0x000000ca   Code   RO         4162    i.UART_AdvFeatureConfig  stm32g0xx_hal_uart.o
    0x08004ae6   0x08004ae6   0x00000002   PAD
    0x08004ae8   0x08004ae8   0x00000064   Code   RO         4163    i.UART_CheckIdleState  stm32g0xx_hal_uart.o
    0x08004b4c   0x08004b4c   0x00000014   Code   RO         4164    i.UART_DMAAbortOnError  stm32g0xx_hal_uart.o
    0x08004b60   0x08004b60   0x00000064   Code   RO         4174    i.UART_EndRxTransfer  stm32g0xx_hal_uart.o
    0x08004bc4   0x08004bc4   0x00000190   Code   RO         4180    i.UART_SetConfig    stm32g0xx_hal_uart.o
    0x08004d54   0x08004d54   0x000000d2   Code   RO         4187    i.UART_WaitOnFlagUntilTimeout  stm32g0xx_hal_uart.o
    0x08004e26   0x08004e26   0x00000002   PAD
    0x08004e28   0x08004e28   0x00000018   Code   RO         6625    i.UCS1903Show       ucs1903.o
    0x08004e40   0x08004e40   0x00000054   Code   RO          584    i.USART1_IRQHandler  stm32g0xx_it.o
    0x08004e94   0x08004e94   0x0000002e   Code   RO         6705    i.__ARM_clz         mf_p.l(depilogue.o)
    0x08004ec2   0x08004ec2   0x0000001a   Code   RO         1629    i.__ARM_common_switch8  stm32g0xx_hal_dma.o
    0x08004edc   0x08004edc   0x00000044   Code   RO         1894    i.__NVIC_SetPriority  stm32g0xx_hal_cortex.o
    0x08004f20   0x08004f20   0x0000000e   Code   RO         6715    i.__scatterload_copy  mc_p.l(handlers.o)
    0x08004f2e   0x08004f2e   0x00000002   Code   RO         6716    i.__scatterload_null  mc_p.l(handlers.o)
    0x08004f30   0x08004f30   0x0000000e   Code   RO         6717    i.__scatterload_zeroinit  mc_p.l(handlers.o)
    0x08004f3e   0x08004f3e   0x0000003a   Code   RO           15    i.main              main.o
    0x08004f78   0x08004f78   0x00000032   Code   RO         5804    i.osEventFlagsNew   cmsis_os2.o
    0x08004faa   0x08004faa   0x00000002   PAD
    0x08004fac   0x08004fac   0x00000028   Code   RO         5813    i.osKernelInitialize  cmsis_os2.o
    0x08004fd4   0x08004fd4   0x0000003c   Code   RO         5816    i.osKernelStart     cmsis_os2.o
    0x08005010   0x08005010   0x0000006a   Code   RO         5833    i.osMessageQueueNew  cmsis_os2.o
    0x0800507a   0x0800507a   0x00000096   Code   RO         5858    i.osThreadNew       cmsis_os2.o
    0x08005110   0x08005110   0x00000044   Code   RO         6427    i.processData       screen.o
    0x08005154   0x08005154   0x00000058   Code   RO         5271    i.prvAddCurrentTaskToDelayedList  tasks.o
    0x080051ac   0x080051ac   0x000000bc   Code   RO         5272    i.prvAddNewTaskToReadyList  tasks.o
    0x08005268   0x08005268   0x0000005c   Code   RO         5636    i.prvCheckForValidListAndQueue  timers.o
    0x080052c4   0x080052c4   0x00000026   Code   RO         4868    i.prvCopyDataFromQueue  queue.o
    0x080052ea   0x080052ea   0x00000070   Code   RO         4869    i.prvCopyDataToQueue  queue.o
    0x0800535a   0x0800535a   0x00000026   Code   RO         5273    i.prvDeleteTCB      tasks.o
    0x08005380   0x08005380   0x00000044   Code   RO         6298    i.prvHeapInit       heap_4.o
    0x080053c4   0x080053c4   0x0000004c   Code   RO         5274    i.prvIdleTask       tasks.o
    0x08005410   0x08005410   0x00000022   Code   RO         4871    i.prvInitialiseNewQueue  queue.o
    0x08005432   0x08005432   0x00000094   Code   RO         5275    i.prvInitialiseNewTask  tasks.o
    0x080054c6   0x080054c6   0x00000002   PAD
    0x080054c8   0x080054c8   0x0000004c   Code   RO         6299    i.prvInsertBlockIntoFreeList  heap_4.o
    0x08005514   0x08005514   0x00000038   Code   RO         5638    i.prvInsertTimerInActiveList  timers.o
    0x0800554c   0x0800554c   0x0000001c   Code   RO         4872    i.prvIsQueueEmpty   queue.o
    0x08005568   0x08005568   0x000000e8   Code   RO         5639    i.prvProcessReceivedCommands  timers.o
    0x08005650   0x08005650   0x000000a8   Code   RO         5640    i.prvProcessTimerOrBlockTask  timers.o
    0x080056f8   0x080056f8   0x00000020   Code   RO         5277    i.prvResetNextTaskUnblockTime  tasks.o
    0x08005718   0x08005718   0x00000028   Code   RO         5641    i.prvSampleTimeNow  timers.o
    0x08005740   0x08005740   0x00000064   Code   RO         5642    i.prvSwitchTimerLists  timers.o
    0x080057a4   0x080057a4   0x00000014   Code   RO         6355    i.prvTaskExitError  port.o
    0x080057b8   0x080057b8   0x00000016   Code   RO         4718    i.prvTestWaitCondition  event_groups.o
    0x080057ce   0x080057ce   0x00000002   PAD
    0x080057d0   0x080057d0   0x00000024   Code   RO         5643    i.prvTimerTask      timers.o
    0x080057f4   0x080057f4   0x00000070   Code   RO         4873    i.prvUnlockQueue    queue.o
    0x08005864   0x08005864   0x000000b8   Code   RO         6300    i.pvPortMalloc      heap_4.o
    0x0800591c   0x0800591c   0x00000020   Code   RO         6356    i.pxPortInitialiseStack  port.o
    0x0800593c   0x0800593c   0x00000040   Code   RO         6626    i.sendColor         ucs1903.o
    0x0800597c   0x0800597c   0x00000026   Code   RO         4831    i.uxListRemove      list.o
    0x080059a2   0x080059a2   0x00000002   PAD
    0x080059a4   0x080059a4   0x00000018   Code   RO         5289    i.uxTaskResetEventItemValue  tasks.o
    0x080059bc   0x080059bc   0x00000014   Code   RO         5870    i.vApplicationGetIdleTaskMemory  cmsis_os2.o
    0x080059d0   0x080059d0   0x00000018   Code   RO         5871    i.vApplicationGetTimerTaskMemory  cmsis_os2.o
    0x080059e8   0x080059e8   0x00000016   Code   RO         4832    i.vListInitialise   list.o
    0x080059fe   0x080059fe   0x00000006   Code   RO         4833    i.vListInitialiseItem  list.o
    0x08005a04   0x08005a04   0x00000030   Code   RO         4834    i.vListInsert       list.o
    0x08005a34   0x08005a34   0x00000018   Code   RO         4835    i.vListInsertEnd    list.o
    0x08005a4c   0x08005a4c   0x00000018   Code   RO         6358    i.vPortEnterCritical  port.o
    0x08005a64   0x08005a64   0x0000001c   Code   RO         6359    i.vPortExitCritical  port.o
    0x08005a80   0x08005a80   0x00000048   Code   RO         6301    i.vPortFree         heap_4.o
    0x08005ac8   0x08005ac8   0x00000028   Code   RO         6360    i.vPortSetupTimerInterrupt  port.o
    0x08005af0   0x08005af0   0x00000018   Code   RO         6361    i.vPortYield        port.o
    0x08005b08   0x08005b08   0x00000024   Code   RO         4879    i.vQueueAddToRegistry  queue.o
    0x08005b2c   0x08005b2c   0x00000044   Code   RO         4883    i.vQueueWaitForMessageRestricted  queue.o
    0x08005b70   0x08005b70   0x00000030   Code   RO         5290    i.vTaskDelay        tasks.o
    0x08005ba0   0x08005ba0   0x00000010   Code   RO         5295    i.vTaskInternalSetTimeOutState  tasks.o
    0x08005bb0   0x08005bb0   0x0000000c   Code   RO         5296    i.vTaskMissedYield  tasks.o
    0x08005bbc   0x08005bbc   0x00000024   Code   RO         5298    i.vTaskPlaceOnEventList  tasks.o
    0x08005be0   0x08005be0   0x00000030   Code   RO         5299    i.vTaskPlaceOnEventListRestricted  tasks.o
    0x08005c10   0x08005c10   0x0000003c   Code   RO         5300    i.vTaskPlaceOnUnorderedEventList  tasks.o
    0x08005c4c   0x08005c4c   0x0000005c   Code   RO         5303    i.vTaskRemoveFromUnorderedEventList  tasks.o
    0x08005ca8   0x08005ca8   0x00000068   Code   RO         5307    i.vTaskStartScheduler  tasks.o
    0x08005d10   0x08005d10   0x00000010   Code   RO         5309    i.vTaskSuspendAll   tasks.o
    0x08005d20   0x08005d20   0x00000058   Code   RO         5310    i.vTaskSwitchContext  tasks.o
    0x08005d78   0x08005d78   0x00000028   Code   RO         4724    i.xEventGroupClearBits  event_groups.o
    0x08005da0   0x08005da0   0x0000001c   Code   RO         4726    i.xEventGroupCreate  event_groups.o
    0x08005dbc   0x08005dbc   0x00000022   Code   RO         4727    i.xEventGroupCreateStatic  event_groups.o
    0x08005dde   0x08005dde   0x00000074   Code   RO         4729    i.xEventGroupSetBits  event_groups.o
    0x08005e52   0x08005e52   0x000000cc   Code   RO         4732    i.xEventGroupWaitBits  event_groups.o
    0x08005f1e   0x08005f1e   0x00000002   PAD
    0x08005f20   0x08005f20   0x00000030   Code   RO         6362    i.xPortStartScheduler  port.o
    0x08005f50   0x08005f50   0x00000024   Code   RO         6363    i.xPortSysTickHandler  port.o
    0x08005f74   0x08005f74   0x00000034   Code   RO         4888    i.xQueueGenericCreate  queue.o
    0x08005fa8   0x08005fa8   0x00000040   Code   RO         4889    i.xQueueGenericCreateStatic  queue.o
    0x08005fe8   0x08005fe8   0x0000006c   Code   RO         4890    i.xQueueGenericReset  queue.o
    0x08006054   0x08006054   0x00000118   Code   RO         4891    i.xQueueGenericSend  queue.o
    0x0800616c   0x0800616c   0x0000008e   Code   RO         4892    i.xQueueGenericSendFromISR  queue.o
    0x080061fa   0x080061fa   0x00000102   Code   RO         4901    i.xQueueReceive     queue.o
    0x080062fc   0x080062fc   0x0000005c   Code   RO         5312    i.xTaskCheckForTimeOut  tasks.o
    0x08006358   0x08006358   0x00000052   Code   RO         5313    i.xTaskCreate       tasks.o
    0x080063aa   0x080063aa   0x00000044   Code   RO         5314    i.xTaskCreateStatic  tasks.o
    0x080063ee   0x080063ee   0x00000002   PAD
    0x080063f0   0x080063f0   0x00000020   Code   RO         5318    i.xTaskGetSchedulerState  tasks.o
    0x08006410   0x08006410   0x0000000c   Code   RO         5319    i.xTaskGetTickCount  tasks.o
    0x0800641c   0x0800641c   0x000000bc   Code   RO         5321    i.xTaskIncrementTick  tasks.o
    0x080064d8   0x080064d8   0x00000068   Code   RO         5324    i.xTaskPriorityDisinherit  tasks.o
    0x08006540   0x08006540   0x00000064   Code   RO         5326    i.xTaskRemoveFromEventList  tasks.o
    0x080065a4   0x080065a4   0x000000b0   Code   RO         5327    i.xTaskResumeAll    tasks.o
    0x08006654   0x08006654   0x00000058   Code   RO         5652    i.xTimerCreateTimerTask  timers.o
    0x080066ac   0x080066ac   0x00000054   Code   RO         5653    i.xTimerGenericCommand  timers.o
    0x08006700   0x08006700   0x00000094   Data   RO          290    .constdata          app_freertos.o
    0x08006794   0x08006794   0x00000018   Data   RO         4188    .constdata          stm32g0xx_hal_uart.o
    0x080067ac   0x080067ac   0x00000010   Data   RO         4550    .constdata          stm32g0xx_hal_uart_ex.o
    0x080067bc   0x080067bc   0x00000040   Data   RO         4651    .constdata          system_stm32g0xx.o
    0x080067fc   0x080067fc   0x00000020   Data   RO         4652    .constdata          system_stm32g0xx.o
    0x0800681c   0x0800681c   0x0000003e   Data   RO          292    .conststring        app_freertos.o
    0x0800685a   0x0800685a   0x00000002   PAD
    0x0800685c   0x0800685c   0x00000020   Data   RO         6713    Region$$Table       anon$$obj.o


    Execution Region RW_IRAM1 (Exec base: 0x20000000, Load base: 0x0800687c, Size: 0x00002508, Max: 0x00009000, ABSOLUTE)

    Exec Addr    Load Addr    Size         Type   Attr      Idx    E Section Name        Object

    0x20000000   0x0800687c   0x00000014   Data   RW          295    .data               app_freertos.o
    0x20000014   0x08006890   0x00000001   Data   RW          589    .data               stm32g0xx_it.o
    0x20000015   0x08006891   0x00000003   PAD
    0x20000018   0x08006894   0x0000000c   Data   RW         2019    .data               stm32g0xx_hal.o
    0x20000024   0x080068a0   0x00000004   Data   RW         4653    .data               system_stm32g0xx.o
    0x20000028   0x080068a4   0x0000003c   Data   RW         5330    .data               tasks.o
    0x20000064   0x080068e0   0x00000014   Data   RW         5661    .data               timers.o
    0x20000078   0x080068f4   0x00000004   Data   RW         5873    .data               cmsis_os2.o
    0x2000007c   0x080068f8   0x00000020   Data   RW         6307    .data               heap_4.o
    0x2000009c   0x08006918   0x00000004   Data   RW         6364    .data               port.o
    0x200000a0   0x0800691c   0x00000004   Data   RW         6468    .data               tmc5130.o
    0x200000a4   0x08006920   0x00000001   Data   RW         6537    .data               pid.o
    0x200000a5   0x08006921   0x00000002   Data   RW         6573    .data               tmp114.o
    0x200000a7   0x08006923   0x00000001   PAD
    0x200000a8   0x08006924   0x00000004   Data   RW         6574    .data               tmp114.o
    0x200000ac        -       0x00000034   Zero   RW          289    .bss                app_freertos.o
    0x200000e0        -       0x000000c0   Zero   RW          344    .bss                adc.o
    0x200001a0        -       0x00000160   Zero   RW          403    .bss                i2c.o
    0x20000300        -       0x00000064   Zero   RW          446    .bss                spi.o
    0x20000364        -       0x000000f4   Zero   RW          486    .bss                tim.o
    0x20000458        -       0x000000f0   Zero   RW          535    .bss                usart.o
    0x20000548        -       0x00000034   Zero   RW          586    .bss                stm32g0xx_it.o
    0x2000057c        -       0x0000004c   Zero   RW          683    .bss                stm32g0xx_hal_timebase_tim.o
    0x200005c8        -       0x00000040   Zero   RW         4905    .bss                queue.o
    0x20000608        -       0x000004c4   Zero   RW         5329    .bss                tasks.o
    0x20000acc        -       0x00000118   Zero   RW         5660    .bss                timers.o
    0x20000be4        -       0x000006b8   Zero   RW         5872    .bss                cmsis_os2.o
    0x2000129c        -       0x00000c00   Zero   RW         6306    .bss                heap_4.o
    0x20001e9c        -       0x00000028   Zero   RW         6536    .bss                pid.o
    0x20001ec4        -       0x00000240   Zero   RW         6628    .bss                ucs1903.o
    0x20002104   0x08006928   0x00000004   PAD
    0x20002108        -       0x00000400   Zero   RW            1    STACK               startup_stm32g070xx.o


==============================================================================

Image component sizes


      Code (inc. data)   RO Data    RW Data    ZI Data      Debug   Object Name

       372         34          0          0        192       1755   adc.o
       368         84        210         20         52       3421   app_freertos.o
       474         26          0          4       1720      28760   cmsis_os2.o
         0          0          0          0          0       9568   croutine.o
        56          4          0          0          0        694   dma.o
       444          0          0          0          0      18364   event_groups.o
       432         24          0          0          0       1067   gpio.o
       400         22          0         32       3072       4115   heap_4.o
       496         48          0          0        352       2368   i2c.o
       138          0          0          0          0       3206   list.o
       186          4          0          0          0     447709   main.o
       222         22          0          1         40       2017   pid.o
       374         56          0          4          0       7067   port.o
      1332          4          0          0         64      16030   queue.o
        68         14          0          0          0        570   screen.o
       208         20          0          0        100       1565   spi.o
        28          8        184          0       1024        604   startup_stm32g070xx.o
        88         18          0         12          0      15433   stm32g0xx_hal.o
      1502         62          0          0          0      40470   stm32g0xx_hal_adc.o
         8          0          0          0          0       2481   stm32g0xx_hal_adc_ex.o
       100         14          0          0          0      11236   stm32g0xx_hal_cortex.o
       920         42          0          0          0       6593   stm32g0xx_hal_dma.o
         0          0          0          0          0       2688   stm32g0xx_hal_flash.o
       420         22          0          0          0       4021   stm32g0xx_hal_gpio.o
      3286        116          0          0          0      24864   stm32g0xx_hal_i2c.o
       146          0          0          0          0       1823   stm32g0xx_hal_i2c_ex.o
        60          4          0          0          0        778   stm32g0xx_hal_msp.o
        76         14          0          0          0        714   stm32g0xx_hal_pwr_ex.o
      1548         94          0          0          0      20774   stm32g0xx_hal_rcc.o
       352         14          0          0          0       1588   stm32g0xx_hal_rcc_ex.o
      1066          8          0          0          0       5770   stm32g0xx_hal_spi.o
      2750        236          0          0          0      17825   stm32g0xx_hal_tim.o
       178          4          0          0          0       2840   stm32g0xx_hal_tim_ex.o
       156         26          0          0         76     437332   stm32g0xx_hal_timebase_tim.o
      2100         66         24          0          0      32180   stm32g0xx_hal_uart.o
       276          6         16          0          0       4946   stm32g0xx_hal_uart_ex.o
       254         60          0          1         52       5469   stm32g0xx_it.o
         0          0          0          0          0       9520   stream_buffer.o
         2          0         96          4          0       1035   system_stm32g0xx.o
      1968        176          0         60       1220      25273   tasks.o
       516         56          0          0        244       2980   tim.o
       896         78          0         20        280      13767   timers.o
       252         32          0          4          0       1643   tmc5130.o
        62          6          0          6          0       1937   tmp114.o
        88         14          0          0        576       1832   ucs1903.o
       320         30          0          0        240       1749   usart.o

    ----------------------------------------------------------------------
     25044       1568        564        172       9308    1248441   Object Totals
         0          0         32          0          0          0   (incl. Generated)
        56          0          2          4          4          0   (incl. Padding)

    ----------------------------------------------------------------------

      Code (inc. data)   RO Data    RW Data    ZI Data      Debug   Library Member Name

         0          0          0          0          0          0   entry.o
         0          0          0          0          0          0   entry10a.o
         0          0          0          0          0          0   entry11a.o
         4          0          0          0          0          0   entry12b.o
         8          4          0          0          0          0   entry2.o
         4          0          0          0          0          0   entry5.o
         0          0          0          0          0          0   entry7b.o
         0          0          0          0          0          0   entry8b.o
         8          4          0          0          0          0   entry9a.o
        30          0          0          0          0          0   handlers.o
        36          8          0          0          0         68   init.o
         0          0          0          0          0          0   iusefp.o
        32          0          0          0          0         68   llshl.o
        34          0          0          0          0         68   llushr.o
        36          0          0          0          0         60   memcpya.o
        36          0          0          0          0        100   memseta.o
        44          0          0          0          0         72   uidiv.o
        20          0          0          0          0         68   cfrcmple.o
        56          0          0          0          0         68   d2f.o
       236          0          0          0          0        216   depilogue.o
        40          6          0          0          0         68   dflti.o
        44          0          0          0          0         72   dscalb.o
       178          0          0          0          0        108   fadd.o
       130          0          0          0          0        144   fepilogue.o
        40          0          0          0          0         60   ffixui.o
       122          0          0          0          0         72   fmul.o

    ----------------------------------------------------------------------
      1140         22          0          0          0       1312   Library Totals
         2          0          0          0          0          0   (incl. Padding)

    ----------------------------------------------------------------------

      Code (inc. data)   RO Data    RW Data    ZI Data      Debug   Library Name

       272         16          0          0          0        436   mc_p.l
       866          6          0          0          0        876   mf_p.l

    ----------------------------------------------------------------------
      1140         22          0          0          0       1312   Library Totals

    ----------------------------------------------------------------------

==============================================================================


      Code (inc. data)   RO Data    RW Data    ZI Data      Debug   

     26184       1590        564        172       9308    1237965   Grand Totals
     26184       1590        564        172       9308    1237965   ELF Image Totals
     26184       1590        564        172          0          0   ROM Totals

==============================================================================

    Total RO  Size (Code + RO Data)                26748 (  26.12kB)
    Total RW  Size (RW Data + ZI Data)              9480 (   9.26kB)
    Total ROM Size (Code + RO Data + RW Data)      26920 (  26.29kB)

==============================================================================

