Component: ARM Compiler 5.06 update 7 (build 960) Tool: armlink [4d3601]

==============================================================================

Section Cross References

    startup_stm32g070xx.o(RESET) refers to startup_stm32g070xx.o(STACK) for __initial_sp
    startup_stm32g070xx.o(RESET) refers to startup_stm32g070xx.o(.text) for Reset_Handler
    startup_stm32g070xx.o(RESET) refers to stm32g0xx_it.o(i.NMI_Handler) for NMI_Handler
    startup_stm32g070xx.o(RESET) refers to stm32g0xx_it.o(i.HardFault_Handler) for HardFault_Handler
    startup_stm32g070xx.o(RESET) refers to port.o(i.SVC_Handler) for SVC_Handler
    startup_stm32g070xx.o(RESET) refers to port.o(.emb_text) for PendSV_Handler
    startup_stm32g070xx.o(RESET) refers to cmsis_os2.o(i.SysTick_Handler) for SysTick_Handler
    startup_stm32g070xx.o(RESET) refers to stm32g0xx_it.o(i.EXTI2_3_IRQHandler) for EXTI2_3_IRQHandler
    startup_stm32g070xx.o(RESET) refers to stm32g0xx_it.o(i.DMA1_Channel1_IRQHandler) for DMA1_Channel1_IRQHandler
    startup_stm32g070xx.o(RESET) refers to stm32g0xx_it.o(i.DMA1_Channel2_3_IRQHandler) for DMA1_Channel2_3_IRQHandler
    startup_stm32g070xx.o(RESET) refers to stm32g0xx_it.o(i.DMA1_Ch4_7_DMAMUX1_OVR_IRQHandler) for DMA1_Ch4_7_DMAMUX1_OVR_IRQHandler
    startup_stm32g070xx.o(RESET) refers to stm32g0xx_it.o(i.ADC1_IRQHandler) for ADC1_IRQHandler
    startup_stm32g070xx.o(RESET) refers to stm32g0xx_it.o(i.TIM6_IRQHandler) for TIM6_IRQHandler
    startup_stm32g070xx.o(RESET) refers to stm32g0xx_it.o(i.I2C1_IRQHandler) for I2C1_IRQHandler
    startup_stm32g070xx.o(RESET) refers to stm32g0xx_it.o(i.I2C2_IRQHandler) for I2C2_IRQHandler
    startup_stm32g070xx.o(RESET) refers to stm32g0xx_it.o(i.USART1_IRQHandler) for USART1_IRQHandler
    startup_stm32g070xx.o(.text) refers to system_stm32g0xx.o(i.SystemInit) for SystemInit
    startup_stm32g070xx.o(.text) refers to entry.o(.ARM.Collect$$$$00000000) for __main
    main.o(i.HAL_TIM_PeriodElapsedCallback) refers to stm32g0xx_hal.o(i.HAL_IncTick) for HAL_IncTick
    main.o(i.SystemClock_Config) refers to memseta.o(.text) for __aeabi_memclr4
    main.o(i.SystemClock_Config) refers to stm32g0xx_hal_pwr_ex.o(i.HAL_PWREx_ControlVoltageScaling) for HAL_PWREx_ControlVoltageScaling
    main.o(i.SystemClock_Config) refers to stm32g0xx_hal_rcc.o(i.HAL_RCC_OscConfig) for HAL_RCC_OscConfig
    main.o(i.SystemClock_Config) refers to stm32g0xx_hal_rcc.o(i.HAL_RCC_ClockConfig) for HAL_RCC_ClockConfig
    main.o(i.main) refers to stm32g0xx_hal.o(i.HAL_Init) for HAL_Init
    main.o(i.main) refers to main.o(i.SystemClock_Config) for SystemClock_Config
    main.o(i.main) refers to gpio.o(i.MX_GPIO_Init) for MX_GPIO_Init
    main.o(i.main) refers to dma.o(i.MX_DMA_Init) for MX_DMA_Init
    main.o(i.main) refers to adc.o(i.MX_ADC1_Init) for MX_ADC1_Init
    main.o(i.main) refers to i2c.o(i.MX_I2C1_Init) for MX_I2C1_Init
    main.o(i.main) refers to i2c.o(i.MX_I2C2_Init) for MX_I2C2_Init
    main.o(i.main) refers to spi.o(i.MX_SPI1_Init) for MX_SPI1_Init
    main.o(i.main) refers to usart.o(i.MX_USART1_UART_Init) for MX_USART1_UART_Init
    main.o(i.main) refers to tim.o(i.MX_TIM14_Init) for MX_TIM14_Init
    main.o(i.main) refers to tim.o(i.MX_TIM16_Init) for MX_TIM16_Init
    main.o(i.main) refers to cmsis_os2.o(i.osKernelInitialize) for osKernelInitialize
    main.o(i.main) refers to app_freertos.o(i.MX_FREERTOS_Init) for MX_FREERTOS_Init
    main.o(i.main) refers to cmsis_os2.o(i.osKernelStart) for osKernelStart
    gpio.o(i.MX_GPIO_Init) refers to memseta.o(.text) for __aeabi_memclr4
    gpio.o(i.MX_GPIO_Init) refers to stm32g0xx_hal_gpio.o(i.HAL_GPIO_WritePin) for HAL_GPIO_WritePin
    gpio.o(i.MX_GPIO_Init) refers to stm32g0xx_hal_gpio.o(i.HAL_GPIO_Init) for HAL_GPIO_Init
    gpio.o(i.MX_GPIO_Init) refers to stm32g0xx_hal_cortex.o(i.HAL_NVIC_SetPriority) for HAL_NVIC_SetPriority
    gpio.o(i.MX_GPIO_Init) refers to stm32g0xx_hal_cortex.o(i.HAL_NVIC_EnableIRQ) for HAL_NVIC_EnableIRQ
    app_freertos.o(i.APP_HeatTask) refers to pid.o(i.HeatPIDInit) for HeatPIDInit
    app_freertos.o(i.APP_HeatTask) refers to tmp114.o(i.TMP114_Init) for TMP114_Init
    app_freertos.o(i.APP_HeatTask) refers to event_groups.o(i.xEventGroupWaitBits) for xEventGroupWaitBits
    app_freertos.o(i.APP_HeatTask) refers to tasks.o(i.vTaskDelay) for vTaskDelay
    app_freertos.o(i.APP_HeatTask) refers to stm32g0xx_hal_gpio.o(i.HAL_GPIO_TogglePin) for HAL_GPIO_TogglePin
    app_freertos.o(i.APP_HeatTask) refers to tmp114.o(i.TMP114_Read) for TMP114_Read
    app_freertos.o(i.APP_HeatTask) refers to tmp114.o(i.TmpRaw2Ture) for TmpRaw2Ture
    app_freertos.o(i.APP_HeatTask) refers to pid.o(i.PID_realize) for PID_realize
    app_freertos.o(i.APP_HeatTask) refers to printf8.o(i.__0snprintf$8) for __2snprintf
    app_freertos.o(i.APP_HeatTask) refers to app_freertos.o(.data) for .data
    app_freertos.o(i.APP_HeatTask) refers to tmp114.o(.data) for EyeTmp
[...]
    denominator                              0x08007390   Data           8  stm32g0xx_hal_uart_ex.o(.constdata)
    .constdata                               0x08007398   Section       64  system_stm32g0xx.o(.constdata)
    .constdata                               0x080073d8   Section       32  system_stm32g0xx.o(.constdata)
    .conststring                             0x080073f8   Section       62  app_freertos.o(.conststring)
    .data                                    0x20000000   Section       24  app_freertos.o(.data)
    .data                                    0x20000018   Section       12  stm32g0xx_hal.o(.data)
    .data                                    0x20000024   Section        4  system_stm32g0xx.o(.data)
    .data                                    0x20000028   Section       60  tasks.o(.data)
    uxDeletedTasksWaitingCleanUp             0x2000002c   Data           4  tasks.o(.data)
    uxCurrentNumberOfTasks                   0x20000030   Data           4  tasks.o(.data)
    xTickCount                               0x20000034   Data           4  tasks.o(.data)
    uxTopReadyPriority                       0x20000038   Data           4  tasks.o(.data)
    xSchedulerRunning                        0x2000003c   Data           4  tasks.o(.data)
    xPendedTicks                             0x20000040   Data           4  tasks.o(.data)
    xYieldPending                            0x20000044   Data           4  tasks.o(.data)
    xNumOfOverflows                          0x20000048   Data           4  tasks.o(.data)
    uxTaskNumber                             0x2000004c   Data           4  tasks.o(.data)
    xNextTaskUnblockTime                     0x20000050   Data           4  tasks.o(.data)
    xIdleTaskHandle                          0x20000054   Data           4  tasks.o(.data)
    uxSchedulerSuspended                     0x20000058   Data           4  tasks.o(.data)
    pxDelayedTaskList                        0x2000005c   Data           4  tasks.o(.data)
    pxOverflowDelayedTaskList                0x20000060   Data           4  tasks.o(.data)
    .data                                    0x20000064   Section       20  timers.o(.data)
    xTimerQueue                              0x20000064   Data           4  timers.o(.data)
    xTimerTaskHandle                         0x20000068   Data           4  timers.o(.data)
    xLastTime                                0x2000006c   Data           4  timers.o(.data)
    pxCurrentTimerList                       0x20000070   Data           4  timers.o(.data)
    pxOverflowTimerList                      0x20000074   Data           4  timers.o(.data)
    .data                                    0x20000078   Section        4  cmsis_os2.o(.data)
    KernelState                              0x20000078   Data           4  cmsis_os2.o(.data)
    .data                                    0x2000007c   Section       32  heap_4.o(.data)
    pxEnd                                    0x2000007c   Data           4  heap_4.o(.data)
    xFreeBytesRemaining                      0x20000080   Data           4  heap_4.o(.data)
    xMinimumEverFreeBytesRemaining           0x20000084   Data           4  heap_4.o(.data)
    xNumberOfSuccessfulAllocations           0x20000088   Data           4  heap_4.o(.data)
    xNumberOfSuccessfulFrees                 0x2000008c   Data           4  heap_4.o(.data)
    xBlockAllocatedBit                       0x20000090   Data           4  heap_4.o(.data)
    xStart                                   0x20000094   Data           8  heap_4.o(.data)
    .data                                    0x2000009c   Section        4  port.o(.data)
    uxCriticalNesting                        0x2000009c   Data           4  port.o(.data)
    .data                                    0x200000a0   Section        4  tmc5130.o(.data)
    .data                                    0x200000a4   Section        1  pid.o(.data)
    .data                                    0x200000a5   Section        2  tmp114.o(.data)
    .data                                    0x200000a8   Section        4  tmp114.o(.data)
    .data                                    0x200000ac   Section        4  stdout.o(.data)
    .bss                                     0x200000b0   Section      200  app_freertos.o(.bss)
    .bss                                     0x20000178   Section      192  adc.o(.bss)
    .bss                                     0x20000238   Section      536  i2c.o(.bss)
    .bss                                     0x20000450   Section      100  spi.o(.bss)
    .bss                                     0x200004b4   Section      244  tim.o(.bss)
    .bss                                     0x200005a8   Section      240  usart.o(.bss)
    .bss                                     0x20000698   Section      200  stm32g0xx_it.o(.bss)
    .bss                                     0x20000760   Section       76  stm32g0xx_hal_timebase_tim.o(.bss)
    .bss                                     0x200007ac   Section       64  queue.o(.bss)
    .bss                                     0x200007ec   Section     1220  tasks.o(.bss)
    pxReadyTasksLists                        0x200007ec   Data        1120  tasks.o(.bss)
    xDelayedTaskList1                        0x20000c4c   Data          20  tasks.o(.bss)
    xDelayedTaskList2                        0x20000c60   Data          20  tasks.o(.bss)
    xPendingReadyList                        0x20000c74   Data          20  tasks.o(.bss)
    xTasksWaitingTermination                 0x20000c88   Data          20  tasks.o(.bss)
    xSuspendedTaskList                       0x20000c9c   Data          20  tasks.o(.bss)
    .bss                                     0x20000cb0   Section      280  timers.o(.bss)
    xStaticTimerQueue                        0x20000cb0   Data          80  timers.o(.bss)
    ucStaticTimerQueueStorage                0x20000d00   Data         160  timers.o(.bss)
    xActiveTimerList1                        0x20000da0   Data          20  timers.o(.bss)
    xActiveTimerList2                        0x20000db4   Data          20  timers.o(.bss)
    .bss                                     0x20000dc8   Section     1720  cmsis_os2.o(.bss)
    Idle_TCB                                 0x20000dc8   Data          92  cmsis_os2.o(.bss)
    Idle_Stack                               0x20000e24   Data         512  cmsis_os2.o(.bss)
    Timer_TCB                                0x20001024   Data          92  cmsis_os2.o(.bss)
    Timer_Stack                              0x20001080   Data        1024  cmsis_os2.o(.bss)
    .bss                                     0x20001480   Section     3072  heap_4.o(.bss)
    ucHeap                                   0x20001480   Data        3072  heap_4.o(.bss)
    .bss                                     0x20002080   Section       40  pid.o(.bss)
    .bss                                     0x200020a8   Section      576  ucs1903.o(.bss)
    STACK                                    0x200022e8   Section     1024  startup_stm32g070xx.o(STACK)

    Global Symbols

    Symbol Name                              Value     Ov Type        Size  Object(Section)

    BuildAttributes$$THM_ISAv3M$S$PE$A:L22$X:L11$S22$IEEE1$IW$USESV6$~STKCKD$USESV7$~SHL$OTIME$ROPI$EBA8$MICROLIB$REQ8$PRES8$EABIv2 0x00000000   Number         0  anon$$obj.o ABSOLUTE
    __ARM_use_no_argv                        0x00000000   Number         0  main.o ABSOLUTE
    _printf_a                                0x00000000   Number         0  stubs.o ABSOLUTE
    _printf_c                                0x00000000   Number         0  stubs.o ABSOLUTE
    _printf_charcount                        0x00000000   Number         0  stubs.o ABSOLUTE
    _printf_d                                0x00000000   Number         0  stubs.o ABSOLUTE
    _printf_e                                0x00000000   Number         0  stubs.o ABSOLUTE
    _printf_f                                0x00000000   Number         0  stubs.o ABSOLUTE
    _printf_flags                            0x00000000   Number         0  stubs.o ABSOLUTE
    _printf_fp_dec                           0x00000000   Number         0  stubs.o ABSOLUTE
    _printf_fp_hex                           0x00000000   Number         0  stubs.o ABSOLUTE
    _printf_g                                0x00000000   Number         0  stubs.o ABSOLUTE
    _printf_i                                0x00000000   Number         0  stubs.o ABSOLUTE
    _printf_int_dec                          0x00000000   Number         0  stubs.o ABSOLUTE
    _printf_l                                0x00000000   Number         0  stubs.o ABSOLUTE
    _printf_lc                               0x00000000   Number         0  stubs.o ABSOLUTE
    _printf_ll                               0x00000000   Number         0  stubs.o ABSOLUTE
    _printf_lld                              0x00000000   Number         0  stubs.o ABSOLUTE
    _printf_lli                              0x00000000   Number         0  stubs.o ABSOLUTE
    _printf_llo                              0x00000000   Number         0  stubs.o ABSOLUTE
    _printf_llu                              0x00000000   Number         0  stubs.o ABSOLUTE
    _printf_llx                              0x00000000   Number         0  stubs.o ABSOLUTE
    _printf_longlong_dec                     0x00000000   Number         0  stubs.o ABSOLUTE
    _printf_longlong_hex                     0x00000000   Number         0  stubs.o ABSOLUTE
    _printf_longlong_oct                     0x00000000   Number         0  stubs.o ABSOLUTE
    _printf_ls                               0x00000000   Number         0  stubs.o ABSOLUTE
    _printf_mbtowc                           0x00000000   Number         0  stubs.o ABSOLUTE
    _printf_n                                0x00000000   Number         0  stubs.o ABSOLUTE
    _printf_o                                0x00000000   Number         0  stubs.o ABSOLUTE
    _printf_p                                0x00000000   Number         0  stubs.o ABSOLUTE
    _printf_percent                          0x00000000   Number         0  stubs.o ABSOLUTE
    _printf_pre_padding                      0x00000000   Number         0  stubs.o ABSOLUTE
    _printf_return_value                     0x00000000   Number         0  stubs.o ABSOLUTE
    _printf_s                                0x00000000   Number         0  stubs.o ABSOLUTE
    _printf_sizespec                         0x00000000   Number         0  stubs.o ABSOLUTE
    _printf_str                              0x00000000   Number         0  stubs.o ABSOLUTE
    _printf_truncate_signed                  0x00000000   Number         0  stubs.o ABSOLUTE
    _printf_truncate_unsigned                0x00000000   Number         0  stubs.o ABSOLUTE
    _printf_u                                0x00000000   Number         0  stubs.o ABSOLUTE
    _printf_wc                               0x00000000   Number         0  stubs.o ABSOLUTE
    _printf_wctomb                           0x00000000   Number         0  stubs.o ABSOLUTE
    _printf_widthprec                        0x00000000   Number         0  stubs.o ABSOLUTE
    _printf_x                                0x00000000   Number         0  stubs.o ABSOLUTE
    __arm_fini_                               - Undefined Weak Reference
    __cpp_initialize__aeabi_                  - Undefined Weak Reference
    __cxa_finalize                            - Undefined Weak Reference
    __decompress                              - Undefined Weak Reference
    _clock_init                               - Undefined Weak Reference
    _microlib_exit                            - Undefined Weak Reference
    __Vectors_Size                           0x000000b8   Number         0  startup_stm32g070xx.o ABSOLUTE
    __Vectors                                0x08000000   Data           4  startup_stm32g070xx.o(RESET)
    __Vectors_End                            0x080000b8   Data           0  startup_stm32g070xx.o(RESET)
    __main                                   0x080000b9   Thumb Code     0  entry.o(.ARM.Collect$$$$00000000)
    _main_stk                                0x080000b9   Thumb Code     0  entry2.o(.ARM.Collect$$$$00000001)
    _main_scatterload                        0x080000bd   Thumb Code     0  entry5.o(.ARM.Collect$$$$00000004)
    __main_after_scatterload                 0x080000c1   Thumb Code     0  entry5.o(.ARM.Collect$$$$00000004)
    _main_clock                              0x080000c1   Thumb Code     0  entry7b.o(.ARM.Collect$$$$00000008)
    _main_cpp_init                           0x080000c1   Thumb Code     0  entry8b.o(.ARM.Collect$$$$0000000A)
    _main_init                               0x080000c1   Thumb Code     0  entry9a.o(.ARM.Collect$$$$0000000B)
    __rt_lib_shutdown_fini                   0x080000c9   Thumb Code     0  entry12b.o(.ARM.Collect$$$$0000000E)
    __rt_final_cpp                           0x080000cd   Thumb Code     0  entry10a.o(.ARM.Collect$$$$0000000F)
    __rt_final_exit                          0x080000cd   Thumb Code     0  entry11a.o(.ARM.Collect$$$$00000011)
    __asm___6_port_c_39a90d8d__prvPortStartFirstTask 0x080000d1   Thumb Code    36  port.o(.emb_text)
    ulSetInterruptMaskFromISR                0x080000f9   Thumb Code     8  port.o(.emb_text)
    vClearInterruptMaskFromISR               0x08000101   Thumb Code     6  port.o(.emb_text)
    PendSV_Handler                           0x08000107   Thumb Code    62  port.o(.emb_text)
    Reset_Handler                            0x08000149   Thumb Code     8  startup_stm32g070xx.o(.text)
    EXTI0_1_IRQHandler                       0x0800015b   Thumb Code     0  startup_stm32g070xx.o(.text)
    EXTI4_15_IRQHandler                      0x0800015b   Thumb Code     0  startup_stm32g070xx.o(.text)
    FLASH_IRQHandler                         0x0800015b   Thumb Code     0  startup_stm32g070xx.o(.text)
    RCC_IRQHandler                           0x0800015b   Thumb Code     0  startup_stm32g070xx.o(.text)
    RTC_TAMP_IRQHandler                      0x0800015b   Thumb Code     0  startup_stm32g070xx.o(.text)
    SPI1_IRQHandler                          0x0800015b   Thumb Code     0  startup_stm32g070xx.o(.text)
    SPI2_IRQHandler                          0x0800015b   Thumb Code     0  startup_stm32g070xx.o(.text)
    TIM14_IRQHandler                         0x0800015b   Thumb Code     0  startup_stm32g070xx.o(.text)
    TIM15_IRQHandler                         0x0800015b   Thumb Code     0  startup_stm32g070xx.o(.text)
    TIM16_IRQHandler                         0x0800015b   Thumb Code     0  startup_stm32g070xx.o(.text)
    TIM17_IRQHandler                         0x0800015b   Thumb Code     0  startup_stm32g070xx.o(.text)
    TIM1_BRK_UP_TRG_COM_IRQHandler           0x0800015b   Thumb Code     0  startup_stm32g070xx.o(.text)
    TIM1_CC_IRQHandler                       0x0800015b   Thumb Code     0  startup_stm32g070xx.o(.text)
    TIM3_IRQHandler                          0x0800015b   Thumb Code     0  startup_stm32g070xx.o(.text)
    TIM7_IRQHandler                          0x0800015b   Thumb Code     0  startup_stm32g070xx.o(.text)
    USART2_IRQHandler                        0x0800015b   Thumb Code     0  startup_stm32g070xx.o(.text)
    USART3_4_IRQHandler                      0x0800015b   Thumb Code     0  startup_stm32g070xx.o(.text)
    WWDG_IRQHandler                          0x0800015b   Thumb Code     0  startup_stm32g070xx.o(.text)
    __aeabi_uidiv                            0x08000165   Thumb Code     0  uidiv.o(.text)
    __aeabi_uidivmod                         0x08000165   Thumb Code    44  uidiv.o(.text)
    __aeabi_memcpy                           0x08000191   Thumb Code    36  memcpya.o(.text)
    __aeabi_memcpy4                          0x08000191   Thumb Code     0  memcpya.o(.text)
    __aeabi_memcpy8                          0x08000191   Thumb Code     0  memcpya.o(.text)
    __aeabi_memset                           0x080001b5   Thumb Code    14  memseta.o(.text)
    __aeabi_memset4                          0x080001b5   Thumb Code     0  memseta.o(.text)
    __aeabi_memset8                          0x080001b5   Thumb Code     0  memseta.o(.text)
    __aeabi_memclr                           0x080001c3   Thumb Code     4  memseta.o(.text)
    __aeabi_memclr4                          0x080001c3   Thumb Code     0  memseta.o(.text)
    __aeabi_memclr8                          0x080001c3   Thumb Code     0  memseta.o(.text)
    memset                                   0x080001c7   Thumb Code    18  memseta.o(.text)
    __aeabi_fadd                             0x080001d9   Thumb Code   162  fadd.o(.text)
    __aeabi_fsub                             0x0800027b   Thumb Code     8  fadd.o(.text)
    __aeabi_frsub                            0x08000283   Thumb Code     8  fadd.o(.text)
    __aeabi_fmul                             0x0800028b   Thumb Code   122  fmul.o(.text)
    __ARM_scalbn                             0x08000305   Thumb Code    44  dscalb.o(.text)
    scalbn                                   0x08000305   Thumb Code     0  dscalb.o(.text)
    __aeabi_i2d                              0x08000331   Thumb Code    34  dflti.o(.text)
    __aeabi_f2uiz                            0x08000359   Thumb Code    40  ffixui.o(.text)
    __aeabi_d2f                              0x08000381   Thumb Code    56  d2f.o(.text)
    __aeabi_cfrcmple                         0x080003b9   Thumb Code    20  cfrcmple.o(.text)
    __aeabi_uldivmod                         0x080003cd   Thumb Code    96  uldiv.o(.text)
    __I$use$fp                               0x0800042d   Thumb Code     0  iusefp.o(.text)
    _float_round                             0x0800042d   Thumb Code    16  fepilogue.o(.text)
    _float_epilogue                          0x0800043d   Thumb Code   114  fepilogue.o(.text)
    _double_round                            0x080004af   Thumb Code    26  depilogue.o(.text)
    _double_epilogue                         0x080004c9   Thumb Code   164  depilogue.o(.text)
    __scatterload                            0x0800056d   Thumb Code    28  init.o(.text)
    __scatterload_rt2                        0x0800056d   Thumb Code     0  init.o(.text)
    __aeabi_llsl                             0x08000591   Thumb Code    32  llshl.o(.text)
    _ll_shift_l                              0x08000591   Thumb Code     0  llshl.o(.text)
    __aeabi_llsr                             0x080005b1   Thumb Code    34  llushr.o(.text)
    _ll_ushift_r                             0x080005b1   Thumb Code     0  llushr.o(.text)
    ADC1_IRQHandler                          0x080005d5   Thumb Code    10  stm32g0xx_it.o(i.ADC1_IRQHandler)
    APP_HeatTask                             0x080005e5   Thumb Code   100  app_freertos.o(i.APP_HeatTask)
    AppMotor_Task                            0x0800066d   Thumb Code    58  app_freertos.o(i.AppMotor_Task)
    App_Uart_ProcessTask                     0x080006ad   Thumb Code    62  app_freertos.o(i.App_Uart_ProcessTask)
    DMA1_Ch4_7_DMAMUX1_OVR_IRQHandler        0x080006fd   Thumb Code    28  stm32g0xx_it.o(i.DMA1_Ch4_7_DMAMUX1_OVR_IRQHandler)
    DMA1_Channel1_IRQHandler                 0x08000729   Thumb Code    10  stm32g0xx_it.o(i.DMA1_Channel1_IRQHandler)
    DMA1_Channel2_3_IRQHandler               0x08000739   Thumb Code    16  stm32g0xx_it.o(i.DMA1_Channel2_3_IRQHandler)
    EXTI2_3_IRQHandler                       0x080007f1   Thumb Code    10  stm32g0xx_it.o(i.EXTI2_3_IRQHandler)
    Error_Handler                            0x080007fb   Thumb Code     4  main.o(i.Error_Handler)
    HAL_ADCEx_ChannelConfigReadyCallback     0x080007ff   Thumb Code     2  stm32g0xx_hal_adc_ex.o(i.HAL_ADCEx_ChannelConfigReadyCallback)
    HAL_ADCEx_EndOfSamplingCallback          0x08000801   Thumb Code     2  stm32g0xx_hal_adc_ex.o(i.HAL_ADCEx_EndOfSamplingCallback)
    HAL_ADCEx_LevelOutOfWindow2Callback      0x08000803   Thumb Code     2  stm32g0xx_hal_adc_ex.o(i.HAL_ADCEx_LevelOutOfWindow2Callback)
    HAL_ADCEx_LevelOutOfWindow3Callback      0x08000805   Thumb Code     2  stm32g0xx_hal_adc_ex.o(i.HAL_ADCEx_LevelOutOfWindow3Callback)
    HAL_ADC_ConfigChannel                    0x08000809   Thumb Code   522  stm32g0xx_hal_adc.o(i.HAL_ADC_ConfigChannel)
    HAL_ADC_ConvCpltCallback                 0x08000a2d   Thumb Code     2  stm32g0xx_hal_adc.o(i.HAL_ADC_ConvCpltCallback)
    HAL_ADC_ErrorCallback                    0x08000a2f   Thumb Code     2  stm32g0xx_hal_adc.o(i.HAL_ADC_ErrorCallback)
    HAL_ADC_IRQHandler                       0x08000a31   Thumb Code   330  stm32g0xx_hal_adc.o(i.HAL_ADC_IRQHandler)
    HAL_ADC_Init                             0x08000b81   Thumb Code   514  stm32g0xx_hal_adc.o(i.HAL_ADC_Init)
    HAL_ADC_LevelOutOfWindowCallback         0x08000da1   Thumb Code     2  stm32g0xx_hal_adc.o(i.HAL_ADC_LevelOutOfWindowCallback)
    HAL_ADC_MspInit                          0x08000da5   Thumb Code   180  adc.o(i.HAL_ADC_MspInit)
    HAL_DMA_Abort                            0x08000e69   Thumb Code   112  stm32g0xx_hal_dma.o(i.HAL_DMA_Abort)
    HAL_DMA_Abort_IT                         0x08000edd   Thumb Code   118  stm32g0xx_hal_dma.o(i.HAL_DMA_Abort_IT)
    HAL_DMA_GetState                         0x08000f59   Thumb Code     6  stm32g0xx_hal_dma.o(i.HAL_DMA_GetState)
    HAL_DMA_IRQHandler                       0x08000f61   Thumb Code   180  stm32g0xx_hal_dma.o(i.HAL_DMA_IRQHandler)
    HAL_DMA_Init                             0x08001019   Thumb Code   156  stm32g0xx_hal_dma.o(i.HAL_DMA_Init)
    HAL_DMA_Start_IT                         0x080010bd   Thumb Code   136  stm32g0xx_hal_dma.o(i.HAL_DMA_Start_IT)
    HAL_GPIO_EXTI_Falling_Callback           0x08001149   Thumb Code     2  stm32g0xx_hal_gpio.o(i.HAL_GPIO_EXTI_Falling_Callback)
    HAL_GPIO_EXTI_IRQHandler                 0x0800114d   Thumb Code    36  stm32g0xx_hal_gpio.o(i.HAL_GPIO_EXTI_IRQHandler)
    HAL_GPIO_EXTI_Rising_Callback            0x08001175   Thumb Code     2  stm32g0xx_hal_gpio.o(i.HAL_GPIO_EXTI_Rising_Callback)
    HAL_GPIO_Init                            0x08001179   Thumb Code   330  stm32g0xx_hal_gpio.o(i.HAL_GPIO_Init)
    HAL_GPIO_TogglePin                       0x080012d5   Thumb Code    16  stm32g0xx_hal_gpio.o(i.HAL_GPIO_TogglePin)
    HAL_GPIO_WritePin                        0x080012e5   Thumb Code    12  stm32g0xx_hal_gpio.o(i.HAL_GPIO_WritePin)
    HAL_GetTick                              0x080012f1   Thumb Code     6  stm32g0xx_hal.o(i.HAL_GetTick)
    HAL_I2CEx_ConfigAnalogFilter             0x080012fd   Thumb Code    74  stm32g0xx_hal_i2c_ex.o(i.HAL_I2CEx_ConfigAnalogFilter)
    HAL_I2CEx_ConfigDigitalFilter            0x08001347   Thumb Code    72  stm32g0xx_hal_i2c_ex.o(i.HAL_I2CEx_ConfigDigitalFilter)
    HAL_I2C_AbortCpltCallback                0x0800138f   Thumb Code     2  stm32g0xx_hal_i2c.o(i.HAL_I2C_AbortCpltCallback)
    HAL_I2C_AddrCallback                     0x08001391   Thumb Code     2  stm32g0xx_hal_i2c.o(i.HAL_I2C_AddrCallback)
    HAL_I2C_ER_IRQHandler                    0x08001393   Thumb Code    94  stm32g0xx_hal_i2c.o(i.HAL_I2C_ER_IRQHandler)
    HAL_I2C_EV_IRQHandler                    0x080013f1   Thumb Code    16  stm32g0xx_hal_i2c.o(i.HAL_I2C_EV_IRQHandler)
    HAL_I2C_ErrorCallback                    0x08001401   Thumb Code     2  stm32g0xx_hal_i2c.o(i.HAL_I2C_ErrorCallback)
    HAL_I2C_Init                             0x08001405   Thumb Code   176  stm32g0xx_hal_i2c.o(i.HAL_I2C_Init)
    HAL_I2C_ListenCpltCallback               0x080014b9   Thumb Code     2  stm32g0xx_hal_i2c.o(i.HAL_I2C_ListenCpltCallback)
    HAL_I2C_MasterRxCpltCallback             0x080014bb   Thumb Code     2  stm32g0xx_hal_i2c.o(i.HAL_I2C_MasterRxCpltCallback)
    HAL_I2C_MasterTxCpltCallback             0x080014bd   Thumb Code     2  stm32g0xx_hal_i2c.o(i.HAL_I2C_MasterTxCpltCallback)
    HAL_I2C_MemRxCpltCallback                0x080014bf   Thumb Code     2  stm32g0xx_hal_i2c.o(i.HAL_I2C_MemRxCpltCallback)
    HAL_I2C_MemTxCpltCallback                0x080014c1   Thumb Code     2  stm32g0xx_hal_i2c.o(i.HAL_I2C_MemTxCpltCallback)
    HAL_I2C_Mem_Read_DMA                     0x080014c5   Thumb Code   230  stm32g0xx_hal_i2c.o(i.HAL_I2C_Mem_Read_DMA)
    HAL_I2C_MspInit                          0x080015c1   Thumb Code   390  i2c.o(i.HAL_I2C_MspInit)
    HAL_I2C_SlaveRxCpltCallback              0x08001765   Thumb Code     2  stm32g0xx_hal_i2c.o(i.HAL_I2C_SlaveRxCpltCallback)
    HAL_I2C_SlaveTxCpltCallback              0x08001767   Thumb Code     2  stm32g0xx_hal_i2c.o(i.HAL_I2C_SlaveTxCpltCallback)
    HAL_IncTick                              0x08001769   Thumb Code    12  stm32g0xx_hal.o(i.HAL_IncTick)
    HAL_Init                                 0x08001779   Thumb Code    36  stm32g0xx_hal.o(i.HAL_Init)
    HAL_InitTick                             0x080017a1   Thumb Code   130  stm32g0xx_hal_timebase_tim.o(i.HAL_InitTick)
    HAL_MspInit                              0x0800183d   Thumb Code    56  stm32g0xx_hal_msp.o(i.HAL_MspInit)
    HAL_NVIC_EnableIRQ                       0x08001879   Thumb Code    18  stm32g0xx_hal_cortex.o(i.HAL_NVIC_EnableIRQ)
    HAL_NVIC_SetPriority                     0x08001891   Thumb Code     8  stm32g0xx_hal_cortex.o(i.HAL_NVIC_SetPriority)
    HAL_PWREx_ControlVoltageScaling          0x08001899   Thumb Code    62  stm32g0xx_hal_pwr_ex.o(i.HAL_PWREx_ControlVoltageScaling)
    HAL_RCCEx_PeriphCLKConfig                0x080018e5   Thumb Code   338  stm32g0xx_hal_rcc_ex.o(i.HAL_RCCEx_PeriphCLKConfig)
    HAL_RCC_ClockConfig                      0x08001a45   Thumb Code   318  stm32g0xx_hal_rcc.o(i.HAL_RCC_ClockConfig)
    HAL_RCC_GetClockConfig                   0x08001b9d   Thumb Code    48  stm32g0xx_hal_rcc.o(i.HAL_RCC_GetClockConfig)
    HAL_RCC_GetPCLK1Freq                     0x08001bd5   Thumb Code    26  stm32g0xx_hal_rcc.o(i.HAL_RCC_GetPCLK1Freq)
    HAL_RCC_GetSysClockFreq                  0x08001bfd   Thumb Code   116  stm32g0xx_hal_rcc.o(i.HAL_RCC_GetSysClockFreq)
    HAL_RCC_OscConfig                        0x08001c79   Thumb Code   946  stm32g0xx_hal_rcc.o(i.HAL_RCC_OscConfig)
    HAL_SPI_Init                             0x08002051   Thumb Code   238  stm32g0xx_hal_spi.o(i.HAL_SPI_Init)
    HAL_SPI_MspInit                          0x08002141   Thumb Code   120  spi.o(i.HAL_SPI_MspInit)
    HAL_SPI_Transmit                         0x080021c5   Thumb Code   352  stm32g0xx_hal_spi.o(i.HAL_SPI_Transmit)
    HAL_SYSCFG_StrobeDBattpinsConfig         0x08002325   Thumb Code    16  stm32g0xx_hal.o(i.HAL_SYSCFG_StrobeDBattpinsConfig)
    HAL_TIMEx_Break2Callback                 0x08002339   Thumb Code     2  stm32g0xx_hal_tim_ex.o(i.HAL_TIMEx_Break2Callback)
    HAL_TIMEx_BreakCallback                  0x0800233b   Thumb Code     2  stm32g0xx_hal_tim_ex.o(i.HAL_TIMEx_BreakCallback)
    HAL_TIMEx_CommutCallback                 0x0800233d   Thumb Code     2  stm32g0xx_hal_tim_ex.o(i.HAL_TIMEx_CommutCallback)
    HAL_TIMEx_ConfigBreakDeadTime            0x08002341   Thumb Code   168  stm32g0xx_hal_tim_ex.o(i.HAL_TIMEx_ConfigBreakDeadTime)
    HAL_TIM_Base_Init                        0x080023ed   Thumb Code    76  stm32g0xx_hal_tim.o(i.HAL_TIM_Base_Init)
    HAL_TIM_Base_MspInit                     0x08002439   Thumb Code   110  tim.o(i.HAL_TIM_Base_MspInit)
    HAL_TIM_Base_Start_IT                    0x080024bd   Thumb Code    74  stm32g0xx_hal_tim.o(i.HAL_TIM_Base_Start_IT)
    HAL_TIM_ErrorCallback                    0x08002519   Thumb Code     2  stm32g0xx_hal_tim.o(i.HAL_TIM_ErrorCallback)
    HAL_TIM_IC_CaptureCallback               0x0800251b   Thumb Code     2  stm32g0xx_hal_tim.o(i.HAL_TIM_IC_CaptureCallback)
    HAL_TIM_IRQHandler                       0x0800251d   Thumb Code   382  stm32g0xx_hal_tim.o(i.HAL_TIM_IRQHandler)
    HAL_TIM_MspPostInit                      0x080026a1   Thumb Code   104  tim.o(i.HAL_TIM_MspPostInit)
    HAL_TIM_OC_DelayElapsedCallback          0x08002719   Thumb Code     2  stm32g0xx_hal_tim.o(i.HAL_TIM_OC_DelayElapsedCallback)
    HAL_TIM_PWM_ConfigChannel                0x0800271b   Thumb Code   296  stm32g0xx_hal_tim.o(i.HAL_TIM_PWM_ConfigChannel)
    HAL_TIM_PWM_Init                         0x08002843   Thumb Code    76  stm32g0xx_hal_tim.o(i.HAL_TIM_PWM_Init)
    HAL_TIM_PWM_MspInit                      0x0800288f   Thumb Code     2  stm32g0xx_hal_tim.o(i.HAL_TIM_PWM_MspInit)
    HAL_TIM_PWM_PulseFinishedCallback        0x08002891   Thumb Code     2  stm32g0xx_hal_tim.o(i.HAL_TIM_PWM_PulseFinishedCallback)
    HAL_TIM_PWM_PulseFinishedHalfCpltCallback 0x08002893   Thumb Code     2  stm32g0xx_hal_tim.o(i.HAL_TIM_PWM_PulseFinishedHalfCpltCallback)
    HAL_TIM_PWM_Start                        0x08002895   Thumb Code   182  stm32g0xx_hal_tim.o(i.HAL_TIM_PWM_Start)
    HAL_TIM_PWM_Start_DMA                    0x08002965   Thumb Code   426  stm32g0xx_hal_tim.o(i.HAL_TIM_PWM_Start_DMA)
    HAL_TIM_PeriodElapsedCallback            0x08002b35   Thumb Code    16  main.o(i.HAL_TIM_PeriodElapsedCallback)
    HAL_TIM_TriggerCallback                  0x08002b49   Thumb Code     2  stm32g0xx_hal_tim.o(i.HAL_TIM_TriggerCallback)
    HAL_UARTEx_DisableFifoMode               0x08002b4b   Thumb Code    60  stm32g0xx_hal_uart_ex.o(i.HAL_UARTEx_DisableFifoMode)
    HAL_UARTEx_RxEventCallback               0x08002b87   Thumb Code     2  stm32g0xx_hal_uart.o(i.HAL_UARTEx_RxEventCallback)
    HAL_UARTEx_RxFifoFullCallback            0x08002b89   Thumb Code     2  stm32g0xx_hal_uart_ex.o(i.HAL_UARTEx_RxFifoFullCallback)
    HAL_UARTEx_SetRxFifoThreshold            0x08002b8b   Thumb Code    72  stm32g0xx_hal_uart_ex.o(i.HAL_UARTEx_SetRxFifoThreshold)
    HAL_UARTEx_SetTxFifoThreshold            0x08002bd3   Thumb Code    70  stm32g0xx_hal_uart_ex.o(i.HAL_UARTEx_SetTxFifoThreshold)
    HAL_UARTEx_TxFifoEmptyCallback           0x08002c19   Thumb Code     2  stm32g0xx_hal_uart_ex.o(i.HAL_UARTEx_TxFifoEmptyCallback)
    HAL_UARTEx_WakeupCallback                0x08002c1b   Thumb Code     2  stm32g0xx_hal_uart_ex.o(i.HAL_UARTEx_WakeupCallback)
    HAL_UART_ErrorCallback                   0x08002c1d   Thumb Code     2  stm32g0xx_hal_uart.o(i.HAL_UART_ErrorCallback)
    HAL_UART_IRQHandler                      0x08002c21   Thumb Code   734  stm32g0xx_hal_uart.o(i.HAL_UART_IRQHandler)
    HAL_UART_Init                            0x08002f11   Thumb Code   108  stm32g0xx_hal_uart.o(i.HAL_UART_Init)
    HAL_UART_MspInit                         0x08002f7d   Thumb Code   172  usart.o(i.HAL_UART_MspInit)
    HAL_UART_Receive_IT                      0x0800303d   Thumb Code    88  stm32g0xx_hal_uart.o(i.HAL_UART_Receive_IT)
    HAL_UART_RxCpltCallback                  0x08003095   Thumb Code     2  stm32g0xx_hal_uart.o(i.HAL_UART_RxCpltCallback)
    HAL_UART_Transmit                        0x08003097   Thumb Code   202  stm32g0xx_hal_uart.o(i.HAL_UART_Transmit)
    HAL_UART_TxCpltCallback                  0x08003161   Thumb Code     2  stm32g0xx_hal_uart.o(i.HAL_UART_TxCpltCallback)
    HardFault_Handler                        0x08003163   Thumb Code     2  stm32g0xx_it.o(i.HardFault_Handler)
    HeatPIDInit                              0x08003165   Thumb Code    38  pid.o(i.HeatPIDInit)
    I2C1_IRQHandler                          0x080031a1   Thumb Code    28  stm32g0xx_it.o(i.I2C1_IRQHandler)
    I2C2_IRQHandler                          0x080031c1   Thumb Code    28  stm32g0xx_it.o(i.I2C2_IRQHandler)
    MX_ADC1_Init                             0x08003cd5   Thumb Code   158  adc.o(i.MX_ADC1_Init)
    MX_DMA_Init                              0x08003d85   Thumb Code    68  dma.o(i.MX_DMA_Init)
    MX_FREERTOS_Init                         0x08003dcd   Thumb Code    70  app_freertos.o(i.MX_FREERTOS_Init)
    MX_GPIO_Init                             0x08003e29   Thumb Code   408  gpio.o(i.MX_GPIO_Init)
    MX_I2C1_Init                             0x08003fd9   Thumb Code    76  i2c.o(i.MX_I2C1_Init)
    MX_I2C2_Init                             0x08004031   Thumb Code    76  i2c.o(i.MX_I2C2_Init)
    MX_SPI1_Init                             0x08004089   Thumb Code    68  spi.o(i.MX_SPI1_Init)
    MX_TIM14_Init                            0x080040d5   Thumb Code    98  tim.o(i.MX_TIM14_Init)
    MX_TIM16_Init                            0x08004141   Thumb Code   148  tim.o(i.MX_TIM16_Init)
    MX_USART1_UART_Init                      0x080041dd   Thumb Code   108  usart.o(i.MX_USART1_UART_Init)
    NMI_Handler                              0x08004251   Thumb Code     2  stm32g0xx_it.o(i.NMI_Handler)
    PID_realize                              0x08004253   Thumb Code   162  pid.o(i.PID_realize)
    SVC_Handler                              0x080044d1   Thumb Code     2  port.o(i.SVC_Handler)
    SysTick_Handler                          0x080044d5   Thumb Code    20  cmsis_os2.o(i.SysTick_Handler)
    SystemClock_Config                       0x080044ed   Thumb Code   104  main.o(i.SystemClock_Config)
    SystemInit                               0x08004555   Thumb Code     2  system_stm32g0xx.o(i.SystemInit)
    TIM6_IRQHandler                          0x08004559   Thumb Code    10  stm32g0xx_it.o(i.TIM6_IRQHandler)
    TIM_Base_SetConfig                       0x08004569   Thumb Code   112  stm32g0xx_hal_tim.o(i.TIM_Base_SetConfig)
    TIM_CCxChannelCmd                        0x080045f1   Thumb Code    26  stm32g0xx_hal_tim.o(i.TIM_CCxChannelCmd)
    TIM_DMADelayPulseHalfCplt                0x08004671   Thumb Code    56  stm32g0xx_hal_tim.o(i.TIM_DMADelayPulseHalfCplt)
    TIM_DMAError                             0x080046a9   Thumb Code    84  stm32g0xx_hal_tim.o(i.TIM_DMAError)
    TIM_OC2_SetConfig                        0x08004789   Thumb Code   112  stm32g0xx_hal_tim.o(i.TIM_OC2_SetConfig)
    TMC5130_Init                             0x080049d9   Thumb Code   158  tmc5130.o(i.TMC5130_Init)
    TMC5130_Write                            0x08004a91   Thumb Code    62  tmc5130.o(i.TMC5130_Write)
    TMP114_Init                              0x08004ad5   Thumb Code     2  tmp114.o(i.TMP114_Init)
    TMP114_Read                              0x08004ad9   Thumb Code    22  tmp114.o(i.TMP114_Read)
    TmpRaw2Ture                              0x08004af5   Thumb Code    32  tmp114.o(i.TmpRaw2Ture)
    UART_AdvFeatureConfig                    0x08004b59   Thumb Code   202  stm32g0xx_hal_uart.o(i.UART_AdvFeatureConfig)
    UART_CheckIdleState                      0x08004c25   Thumb Code    96  stm32g0xx_hal_uart.o(i.UART_CheckIdleState)
    UART_SetConfig                           0x08005181   Thumb Code   360  stm32g0xx_hal_uart.o(i.UART_SetConfig)
    UART_Start_Receive_IT                    0x08005311   Thumb Code   280  stm32g0xx_hal_uart.o(i.UART_Start_Receive_IT)
    UART_WaitOnFlagUntilTimeout              0x0800543d   Thumb Code   210  stm32g0xx_hal_uart.o(i.UART_WaitOnFlagUntilTimeout)
    UCS1903Show                              0x08005511   Thumb Code    16  ucs1903.o(i.UCS1903Show)
    USART1_IRQHandler                        0x08005529   Thumb Code    64  stm32g0xx_it.o(i.USART1_IRQHandler)
    __0printf$8                              0x08005579   Thumb Code    24  printf8.o(i.__0printf$8)
    __1printf$8                              0x08005579   Thumb Code     0  printf8.o(i.__0printf$8)
    __2printf                                0x08005579   Thumb Code     0  printf8.o(i.__0printf$8)
    __0snprintf$8                            0x08005599   Thumb Code    50  printf8.o(i.__0snprintf$8)
    __1snprintf$8                            0x08005599   Thumb Code     0  printf8.o(i.__0snprintf$8)
    __2snprintf                              0x08005599   Thumb Code     0  printf8.o(i.__0snprintf$8)
    __ARM_clz                                0x080055d1   Thumb Code    46  depilogue.o(i.__ARM_clz)
    __ARM_common_switch8                     0x080055ff   Thumb Code    26  stm32g0xx_hal_dma.o(i.__ARM_common_switch8)
    __scatterload_copy                       0x0800565d   Thumb Code    14  handlers.o(i.__scatterload_copy)
    __scatterload_null                       0x0800566b   Thumb Code     2  handlers.o(i.__scatterload_null)
    __scatterload_zeroinit                   0x0800566d   Thumb Code    14  handlers.o(i.__scatterload_zeroinit)
    fputc                                    0x08005b09   Thumb Code    24  usart.o(i.fputc)
    main                                     0x08005b29   Thumb Code    58  main.o(i.main)
    osEventFlagsNew                          0x08005b63   Thumb Code    50  cmsis_os2.o(i.osEventFlagsNew)
    osKernelInitialize                       0x08005b95   Thumb Code    36  cmsis_os2.o(i.osKernelInitialize)
    osKernelStart                            0x08005bbd   Thumb Code    52  cmsis_os2.o(i.osKernelStart)
    osMessageQueueNew                        0x08005bf9   Thumb Code   106  cmsis_os2.o(i.osMessageQueueNew)
    osThreadNew                              0x08005c63   Thumb Code   150  cmsis_os2.o(i.osThreadNew)
    processData                              0x08005cf9   Thumb Code    44  screen.o(i.processData)
    pvPortMalloc                             0x08006441   Thumb Code   178  heap_4.o(i.pvPortMalloc)
    pxPortInitialiseStack                    0x080064f9   Thumb Code    28  port.o(i.pxPortInitialiseStack)
    sendColor                                0x08006519   Thumb Code    58  ucs1903.o(i.sendColor)
    uxListRemove                             0x08006559   Thumb Code    38  list.o(i.uxListRemove)
    uxTaskResetEventItemValue                0x08006581   Thumb Code    20  tasks.o(i.uxTaskResetEventItemValue)
    vApplicationGetIdleTaskMemory            0x08006599   Thumb Code    16  cmsis_os2.o(i.vApplicationGetIdleTaskMemory)
    vApplicationGetTimerTaskMemory           0x080065ad   Thumb Code    18  cmsis_os2.o(i.vApplicationGetTimerTaskMemory)
    vListInitialise                          0x080065c5   Thumb Code    22  list.o(i.vListInitialise)
    vListInitialiseItem                      0x080065db   Thumb Code     6  list.o(i.vListInitialiseItem)
    vListInsert                              0x080065e1   Thumb Code    48  list.o(i.vListInsert)
    vListInsertEnd                           0x08006611   Thumb Code    24  list.o(i.vListInsertEnd)
    vPortEnterCritical                       0x08006629   Thumb Code    20  port.o(i.vPortEnterCritical)
    vPortExitCritical                        0x08006641   Thumb Code    22  port.o(i.vPortExitCritical)
    vPortFree                                0x0800665d   Thumb Code    68  heap_4.o(i.vPortFree)
    vPortSetupTimerInterrupt                 0x080066a5   Thumb Code    32  port.o(i.vPortSetupTimerInterrupt)
    vPortYield                               0x080066cd   Thumb Code    18  port.o(i.vPortYield)
    vQueueAddToRegistry                      0x080066e5   Thumb Code    32  queue.o(i.vQueueAddToRegistry)
    vQueueWaitForMessageRestricted           0x08006709   Thumb Code    68  queue.o(i.vQueueWaitForMessageRestricted)
    vTaskDelay                               0x0800674d   Thumb Code    44  tasks.o(i.vTaskDelay)
    vTaskInternalSetTimeOutState             0x0800677d   Thumb Code    12  tasks.o(i.vTaskInternalSetTimeOutState)
    vTaskMissedYield                         0x0800678d   Thumb Code     8  tasks.o(i.vTaskMissedYield)
    vTaskPlaceOnEventList                    0x08006799   Thumb Code    32  tasks.o(i.vTaskPlaceOnEventList)
    vTaskPlaceOnEventListRestricted          0x080067bd   Thumb Code    42  tasks.o(i.vTaskPlaceOnEventListRestricted)
    vTaskPlaceOnUnorderedEventList           0x080067ed   Thumb Code    54  tasks.o(i.vTaskPlaceOnUnorderedEventList)
    vTaskRemoveFromUnorderedEventList        0x08006829   Thumb Code    82  tasks.o(i.vTaskRemoveFromUnorderedEventList)
    vTaskStartScheduler                      0x08006885   Thumb Code    88  tasks.o(i.vTaskStartScheduler)
    vTaskSuspendAll                          0x080068ed   Thumb Code    10  tasks.o(i.vTaskSuspendAll)
    vTaskSwitchContext                       0x080068fd   Thumb Code    78  tasks.o(i.vTaskSwitchContext)
    xEventGroupClearBits                     0x08006955   Thumb Code    40  event_groups.o(i.xEventGroupClearBits)
    xEventGroupCreate                        0x0800697d   Thumb Code    28  event_groups.o(i.xEventGroupCreate)
    xEventGroupCreateStatic                  0x08006999   Thumb Code    34  event_groups.o(i.xEventGroupCreateStatic)
    xEventGroupSetBits                       0x080069bb   Thumb Code   116  event_groups.o(i.xEventGroupSetBits)
    xEventGroupWaitBits                      0x08006a2f   Thumb Code   204  event_groups.o(i.xEventGroupWaitBits)
    xPortStartScheduler                      0x08006afd   Thumb Code    40  port.o(i.xPortStartScheduler)
    xPortSysTickHandler                      0x08006b2d   Thumb Code    32  port.o(i.xPortSysTickHandler)
    xQueueGenericCreate                      0x08006b51   Thumb Code    52  queue.o(i.xQueueGenericCreate)
    xQueueGenericCreateStatic                0x08006b85   Thumb Code    64  queue.o(i.xQueueGenericCreateStatic)
    xQueueGenericReset                       0x08006bc5   Thumb Code   108  queue.o(i.xQueueGenericReset)
    xQueueGenericSend                        0x08006c31   Thumb Code   280  queue.o(i.xQueueGenericSend)
    xQueueGenericSendFromISR                 0x08006d49   Thumb Code   142  queue.o(i.xQueueGenericSendFromISR)
    xQueueReceive                            0x08006dd7   Thumb Code   258  queue.o(i.xQueueReceive)
    xTaskCheckForTimeOut                     0x08006ed9   Thumb Code    86  tasks.o(i.xTaskCheckForTimeOut)
    xTaskCreate                              0x08006f35   Thumb Code    82  tasks.o(i.xTaskCreate)
    xTaskCreateStatic                        0x08006f87   Thumb Code    68  tasks.o(i.xTaskCreateStatic)
    xTaskGetSchedulerState                   0x08006fcd   Thumb Code    26  tasks.o(i.xTaskGetSchedulerState)
    xTaskGetTickCount                        0x08006fed   Thumb Code     6  tasks.o(i.xTaskGetTickCount)
    xTaskIncrementTick                       0x08006ff9   Thumb Code   180  tasks.o(i.xTaskIncrementTick)
    xTaskPriorityDisinherit                  0x080070b5   Thumb Code    96  tasks.o(i.xTaskPriorityDisinherit)
    xTaskRemoveFromEventList                 0x0800711d   Thumb Code    88  tasks.o(i.xTaskRemoveFromEventList)
    xTaskResumeAll                           0x08007181   Thumb Code   162  tasks.o(i.xTaskResumeAll)
    xTimerCreateTimerTask                    0x08007231   Thumb Code    72  timers.o(i.xTimerCreateTimerTask)
    xTimerGenericCommand                     0x08007289   Thumb Code    80  timers.o(i.xTimerGenericCommand)
    Motor_Task_attributes                    0x080072dc   Data          36  app_freertos.o(.constdata)
    HeatTask_attributes                      0x08007300   Data          36  app_freertos.o(.constdata)
    Uart_ProcessTas_attributes               0x08007324   Data          36  app_freertos.o(.constdata)
    dataQueue_attributes                     0x08007348   Data          24  app_freertos.o(.constdata)
    All_Event_attributes                     0x08007360   Data          16  app_freertos.o(.constdata)
    UARTPrescTable                           0x08007370   Data          24  stm32g0xx_hal_uart.o(.constdata)
    AHBPrescTable                            0x08007398   Data          64  system_stm32g0xx.o(.constdata)
    APBPrescTable                            0x080073d8   Data          32  system_stm32g0xx.o(.constdata)
    Region$$Table$$Base                      0x08007438   Number         0  anon$$obj.o(Region$$Table)
    Region$$Table$$Limit                     0x08007458   Number         0  anon$$obj.o(Region$$Table)
    HeatPWMVal_str                           0x20000000   Data           3  app_freertos.o(.data)
    Motor_TaskHandle                         0x20000004   Data           4  app_freertos.o(.data)
    HeatTaskHandle                           0x20000008   Data           4  app_freertos.o(.data)
    Uart_ProcessTasHandle                    0x2000000c   Data           4  app_freertos.o(.data)
    dataQueueHandle                          0x20000010   Data           4  app_freertos.o(.data)
    All_EventHandle                          0x20000014   Data           4  app_freertos.o(.data)
    uwTickFreq                               0x20000018   Data           1  stm32g0xx_hal.o(.data)
    uwTickPrio                               0x2000001c   Data           4  stm32g0xx_hal.o(.data)
    uwTick                                   0x20000020   Data           4  stm32g0xx_hal.o(.data)
    SystemCoreClock                          0x20000024   Data           4  system_stm32g0xx.o(.data)
    pxCurrentTCB                             0x20000028   Data           4  tasks.o(.data)
    MotorSpeed                               0x200000a0   Data           4  tmc5130.o(.data)
    HeatPWMVal                               0x200000a4   Data           1  pid.o(.data)
    EyeTmpRaw                                0x200000a5   Data           2  tmp114.o(.data)
    EyeTmp                                   0x200000a8   Data           4  tmp114.o(.data)
    __stdout                                 0x200000ac   Data           4  stdout.o(.data)
    buffer                                   0x200000b0   Data         200  app_freertos.o(.bss)
    hadc1                                    0x20000178   Data         100  adc.o(.bss)
    hdma_adc1                                0x200001dc   Data          92  adc.o(.bss)
    hi2c1                                    0x20000238   Data          84  i2c.o(.bss)
    hi2c2                                    0x2000028c   Data          84  i2c.o(.bss)
    hdma_i2c1_rx                             0x200002e0   Data          92  i2c.o(.bss)
    hdma_i2c1_tx                             0x2000033c   Data          92  i2c.o(.bss)
    hdma_i2c2_rx                             0x20000398   Data          92  i2c.o(.bss)
    hdma_i2c2_tx                             0x200003f4   Data          92  i2c.o(.bss)
    hspi1                                    0x20000450   Data         100  spi.o(.bss)
    htim14                                   0x200004b4   Data          76  tim.o(.bss)
    htim16                                   0x20000500   Data          76  tim.o(.bss)
    hdma_tim16_ch1                           0x2000054c   Data          92  tim.o(.bss)
    huart1                                   0x200005a8   Data         148  usart.o(.bss)
    hdma_usart1_tx                           0x2000063c   Data          92  usart.o(.bss)
    rx_buffer                                0x20000698   Data         200  stm32g0xx_it.o(.bss)
    htim6                                    0x20000760   Data          76  stm32g0xx_hal_timebase_tim.o(.bss)
    xQueueRegistry                           0x200007ac   Data          64  queue.o(.bss)
    HeatPID                                  0x20002080   Data          40  pid.o(.bss)
    Single_LED_Buffer                        0x200020a8   Data         576  ucs1903.o(.bss)
    __initial_sp                             0x200026e8   Data           0  startup_stm32g070xx.o(STACK)



==============================================================================

Memory Map of the image

  Image Entry point : 0x080000b9

  Load Region LR_IROM1 (Base: 0x08000000, Size: 0x00007508, Max: 0x00020000, ABSOLUTE)

    Execution Region ER_IROM1 (Exec base: 0x08000000, Load base: 0x08000000, Size: 0x00007458, Max: 0x00020000, ABSOLUTE)

    Exec Addr    Load Addr    Size         Type   Attr      Idx    E Section Name        Object

    0x08000000   0x08000000   0x000000b8   Data   RO            3    RESET               startup_stm32g070xx.o
    0x080000b8   0x080000b8   0x00000000   Code   RO         6660  * .ARM.Collect$$$$00000000  mc_p.l(entry.o)
    0x080000b8   0x080000b8   0x00000004   Code   RO         6948    .ARM.Collect$$$$00000001  mc_p.l(entry2.o)
    0x080000bc   0x080000bc   0x00000004   Code   RO         6951    .ARM.Collect$$$$00000004  mc_p.l(entry5.o)
    0x080000c0   0x080000c0   0x00000000   Code   RO         6953    .ARM.Collect$$$$00000008  mc_p.l(entry7b.o)
    0x080000c0   0x080000c0   0x00000000   Code   RO         6955    .ARM.Collect$$$$0000000A  mc_p.l(entry8b.o)
    0x080000c0   0x080000c0   0x00000008   Code   RO         6956    .ARM.Collect$$$$0000000B  mc_p.l(entry9a.o)
    0x080000c8   0x080000c8   0x00000004   Code   RO         6963    .ARM.Collect$$$$0000000E  mc_p.l(entry12b.o)
    0x080000cc   0x080000cc   0x00000000   Code   RO         6958    .ARM.Collect$$$$0000000F  mc_p.l(entry10a.o)
    0x080000cc   0x080000cc   0x00000000   Code   RO         6960    .ARM.Collect$$$$00000011  mc_p.l(entry11a.o)
    0x080000cc   0x080000cc   0x00000004   Code   RO         6949    .ARM.Collect$$$$00002712  mc_p.l(entry2.o)
    0x080000d0   0x080000d0   0x00000078   Code   RO         6356    .emb_text           port.o
    0x08000148   0x08000148   0x0000001c   Code   RO            4    .text               startup_stm32g070xx.o
    0x08000164   0x08000164   0x0000002c   Code   RO         6663    .text               mc_p.l(uidiv.o)
    0x08000190   0x08000190   0x00000024   Code   RO         6665    .text               mc_p.l(memcpya.o)
    0x080001b4   0x080001b4   0x00000024   Code   RO         6669    .text               mc_p.l(memseta.o)
    0x080001d8   0x080001d8   0x000000b2   Code   RO         6934    .text               mf_p.l(fadd.o)
    0x0800028a   0x0800028a   0x0000007a   Code   RO         6936    .text               mf_p.l(fmul.o)
    0x08000304   0x08000304   0x0000002c   Code   RO         6938    .text               mf_p.l(dscalb.o)
    0x08000330   0x08000330   0x00000028   Code   RO         6940    .text               mf_p.l(dflti.o)
    0x08000358   0x08000358   0x00000028   Code   RO         6942    .text               mf_p.l(ffixui.o)
    0x08000380   0x08000380   0x00000038   Code   RO         6944    .text               mf_p.l(d2f.o)
    0x080003b8   0x080003b8   0x00000014   Code   RO         6946    .text               mf_p.l(cfrcmple.o)
    0x080003cc   0x080003cc   0x00000060   Code   RO         6965    .text               mc_p.l(uldiv.o)
    0x0800042c   0x0800042c   0x00000000   Code   RO         6967    .text               mc_p.l(iusefp.o)
    0x0800042c   0x0800042c   0x00000082   Code   RO         6968    .text               mf_p.l(fepilogue.o)
    0x080004ae   0x080004ae   0x000000be   Code   RO         6970    .text               mf_p.l(depilogue.o)
    0x0800056c   0x0800056c   0x00000024   Code   RO         6984    .text               mc_p.l(init.o)
    0x08000590   0x08000590   0x00000020   Code   RO         6986    .text               mc_p.l(llshl.o)
    0x080005b0   0x080005b0   0x00000022   Code   RO         6988    .text               mc_p.l(llushr.o)
    0x080005d2   0x080005d2   0x00000002   PAD
    0x080005d4   0x080005d4   0x00000010   Code   RO          574    i.ADC1_IRQHandler   stm32g0xx_it.o
    0x080005e4   0x080005e4   0x00000088   Code   RO          285    i.APP_HeatTask      app_freertos.o
    0x0800066c   0x0800066c   0x00000040   Code   RO          286    i.AppMotor_Task     app_freertos.o
    0x080006ac   0x080006ac   0x00000050   Code   RO          287    i.App_Uart_ProcessTask  app_freertos.o
    0x080006fc   0x080006fc   0x0000002c   Code   RO          575    i.DMA1_Ch4_7_DMAMUX1_OVR_IRQHandler  stm32g0xx_it.o
    0x08000728   0x08000728   0x00000010   Code   RO          576    i.DMA1_Channel1_IRQHandler  stm32g0xx_it.o
    0x08000738   0x08000738   0x00000018   Code   RO          577    i.DMA1_Channel2_3_IRQHandler  stm32g0xx_it.o
    0x08000750   0x08000750   0x00000030   Code   RO         1536    i.DMA_CalcDMAMUXChannelBaseAndMask  stm32g0xx_hal_dma.o
    0x08000780   0x08000780   0x00000028   Code   RO         1537    i.DMA_CalcDMAMUXRequestGenBaseAndMask  stm32g0xx_hal_dma.o
    0x080007a8   0x080007a8   0x00000048   Code   RO         1538    i.DMA_SetConfig     stm32g0xx_hal_dma.o
    0x080007f0   0x080007f0   0x0000000a   Code   RO          578    i.EXTI2_3_IRQHandler  stm32g0xx_it.o
    0x080007fa   0x080007fa   0x00000004   Code   RO           12    i.Error_Handler     main.o
    0x080007fe   0x080007fe   0x00000002   Code   RO         1051    i.HAL_ADCEx_ChannelConfigReadyCallback  stm32g0xx_hal_adc_ex.o
    0x08000800   0x08000800   0x00000002   Code   RO         1053    i.HAL_ADCEx_EndOfSamplingCallback  stm32g0xx_hal_adc_ex.o
    0x08000802   0x08000802   0x00000002   Code   RO         1054    i.HAL_ADCEx_LevelOutOfWindow2Callback  stm32g0xx_hal_adc_ex.o
    0x08000804   0x08000804   0x00000002   Code   RO         1055    i.HAL_ADCEx_LevelOutOfWindow3Callback  stm32g0xx_hal_adc_ex.o
    0x08000806   0x08000806   0x00000002   PAD
    0x08000808   0x08000808   0x00000224   Code   RO          843    i.HAL_ADC_ConfigChannel  stm32g0xx_hal_adc.o
    0x08000a2c   0x08000a2c   0x00000002   Code   RO          844    i.HAL_ADC_ConvCpltCallback  stm32g0xx_hal_adc.o
    0x08000a2e   0x08000a2e   0x00000002   Code   RO          847    i.HAL_ADC_ErrorCallback  stm32g0xx_hal_adc.o
    0x08000a30   0x08000a30   0x00000150   Code   RO          851    i.HAL_ADC_IRQHandler  stm32g0xx_hal_adc.o
    0x08000b80   0x08000b80   0x00000220   Code   RO          852    i.HAL_ADC_Init      stm32g0xx_hal_adc.o
    0x08000da0   0x08000da0   0x00000002   Code   RO          853    i.HAL_ADC_LevelOutOfWindowCallback  stm32g0xx_hal_adc.o
    0x08000da2   0x08000da2   0x00000002   PAD
    0x08000da4   0x08000da4   0x000000c4   Code   RO          341    i.HAL_ADC_MspInit   adc.o
    0x08000e68   0x08000e68   0x00000074   Code   RO         1539    i.HAL_DMA_Abort     stm32g0xx_hal_dma.o
    0x08000edc   0x08000edc   0x0000007c   Code   RO         1540    i.HAL_DMA_Abort_IT  stm32g0xx_hal_dma.o
    0x08000f58   0x08000f58   0x00000006   Code   RO         1543    i.HAL_DMA_GetState  stm32g0xx_hal_dma.o
    0x08000f5e   0x08000f5e   0x00000002   PAD
    0x08000f60   0x08000f60   0x000000b8   Code   RO         1544    i.HAL_DMA_IRQHandler  stm32g0xx_hal_dma.o
    0x08001018   0x08001018   0x000000a4   Code   RO         1545    i.HAL_DMA_Init      stm32g0xx_hal_dma.o
    0x080010bc   0x080010bc   0x0000008c   Code   RO         1549    i.HAL_DMA_Start_IT  stm32g0xx_hal_dma.o
    0x08001148   0x08001148   0x00000002   Code   RO         1469    i.HAL_GPIO_EXTI_Falling_Callback  stm32g0xx_hal_gpio.o
    0x0800114a   0x0800114a   0x00000002   PAD
    0x0800114c   0x0800114c   0x00000028   Code   RO         1470    i.HAL_GPIO_EXTI_IRQHandler  stm32g0xx_hal_gpio.o
    0x08001174   0x08001174   0x00000002   Code   RO         1471    i.HAL_GPIO_EXTI_Rising_Callback  stm32g0xx_hal_gpio.o
    0x08001176   0x08001176   0x00000002   PAD
    0x08001178   0x08001178   0x0000015c   Code   RO         1472    i.HAL_GPIO_Init     stm32g0xx_hal_gpio.o
    0x080012d4   0x080012d4   0x00000010   Code   RO         1475    i.HAL_GPIO_TogglePin  stm32g0xx_hal_gpio.o
    0x080012e4   0x080012e4   0x0000000c   Code   RO         1476    i.HAL_GPIO_WritePin  stm32g0xx_hal_gpio.o
    0x080012f0   0x080012f0   0x0000000c   Code   RO         2003    i.HAL_GetTick       stm32g0xx_hal.o
    0x080012fc   0x080012fc   0x0000004a   Code   RO         2718    i.HAL_I2CEx_ConfigAnalogFilter  stm32g0xx_hal_i2c_ex.o
    0x08001346   0x08001346   0x00000048   Code   RO         2719    i.HAL_I2CEx_ConfigDigitalFilter  stm32g0xx_hal_i2c_ex.o
    0x0800138e   0x0800138e   0x00000002   Code   RO         2250    i.HAL_I2C_AbortCpltCallback  stm32g0xx_hal_i2c.o
    0x08001390   0x08001390   0x00000002   Code   RO         2251    i.HAL_I2C_AddrCallback  stm32g0xx_hal_i2c.o
    0x08001392   0x08001392   0x0000005e   Code   RO         2254    i.HAL_I2C_ER_IRQHandler  stm32g0xx_hal_i2c.o
    0x080013f0   0x080013f0   0x00000010   Code   RO         2255    i.HAL_I2C_EV_IRQHandler  stm32g0xx_hal_i2c.o
    0x08001400   0x08001400   0x00000002   Code   RO         2257    i.HAL_I2C_ErrorCallback  stm32g0xx_hal_i2c.o
    0x08001402   0x08001402   0x00000002   PAD
    0x08001404   0x08001404   0x000000b4   Code   RO         2261    i.HAL_I2C_Init      stm32g0xx_hal_i2c.o
    0x080014b8   0x080014b8   0x00000002   Code   RO         2263    i.HAL_I2C_ListenCpltCallback  stm32g0xx_hal_i2c.o
    0x080014ba   0x080014ba   0x00000002   Code   RO         2264    i.HAL_I2C_MasterRxCpltCallback  stm32g0xx_hal_i2c.o
    0x080014bc   0x080014bc   0x00000002   Code   RO         2265    i.HAL_I2C_MasterTxCpltCallback  stm32g0xx_hal_i2c.o
    0x080014be   0x080014be   0x00000002   Code   RO         2277    i.HAL_I2C_MemRxCpltCallback  stm32g0xx_hal_i2c.o
    0x080014c0   0x080014c0   0x00000002   Code   RO         2278    i.HAL_I2C_MemTxCpltCallback  stm32g0xx_hal_i2c.o
    0x080014c2   0x080014c2   0x00000002   PAD
    0x080014c4   0x080014c4   0x000000fc   Code   RO         2280    i.HAL_I2C_Mem_Read_DMA  stm32g0xx_hal_i2c.o
    0x080015c0   0x080015c0   0x000001a4   Code   RO          399    i.HAL_I2C_MspInit   i2c.o
    0x08001764   0x08001764   0x00000002   Code   RO         2287    i.HAL_I2C_SlaveRxCpltCallback  stm32g0xx_hal_i2c.o
    0x08001766   0x08001766   0x00000002   Code   RO         2288    i.HAL_I2C_SlaveTxCpltCallback  stm32g0xx_hal_i2c.o
    0x08001768   0x08001768   0x00000010   Code   RO         2009    i.HAL_IncTick       stm32g0xx_hal.o
    0x08001778   0x08001778   0x00000028   Code   RO         2010    i.HAL_Init          stm32g0xx_hal.o
    0x080017a0   0x080017a0   0x0000009c   Code   RO          683    i.HAL_InitTick      stm32g0xx_hal_timebase_tim.o
    0x0800183c   0x0800183c   0x0000003c   Code   RO          663    i.HAL_MspInit       stm32g0xx_hal_msp.o
    0x08001878   0x08001878   0x00000018   Code   RO         1887    i.HAL_NVIC_EnableIRQ  stm32g0xx_hal_cortex.o
    0x08001890   0x08001890   0x00000008   Code   RO         1891    i.HAL_NVIC_SetPriority  stm32g0xx_hal_cortex.o
    0x08001898   0x08001898   0x0000004c   Code   RO         1772    i.HAL_PWREx_ControlVoltageScaling  stm32g0xx_hal_pwr_ex.o
    0x080018e4   0x080018e4   0x00000160   Code   RO         1238    i.HAL_RCCEx_PeriphCLKConfig  stm32g0xx_hal_rcc_ex.o
    0x08001a44   0x08001a44   0x00000158   Code   RO         1122    i.HAL_RCC_ClockConfig  stm32g0xx_hal_rcc.o
    0x08001b9c   0x08001b9c   0x00000038   Code   RO         1127    i.HAL_RCC_GetClockConfig  stm32g0xx_hal_rcc.o
    0x08001bd4   0x08001bd4   0x00000028   Code   RO         1130    i.HAL_RCC_GetPCLK1Freq  stm32g0xx_hal_rcc.o
    0x08001bfc   0x08001bfc   0x0000007c   Code   RO         1132    i.HAL_RCC_GetSysClockFreq  stm32g0xx_hal_rcc.o
    0x08001c78   0x08001c78   0x000003d8   Code   RO         1136    i.HAL_RCC_OscConfig  stm32g0xx_hal_rcc.o
    0x08002050   0x08002050   0x000000ee   Code   RO         2779    i.HAL_SPI_Init      stm32g0xx_hal_spi.o
    0x0800213e   0x0800213e   0x00000002   PAD
    0x08002140   0x08002140   0x00000084   Code   RO          443    i.HAL_SPI_MspInit   spi.o
    0x080021c4   0x080021c4   0x00000160   Code   RO         2787    i.HAL_SPI_Transmit  stm32g0xx_hal_spi.o
    0x08002324   0x08002324   0x00000014   Code   RO         2019    i.HAL_SYSCFG_StrobeDBattpinsConfig  stm32g0xx_hal.o
    0x08002338   0x08002338   0x00000002   Code   RO         3823    i.HAL_TIMEx_Break2Callback  stm32g0xx_hal_tim_ex.o
    0x0800233a   0x0800233a   0x00000002   Code   RO         3824    i.HAL_TIMEx_BreakCallback  stm32g0xx_hal_tim_ex.o
    0x0800233c   0x0800233c   0x00000002   Code   RO         3825    i.HAL_TIMEx_CommutCallback  stm32g0xx_hal_tim_ex.o
    0x0800233e   0x0800233e   0x00000002   PAD
    0x08002340   0x08002340   0x000000ac   Code   RO         3827    i.HAL_TIMEx_ConfigBreakDeadTime  stm32g0xx_hal_tim_ex.o
    0x080023ec   0x080023ec   0x0000004c   Code   RO         3113    i.HAL_TIM_Base_Init  stm32g0xx_hal_tim.o
    0x08002438   0x08002438   0x00000084   Code   RO          481    i.HAL_TIM_Base_MspInit  tim.o
    0x080024bc   0x080024bc   0x0000005c   Code   RO         3118    i.HAL_TIM_Base_Start_IT  stm32g0xx_hal_tim.o
    0x08002518   0x08002518   0x00000002   Code   RO         3143    i.HAL_TIM_ErrorCallback  stm32g0xx_hal_tim.o
    0x0800251a   0x0800251a   0x00000002   Code   RO         3147    i.HAL_TIM_IC_CaptureCallback  stm32g0xx_hal_tim.o
    0x0800251c   0x0800251c   0x00000184   Code   RO         3161    i.HAL_TIM_IRQHandler  stm32g0xx_hal_tim.o
    0x080026a0   0x080026a0   0x00000078   Code   RO          482    i.HAL_TIM_MspPostInit  tim.o
    0x08002718   0x08002718   0x00000002   Code   RO         3164    i.HAL_TIM_OC_DelayElapsedCallback  stm32g0xx_hal_tim.o
    0x0800271a   0x0800271a   0x00000128   Code   RO         3185    i.HAL_TIM_PWM_ConfigChannel  stm32g0xx_hal_tim.o
    0x08002842   0x08002842   0x0000004c   Code   RO         3188    i.HAL_TIM_PWM_Init  stm32g0xx_hal_tim.o
    0x0800288e   0x0800288e   0x00000002   Code   RO         3190    i.HAL_TIM_PWM_MspInit  stm32g0xx_hal_tim.o
    0x08002890   0x08002890   0x00000002   Code   RO         3191    i.HAL_TIM_PWM_PulseFinishedCallback  stm32g0xx_hal_tim.o
    0x08002892   0x08002892   0x00000002   Code   RO         3192    i.HAL_TIM_PWM_PulseFinishedHalfCpltCallback  stm32g0xx_hal_tim.o
    0x08002894   0x08002894   0x000000d0   Code   RO         3193    i.HAL_TIM_PWM_Start  stm32g0xx_hal_tim.o
    0x08002964   0x08002964   0x000001d0   Code   RO         3194    i.HAL_TIM_PWM_Start_DMA  stm32g0xx_hal_tim.o
    0x08002b34   0x08002b34   0x00000014   Code   RO           13    i.HAL_TIM_PeriodElapsedCallback  main.o
    0x08002b48   0x08002b48   0x00000002   Code   RO         3204    i.HAL_TIM_TriggerCallback  stm32g0xx_hal_tim.o
    0x08002b4a   0x08002b4a   0x0000003c   Code   RO         4538    i.HAL_UARTEx_DisableFifoMode  stm32g0xx_hal_uart_ex.o
    0x08002b86   0x08002b86   0x00000002   Code   RO         4131    i.HAL_UARTEx_RxEventCallback  stm32g0xx_hal_uart.o
    0x08002b88   0x08002b88   0x00000002   Code   RO         4546    i.HAL_UARTEx_RxFifoFullCallback  stm32g0xx_hal_uart_ex.o
    0x08002b8a   0x08002b8a   0x00000048   Code   RO         4547    i.HAL_UARTEx_SetRxFifoThreshold  stm32g0xx_hal_uart_ex.o
    0x08002bd2   0x08002bd2   0x00000046   Code   RO         4548    i.HAL_UARTEx_SetTxFifoThreshold  stm32g0xx_hal_uart_ex.o
    0x08002c18   0x08002c18   0x00000002   Code   RO         4550    i.HAL_UARTEx_TxFifoEmptyCallback  stm32g0xx_hal_uart_ex.o
    0x08002c1a   0x08002c1a   0x00000002   Code   RO         4551    i.HAL_UARTEx_WakeupCallback  stm32g0xx_hal_uart_ex.o
    0x08002c1c   0x08002c1c   0x00000002   Code   RO         4147    i.HAL_UART_ErrorCallback  stm32g0xx_hal_uart.o
    0x08002c1e   0x08002c1e   0x00000002   PAD
    0x08002c20   0x08002c20   0x000002f0   Code   RO         4150    i.HAL_UART_IRQHandler  stm32g0xx_hal_uart.o
    0x08002f10   0x08002f10   0x0000006c   Code   RO         4151    i.HAL_UART_Init     stm32g0xx_hal_uart.o
    0x08002f7c   0x08002f7c   0x000000c0   Code   RO          531    i.HAL_UART_MspInit  usart.o
    0x0800303c   0x0800303c   0x00000058   Code   RO         4156    i.HAL_UART_Receive_IT  stm32g0xx_hal_uart.o
    0x08003094   0x08003094   0x00000002   Code   RO         4158    i.HAL_UART_RxCpltCallback  stm32g0xx_hal_uart.o
    0x08003096   0x08003096   0x000000ca   Code   RO         4160    i.HAL_UART_Transmit  stm32g0xx_hal_uart.o
    0x08003160   0x08003160   0x00000002   Code   RO         4163    i.HAL_UART_TxCpltCallback  stm32g0xx_hal_uart.o
    0x08003162   0x08003162   0x00000002   Code   RO          579    i.HardFault_Handler  stm32g0xx_it.o
    0x08003164   0x08003164   0x0000003c   Code   RO         6537    i.HeatPIDInit       pid.o
    0x080031a0   0x080031a0   0x00000020   Code   RO          580    i.I2C1_IRQHandler   stm32g0xx_it.o
    0x080031c0   0x080031c0   0x00000020   Code   RO          581    i.I2C2_IRQHandler   stm32g0xx_it.o
    0x080031e0   0x080031e0   0x0000001c   Code   RO         2300    i.I2C_DMAAbort      stm32g0xx_hal_i2c.o
    0x080031fc   0x080031fc   0x00000018   Code   RO         2301    i.I2C_DMAError      stm32g0xx_hal_i2c.o
    0x08003214   0x08003214   0x00000054   Code   RO         2302    i.I2C_DMAMasterReceiveCplt  stm32g0xx_hal_i2c.o
    0x08003268   0x08003268   0x00000052   Code   RO         2306    i.I2C_Disable_IRQ   stm32g0xx_hal_i2c.o
    0x080032ba   0x080032ba   0x00000002   PAD
    0x080032bc   0x080032bc   0x00000064   Code   RO         2307    i.I2C_Enable_IRQ    stm32g0xx_hal_i2c.o
    0x08003320   0x08003320   0x00000022   Code   RO         2308    i.I2C_Flush_TXDR    stm32g0xx_hal_i2c.o
    0x08003342   0x08003342   0x0000007c   Code   RO         2309    i.I2C_ITAddrCplt    stm32g0xx_hal_i2c.o
    0x080033be   0x080033be   0x00000002   PAD
    0x080033c0   0x080033c0   0x000000ec   Code   RO         2310    i.I2C_ITError       stm32g0xx_hal_i2c.o
    0x080034ac   0x080034ac   0x00000068   Code   RO         2311    i.I2C_ITListenCplt  stm32g0xx_hal_i2c.o
    0x08003514   0x08003514   0x000000d8   Code   RO         2312    i.I2C_ITMasterCplt  stm32g0xx_hal_i2c.o
    0x080035ec   0x080035ec   0x00000046   Code   RO         2313    i.I2C_ITMasterSeqCplt  stm32g0xx_hal_i2c.o
    0x08003632   0x08003632   0x00000002   PAD
    0x08003634   0x08003634   0x0000013c   Code   RO         2314    i.I2C_ITSlaveCplt   stm32g0xx_hal_i2c.o
    0x08003770   0x08003770   0x0000006a   Code   RO         2315    i.I2C_ITSlaveSeqCplt  stm32g0xx_hal_i2c.o
    0x080037da   0x080037da   0x00000002   PAD
    0x080037dc   0x080037dc   0x0000010c   Code   RO         2317    i.I2C_Master_ISR_DMA  stm32g0xx_hal_i2c.o
    0x080038e8   0x080038e8   0x00000110   Code   RO         2319    i.I2C_Mem_ISR_DMA   stm32g0xx_hal_i2c.o
    0x080039f8   0x080039f8   0x00000112   Code   RO         2323    i.I2C_Slave_ISR_DMA  stm32g0xx_hal_i2c.o
    0x08003b0a   0x08003b0a   0x00000002   PAD
    0x08003b0c   0x08003b0c   0x00000130   Code   RO         2324    i.I2C_Slave_ISR_IT  stm32g0xx_hal_i2c.o
    0x08003c3c   0x08003c3c   0x0000002c   Code   RO         2325    i.I2C_TransferConfig  stm32g0xx_hal_i2c.o
    0x08003c68   0x08003c68   0x00000026   Code   RO         2326    i.I2C_TreatErrorCallback  stm32g0xx_hal_i2c.o
    0x08003c8e   0x08003c8e   0x00000008   Code   RO          864    i.LL_ADC_IsEnabled  stm32g0xx_hal_adc.o
    0x08003c96   0x08003c96   0x00000008   Code   RO          865    i.LL_ADC_REG_IsConversionOngoing  stm32g0xx_hal_adc.o
    0x08003c9e   0x08003c9e   0x00000010   Code   RO          866    i.LL_ADC_REG_IsTriggerSourceSWStart  stm32g0xx_hal_adc.o
    0x08003cae   0x08003cae   0x0000000e   Code   RO          868    i.LL_ADC_SetCommonPathInternalCh  stm32g0xx_hal_adc.o
    0x08003cbc   0x08003cbc   0x00000016   Code   RO          869    i.LL_ADC_SetSamplingTimeCommonChannels  stm32g0xx_hal_adc.o
    0x08003cd2   0x08003cd2   0x00000002   PAD
    0x08003cd4   0x08003cd4   0x000000b0   Code   RO          342    i.MX_ADC1_Init      adc.o
    0x08003d84   0x08003d84   0x00000048   Code   RO          378    i.MX_DMA_Init       dma.o
    0x08003dcc   0x08003dcc   0x0000005c   Code   RO          288    i.MX_FREERTOS_Init  app_freertos.o
    0x08003e28   0x08003e28   0x000001b0   Code   RO          265    i.MX_GPIO_Init      gpio.o
    0x08003fd8   0x08003fd8   0x00000058   Code   RO          400    i.MX_I2C1_Init      i2c.o
    0x08004030   0x08004030   0x00000058   Code   RO          401    i.MX_I2C2_Init      i2c.o
    0x08004088   0x08004088   0x0000004c   Code   RO          444    i.MX_SPI1_Init      spi.o
    0x080040d4   0x080040d4   0x0000006c   Code   RO          483    i.MX_TIM14_Init     tim.o
    0x08004140   0x08004140   0x0000009c   Code   RO          484    i.MX_TIM16_Init     tim.o
    0x080041dc   0x080041dc   0x00000074   Code   RO          532    i.MX_USART1_UART_Init  usart.o
    0x08004250   0x08004250   0x00000002   Code   RO          582    i.NMI_Handler       stm32g0xx_it.o
    0x08004252   0x08004252   0x000000a2   Code   RO         6538    i.PID_realize       pid.o
    0x080042f4   0x080042f4   0x0000004c   Code   RO         2817    i.SPI_EndRxTxTransaction  stm32g0xx_hal_spi.o
    0x08004340   0x08004340   0x000000d8   Code   RO         2822    i.SPI_WaitFifoStateUntilTimeout  stm32g0xx_hal_spi.o
    0x08004418   0x08004418   0x000000b8   Code   RO         2823    i.SPI_WaitFlagStateUntilTimeout  stm32g0xx_hal_spi.o
    0x080044d0   0x080044d0   0x00000002   Code   RO         6357    i.SVC_Handler       port.o
    0x080044d2   0x080044d2   0x00000002   PAD
    0x080044d4   0x080044d4   0x00000018   Code   RO         5800    i.SysTick_Handler   cmsis_os2.o
    0x080044ec   0x080044ec   0x00000068   Code   RO           14    i.SystemClock_Config  main.o
    0x08004554   0x08004554   0x00000002   Code   RO         4653    i.SystemInit        system_stm32g0xx.o
    0x08004556   0x08004556   0x00000002   PAD
    0x08004558   0x08004558   0x00000010   Code   RO          583    i.TIM6_IRQHandler   stm32g0xx_it.o
    0x08004568   0x08004568   0x00000088   Code   RO         3206    i.TIM_Base_SetConfig  stm32g0xx_hal_tim.o
    0x080045f0   0x080045f0   0x0000001a   Code   RO         3207    i.TIM_CCxChannelCmd  stm32g0xx_hal_tim.o
    0x0800460a   0x0800460a   0x00000066   Code   RO         3210    i.TIM_DMADelayPulseCplt  stm32g0xx_hal_tim.o
    0x08004670   0x08004670   0x00000038   Code   RO         3211    i.TIM_DMADelayPulseHalfCplt  stm32g0xx_hal_tim.o
    0x080046a8   0x080046a8   0x00000054   Code   RO         3212    i.TIM_DMAError      stm32g0xx_hal_tim.o
    0x080046fc   0x080046fc   0x0000008c   Code   RO         3219    i.TIM_OC1_SetConfig  stm32g0xx_hal_tim.o
    0x08004788   0x08004788   0x00000084   Code   RO         3220    i.TIM_OC2_SetConfig  stm32g0xx_hal_tim.o
    0x0800480c   0x0800480c   0x00000088   Code   RO         3221    i.TIM_OC3_SetConfig  stm32g0xx_hal_tim.o
    0x08004894   0x08004894   0x00000074   Code   RO         3222    i.TIM_OC4_SetConfig  stm32g0xx_hal_tim.o
    0x08004908   0x08004908   0x00000064   Code   RO         3223    i.TIM_OC5_SetConfig  stm32g0xx_hal_tim.o
    0x0800496c   0x0800496c   0x0000006c   Code   RO         3224    i.TIM_OC6_SetConfig  stm32g0xx_hal_tim.o
    0x080049d8   0x080049d8   0x000000b8   Code   RO         6467    i.TMC5130_Init      tmc5130.o
    0x08004a90   0x08004a90   0x00000044   Code   RO         6469    i.TMC5130_Write     tmc5130.o
    0x08004ad4   0x08004ad4   0x00000002   Code   RO         6570    i.TMP114_Init       tmp114.o
    0x08004ad6   0x08004ad6   0x00000002   PAD
    0x08004ad8   0x08004ad8   0x0000001c   Code   RO         6572    i.TMP114_Read       tmp114.o
    0x08004af4   0x08004af4   0x00000020   Code   RO         6575    i.TmpRaw2Ture       tmp114.o
    0x08004b14   0x08004b14   0x00000044   Code   RO         4552    i.UARTEx_SetNbDataToProcess  stm32g0xx_hal_uart_ex.o
    0x08004b58   0x08004b58   0x000000ca   Code   RO         4165    i.UART_AdvFeatureConfig  stm32g0xx_hal_uart.o
    0x08004c22   0x08004c22   0x00000002   PAD
    0x08004c24   0x08004c24   0x00000064   Code   RO         4166    i.UART_CheckIdleState  stm32g0xx_hal_uart.o
    0x08004c88   0x08004c88   0x00000014   Code   RO         4167    i.UART_DMAAbortOnError  stm32g0xx_hal_uart.o
    0x08004c9c   0x08004c9c   0x00000064   Code   RO         4177    i.UART_EndRxTransfer  stm32g0xx_hal_uart.o
    0x08004d00   0x08004d00   0x000000ae   Code   RO         4179    i.UART_RxISR_16BIT  stm32g0xx_hal_uart.o
    0x08004dae   0x08004dae   0x00000002   PAD
    0x08004db0   0x08004db0   0x00000190   Code   RO         4180    i.UART_RxISR_16BIT_FIFOEN  stm32g0xx_hal_uart.o
    0x08004f40   0x08004f40   0x000000ae   Code   RO         4181    i.UART_RxISR_8BIT   stm32g0xx_hal_uart.o
    0x08004fee   0x08004fee   0x00000002   PAD
    0x08004ff0   0x08004ff0   0x00000190   Code   RO         4182    i.UART_RxISR_8BIT_FIFOEN  stm32g0xx_hal_uart.o
    0x08005180   0x08005180   0x00000190   Code   RO         4183    i.UART_SetConfig    stm32g0xx_hal_uart.o
    0x08005310   0x08005310   0x0000012c   Code   RO         4185    i.UART_Start_Receive_IT  stm32g0xx_hal_uart.o
    0x0800543c   0x0800543c   0x000000d2   Code   RO         4190    i.UART_WaitOnFlagUntilTimeout  stm32g0xx_hal_uart.o
    0x0800550e   0x0800550e   0x00000002   PAD
    0x08005510   0x08005510   0x00000018   Code   RO         6628    i.UCS1903Show       ucs1903.o
    0x08005528   0x08005528   0x00000050   Code   RO          584    i.USART1_IRQHandler  stm32g0xx_it.o
    0x08005578   0x08005578   0x00000020   Code   RO         6880    i.__0printf$8       mc_p.l(printf8.o)
    0x08005598   0x08005598   0x00000038   Code   RO         6881    i.__0snprintf$8     mc_p.l(printf8.o)
    0x080055d0   0x080055d0   0x0000002e   Code   RO         6972    i.__ARM_clz         mf_p.l(depilogue.o)
    0x080055fe   0x080055fe   0x0000001a   Code   RO         1632    i.__ARM_common_switch8  stm32g0xx_hal_dma.o
    0x08005618   0x08005618   0x00000044   Code   RO         1897    i.__NVIC_SetPriority  stm32g0xx_hal_cortex.o
    0x0800565c   0x0800565c   0x0000000e   Code   RO         6994    i.__scatterload_copy  mc_p.l(handlers.o)
    0x0800566a   0x0800566a   0x00000002   Code   RO         6995    i.__scatterload_null  mc_p.l(handlers.o)
    0x0800566c   0x0800566c   0x0000000e   Code   RO         6996    i.__scatterload_zeroinit  mc_p.l(handlers.o)
    0x0800567a   0x0800567a   0x00000002   PAD
    0x0800567c   0x0800567c   0x00000428   Code   RO         6887    i._printf_core      mc_p.l(printf8.o)
    0x08005aa4   0x08005aa4   0x00000020   Code   RO         6888    i._printf_post_padding  mc_p.l(printf8.o)
    0x08005ac4   0x08005ac4   0x0000002c   Code   RO         6889    i._printf_pre_padding  mc_p.l(printf8.o)
    0x08005af0   0x08005af0   0x00000016   Code   RO         6890    i._snputc           mc_p.l(printf8.o)
    0x08005b06   0x08005b06   0x00000002   PAD
    0x08005b08   0x08005b08   0x00000020   Code   RO          533    i.fputc             usart.o
    0x08005b28   0x08005b28   0x0000003a   Code   RO           15    i.main              main.o
    0x08005b62   0x08005b62   0x00000032   Code   RO         5807    i.osEventFlagsNew   cmsis_os2.o
    0x08005b94   0x08005b94   0x00000028   Code   RO         5816    i.osKernelInitialize  cmsis_os2.o
    0x08005bbc   0x08005bbc   0x0000003c   Code   RO         5819    i.osKernelStart     cmsis_os2.o
    0x08005bf8   0x08005bf8   0x0000006a   Code   RO         5836    i.osMessageQueueNew  cmsis_os2.o
    0x08005c62   0x08005c62   0x00000096   Code   RO         5861    i.osThreadNew       cmsis_os2.o
    0x08005cf8   0x08005cf8   0x00000038   Code   RO         6430    i.processData       screen.o
    0x08005d30   0x08005d30   0x00000058   Code   RO         5274    i.prvAddCurrentTaskToDelayedList  tasks.o
    0x08005d88   0x08005d88   0x000000bc   Code   RO         5275    i.prvAddNewTaskToReadyList  tasks.o
    0x08005e44   0x08005e44   0x0000005c   Code   RO         5639    i.prvCheckForValidListAndQueue  timers.o
    0x08005ea0   0x08005ea0   0x00000026   Code   RO         4871    i.prvCopyDataFromQueue  queue.o
    0x08005ec6   0x08005ec6   0x00000070   Code   RO         4872    i.prvCopyDataToQueue  queue.o
    0x08005f36   0x08005f36   0x00000026   Code   RO         5276    i.prvDeleteTCB      tasks.o
    0x08005f5c   0x08005f5c   0x00000044   Code   RO         6301    i.prvHeapInit       heap_4.o
    0x08005fa0   0x08005fa0   0x0000004c   Code   RO         5277    i.prvIdleTask       tasks.o
    0x08005fec   0x08005fec   0x00000022   Code   RO         4874    i.prvInitialiseNewQueue  queue.o
    0x0800600e   0x0800600e   0x00000094   Code   RO         5278    i.prvInitialiseNewTask  tasks.o
    0x080060a2   0x080060a2   0x00000002   PAD
    0x080060a4   0x080060a4   0x0000004c   Code   RO         6302    i.prvInsertBlockIntoFreeList  heap_4.o
    0x080060f0   0x080060f0   0x00000038   Code   RO         5641    i.prvInsertTimerInActiveList  timers.o
    0x08006128   0x08006128   0x0000001c   Code   RO         4875    i.prvIsQueueEmpty   queue.o
    0x08006144   0x08006144   0x000000e8   Code   RO         5642    i.prvProcessReceivedCommands  timers.o
    0x0800622c   0x0800622c   0x000000a8   Code   RO         5643    i.prvProcessTimerOrBlockTask  timers.o
    0x080062d4   0x080062d4   0x00000020   Code   RO         5280    i.prvResetNextTaskUnblockTime  tasks.o
    0x080062f4   0x080062f4   0x00000028   Code   RO         5644    i.prvSampleTimeNow  timers.o
    0x0800631c   0x0800631c   0x00000064   Code   RO         5645    i.prvSwitchTimerLists  timers.o
    0x08006380   0x08006380   0x00000014   Code   RO         6358    i.prvTaskExitError  port.o
    0x08006394   0x08006394   0x00000016   Code   RO         4721    i.prvTestWaitCondition  event_groups.o
    0x080063aa   0x080063aa   0x00000002   PAD
    0x080063ac   0x080063ac   0x00000024   Code   RO         5646    i.prvTimerTask      timers.o
    0x080063d0   0x080063d0   0x00000070   Code   RO         4876    i.prvUnlockQueue    queue.o
    0x08006440   0x08006440   0x000000b8   Code   RO         6303    i.pvPortMalloc      heap_4.o
    0x080064f8   0x080064f8   0x00000020   Code   RO         6359    i.pxPortInitialiseStack  port.o
    0x08006518   0x08006518   0x00000040   Code   RO         6629    i.sendColor         ucs1903.o
    0x08006558   0x08006558   0x00000026   Code   RO         4834    i.uxListRemove      list.o
    0x0800657e   0x0800657e   0x00000002   PAD
    0x08006580   0x08006580   0x00000018   Code   RO         5292    i.uxTaskResetEventItemValue  tasks.o
    0x08006598   0x08006598   0x00000014   Code   RO         5873    i.vApplicationGetIdleTaskMemory  cmsis_os2.o
    0x080065ac   0x080065ac   0x00000018   Code   RO         5874    i.vApplicationGetTimerTaskMemory  cmsis_os2.o
    0x080065c4   0x080065c4   0x00000016   Code   RO         4835    i.vListInitialise   list.o
    0x080065da   0x080065da   0x00000006   Code   RO         4836    i.vListInitialiseItem  list.o
    0x080065e0   0x080065e0   0x00000030   Code   RO         4837    i.vListInsert       list.o
    0x08006610   0x08006610   0x00000018   Code   RO         4838    i.vListInsertEnd    list.o
    0x08006628   0x08006628   0x00000018   Code   RO         6361    i.vPortEnterCritical  port.o
    0x08006640   0x08006640   0x0000001c   Code   RO         6362    i.vPortExitCritical  port.o
    0x0800665c   0x0800665c   0x00000048   Code   RO         6304    i.vPortFree         heap_4.o
    0x080066a4   0x080066a4   0x00000028   Code   RO         6363    i.vPortSetupTimerInterrupt  port.o
    0x080066cc   0x080066cc   0x00000018   Code   RO         6364    i.vPortYield        port.o
    0x080066e4   0x080066e4   0x00000024   Code   RO         4882    i.vQueueAddToRegistry  queue.o
    0x08006708   0x08006708   0x00000044   Code   RO         4886    i.vQueueWaitForMessageRestricted  queue.o
    0x0800674c   0x0800674c   0x00000030   Code   RO         5293    i.vTaskDelay        tasks.o
    0x0800677c   0x0800677c   0x00000010   Code   RO         5298    i.vTaskInternalSetTimeOutState  tasks.o
    0x0800678c   0x0800678c   0x0000000c   Code   RO         5299    i.vTaskMissedYield  tasks.o
    0x08006798   0x08006798   0x00000024   Code   RO         5301    i.vTaskPlaceOnEventList  tasks.o
    0x080067bc   0x080067bc   0x00000030   Code   RO         5302    i.vTaskPlaceOnEventListRestricted  tasks.o
    0x080067ec   0x080067ec   0x0000003c   Code   RO         5303    i.vTaskPlaceOnUnorderedEventList  tasks.o
    0x08006828   0x08006828   0x0000005c   Code   RO         5306    i.vTaskRemoveFromUnorderedEventList  tasks.o
    0x08006884   0x08006884   0x00000068   Code   RO         5310    i.vTaskStartScheduler  tasks.o
    0x080068ec   0x080068ec   0x00000010   Code   RO         5312    i.vTaskSuspendAll   tasks.o
    0x080068fc   0x080068fc   0x00000058   Code   RO         5313    i.vTaskSwitchContext  tasks.o
    0x08006954   0x08006954   0x00000028   Code   RO         4727    i.xEventGroupClearBits  event_groups.o
    0x0800697c   0x0800697c   0x0000001c   Code   RO         4729    i.xEventGroupCreate  event_groups.o
    0x08006998   0x08006998   0x00000022   Code   RO         4730    i.xEventGroupCreateStatic  event_groups.o
    0x080069ba   0x080069ba   0x00000074   Code   RO         4732    i.xEventGroupSetBits  event_groups.o
    0x08006a2e   0x08006a2e   0x000000cc   Code   RO         4735    i.xEventGroupWaitBits  event_groups.o
    0x08006afa   0x08006afa   0x00000002   PAD
    0x08006afc   0x08006afc   0x00000030   Code   RO         6365    i.xPortStartScheduler  port.o
    0x08006b2c   0x08006b2c   0x00000024   Code   RO         6366    i.xPortSysTickHandler  port.o
    0x08006b50   0x08006b50   0x00000034   Code   RO         4891    i.xQueueGenericCreate  queue.o
    0x08006b84   0x08006b84   0x00000040   Code   RO         4892    i.xQueueGenericCreateStatic  queue.o
    0x08006bc4   0x08006bc4   0x0000006c   Code   RO         4893    i.xQueueGenericReset  queue.o
    0x08006c30   0x08006c30   0x00000118   Code   RO         4894    i.xQueueGenericSend  queue.o
    0x08006d48   0x08006d48   0x0000008e   Code   RO         4895    i.xQueueGenericSendFromISR  queue.o
    0x08006dd6   0x08006dd6   0x00000102   Code   RO         4904    i.xQueueReceive     queue.o
    0x08006ed8   0x08006ed8   0x0000005c   Code   RO         5315    i.xTaskCheckForTimeOut  tasks.o
    0x08006f34   0x08006f34   0x00000052   Code   RO         5316    i.xTaskCreate       tasks.o
    0x08006f86   0x08006f86   0x00000044   Code   RO         5317    i.xTaskCreateStatic  tasks.o
    0x08006fca   0x08006fca   0x00000002   PAD
    0x08006fcc   0x08006fcc   0x00000020   Code   RO         5321    i.xTaskGetSchedulerState  tasks.o
    0x08006fec   0x08006fec   0x0000000c   Code   RO         5322    i.xTaskGetTickCount  tasks.o
    0x08006ff8   0x08006ff8   0x000000bc   Code   RO         5324    i.xTaskIncrementTick  tasks.o
    0x080070b4   0x080070b4   0x00000068   Code   RO         5327    i.xTaskPriorityDisinherit  tasks.o
    0x0800711c   0x0800711c   0x00000064   Code   RO         5329    i.xTaskRemoveFromEventList  tasks.o
    0x08007180   0x08007180   0x000000b0   Code   RO         5330    i.xTaskResumeAll    tasks.o
    0x08007230   0x08007230   0x00000058   Code   RO         5655    i.xTimerCreateTimerTask  timers.o
    0x08007288   0x08007288   0x00000054   Code   RO         5656    i.xTimerGenericCommand  timers.o
    0x080072dc   0x080072dc   0x00000094   Data   RO          290    .constdata          app_freertos.o
    0x08007370   0x08007370   0x00000018   Data   RO         4191    .constdata          stm32g0xx_hal_uart.o
    0x08007388   0x08007388   0x00000010   Data   RO         4553    .constdata          stm32g0xx_hal_uart_ex.o
    0x08007398   0x08007398   0x00000040   Data   RO         4654    .constdata          system_stm32g0xx.o
    0x080073d8   0x080073d8   0x00000020   Data   RO         4655    .constdata          system_stm32g0xx.o
    0x080073f8   0x080073f8   0x0000003e   Data   RO          292    .conststring        app_freertos.o
    0x08007436   0x08007436   0x00000002   PAD
    0x08007438   0x08007438   0x00000020   Data   RO         6992    Region$$Table       anon$$obj.o


    Execution Region RW_IRAM1 (Exec base: 0x20000000, Load base: 0x08007458, Size: 0x000026e8, Max: 0x00009000, ABSOLUTE)

    Exec Addr    Load Addr    Size         Type   Attr      Idx    E Section Name        Object

    0x20000000   0x08007458   0x00000018   Data   RW          294    .data               app_freertos.o
    0x20000018   0x08007470   0x0000000c   Data   RW         2022    .data               stm32g0xx_hal.o
    0x20000024   0x0800747c   0x00000004   Data   RW         4656    .data               system_stm32g0xx.o
    0x20000028   0x08007480   0x0000003c   Data   RW         5333    .data               tasks.o
    0x20000064   0x080074bc   0x00000014   Data   RW         5664    .data               timers.o
    0x20000078   0x080074d0   0x00000004   Data   RW         5876    .data               cmsis_os2.o
    0x2000007c   0x080074d4   0x00000020   Data   RW         6310    .data               heap_4.o
    0x2000009c   0x080074f4   0x00000004   Data   RW         6367    .data               port.o
    0x200000a0   0x080074f8   0x00000004   Data   RW         6471    .data               tmc5130.o
    0x200000a4   0x080074fc   0x00000001   Data   RW         6540    .data               pid.o
    0x200000a5   0x080074fd   0x00000002   Data   RW         6576    .data               tmp114.o
    0x200000a7   0x080074ff   0x00000001   PAD
    0x200000a8   0x08007500   0x00000004   Data   RW         6577    .data               tmp114.o
    0x200000ac   0x08007504   0x00000004   Data   RW         6964    .data               mc_p.l(stdout.o)
    0x200000b0        -       0x000000c8   Zero   RW          289    .bss                app_freertos.o
    0x20000178        -       0x000000c0   Zero   RW          343    .bss                adc.o
    0x20000238        -       0x00000218   Zero   RW          402    .bss                i2c.o
    0x20000450        -       0x00000064   Zero   RW          445    .bss                spi.o
    0x200004b4        -       0x000000f4   Zero   RW          485    .bss                tim.o
    0x200005a8        -       0x000000f0   Zero   RW          534    .bss                usart.o
    0x20000698        -       0x000000c8   Zero   RW          585    .bss                stm32g0xx_it.o
    0x20000760        -       0x0000004c   Zero   RW          686    .bss                stm32g0xx_hal_timebase_tim.o
    0x200007ac        -       0x00000040   Zero   RW         4908    .bss                queue.o
    0x200007ec        -       0x000004c4   Zero   RW         5332    .bss                tasks.o
    0x20000cb0        -       0x00000118   Zero   RW         5663    .bss                timers.o
    0x20000dc8        -       0x000006b8   Zero   RW         5875    .bss                cmsis_os2.o
    0x20001480        -       0x00000c00   Zero   RW         6309    .bss                heap_4.o
    0x20002080        -       0x00000028   Zero   RW         6539    .bss                pid.o
    0x200020a8        -       0x00000240   Zero   RW         6631    .bss                ucs1903.o
    0x200022e8        -       0x00000400   Zero   RW            1    STACK               startup_stm32g070xx.o


==============================================================================

Image component sizes


      Code (inc. data)   RO Data    RW Data    ZI Data      Debug   Object Name

       372         34          0          0        192       1755   adc.o
       372         82        210         24        200       3423   app_freertos.o
       474         26          0          4       1720      28760   cmsis_os2.o
         0          0          0          0          0       9568   croutine.o
        72          4          0          0          0        702   dma.o
       444          0          0          0          0      18364   event_groups.o
       432         24          0          0          0       1067   gpio.o
       400         22          0         32       3072       4115   heap_4.o
       596         54          0          0        536       2538   i2c.o
       138          0          0          0          0       3206   list.o
       186          4          0          0          0     446473   main.o
       222         22          0          1         40       2017   pid.o
       374         56          0          4          0       7067   port.o
      1332          4          0          0         64      16030   queue.o
        56         12          0          0          0        558   screen.o
       208         20          0          0        100       1565   spi.o
        28          8        184          0       1024        604   startup_stm32g070xx.o
        88         18          0         12          0      15433   stm32g0xx_hal.o
      1502         62          0          0          0      40470   stm32g0xx_hal_adc.o
         8          0          0          0          0       2481   stm32g0xx_hal_adc_ex.o
       100         14          0          0          0      11236   stm32g0xx_hal_cortex.o
       920         42          0          0          0       6593   stm32g0xx_hal_dma.o
         0          0          0          0          0       2688   stm32g0xx_hal_flash.o
       420         22          0          0          0       4021   stm32g0xx_hal_gpio.o
      3286        116          0          0          0      24864   stm32g0xx_hal_i2c.o
       146          0          0          0          0       1823   stm32g0xx_hal_i2c_ex.o
        60          4          0          0          0        778   stm32g0xx_hal_msp.o
        76         14          0          0          0        714   stm32g0xx_hal_pwr_ex.o
      1548         94          0          0          0      20774   stm32g0xx_hal_rcc.o
       352         14          0          0          0       1588   stm32g0xx_hal_rcc_ex.o
      1066          8          0          0          0       5770   stm32g0xx_hal_spi.o
      2750        236          0          0          0      17825   stm32g0xx_hal_tim.o
       178          4          0          0          0       2840   stm32g0xx_hal_tim_ex.o
       156         26          0          0         76     437332   stm32g0xx_hal_timebase_tim.o
      3638        106         24          0          0      42100   stm32g0xx_hal_uart.o
       276          6         16          0          0       4946   stm32g0xx_hal_uart_ex.o
       274         66          0          0        200       5856   stm32g0xx_it.o
         0          0          0          0          0       9520   stream_buffer.o
         2          0         96          4          0       1035   system_stm32g0xx.o
      1968        176          0         60       1220      25273   tasks.o
       516         56          0          0        244       2980   tim.o
       896         78          0         20        280      13767   timers.o
       252         32          0          4          0       1643   tmc5130.o
        62          6          0          6          0       1937   tmp114.o
        88         14          0          0        576       1832   ucs1903.o
       340         36          0          0        240       2249   usart.o

    ----------------------------------------------------------------------
     26730       1622        564        172       9784    1258180   Object Totals
         0          0         32          0          0          0   (incl. Generated)
        56          0          2          1          0          0   (incl. Padding)

    ----------------------------------------------------------------------

      Code (inc. data)   RO Data    RW Data    ZI Data      Debug   Library Member Name

         0          0          0          0          0          0   entry.o
         0          0          0          0          0          0   entry10a.o
         0          0          0          0          0          0   entry11a.o
         4          0          0          0          0          0   entry12b.o
         8          4          0          0          0          0   entry2.o
         4          0          0          0          0          0   entry5.o
         0          0          0          0          0          0   entry7b.o
         0          0          0          0          0          0   entry8b.o
         8          4          0          0          0          0   entry9a.o
        30          0          0          0          0          0   handlers.o
        36          8          0          0          0         68   init.o
         0          0          0          0          0          0   iusefp.o
        32          0          0          0          0         68   llshl.o
        34          0          0          0          0         68   llushr.o
        36          0          0          0          0         60   memcpya.o
        36          0          0          0          0        100   memseta.o
      1250         58          0          0          0        476   printf8.o
         0          0          0          4          0          0   stdout.o
        44          0          0          0          0         72   uidiv.o
        96          0          0          0          0         84   uldiv.o
        20          0          0          0          0         68   cfrcmple.o
        56          0          0          0          0         68   d2f.o
       236          0          0          0          0        216   depilogue.o
        40          6          0          0          0         68   dflti.o
        44          0          0          0          0         72   dscalb.o
       178          0          0          0          0        108   fadd.o
       130          0          0          0          0        144   fepilogue.o
        40          0          0          0          0         60   ffixui.o
       122          0          0          0          0         72   fmul.o

    ----------------------------------------------------------------------
      2490         80          0          4          0       1872   Library Totals
         6          0          0          0          0          0   (incl. Padding)

    ----------------------------------------------------------------------

      Code (inc. data)   RO Data    RW Data    ZI Data      Debug   Library Name

      1618         74          0          4          0        996   mc_p.l
       866          6          0          0          0        876   mf_p.l

    ----------------------------------------------------------------------
      2490         80          0          4          0       1872   Library Totals

    ----------------------------------------------------------------------

==============================================================================


      Code (inc. data)   RO Data    RW Data    ZI Data      Debug   

     29220       1702        564        176       9784    1247560   Grand Totals
     29220       1702        564        176       9784    1247560   ELF Image Totals
     29220       1702        564        176          0          0   ROM Totals

==============================================================================

    Total RO  Size (Code + RO Data)                29784 (  29.09kB)
    Total RW  Size (RW Data + ZI Data)              9960 (   9.73kB)
    Total ROM Size (Code + RO Data + RW Data)      29960 (  29.26kB)

==============================================================================

